<html>
<body>
<pre>
<h1>µVision Build Log</h1>
<h2>Tool Versions:</h2>
IDE-Version: ¦ÌVision V5.24.2.0
Copyright (C) 2017 ARM Ltd and ARM Germany GmbH. All rights reserved.
License Information: c seachars, Microsoft, LIC=EXJJJ-U3RQT-J6EQ9-4SYW6-H6EJ9-WZQGM
 
Tool Versions:
Toolchain:       MDK-ARM Plus  Version: 5.24.1
Toolchain Path:  D:\0-winInatall\Keil_v5\ARM\ARMCC\Bin
C Compiler:      Armcc.exe V5.06 update 5 (build 528)
Assembler:       Armasm.exe V5.06 update 5 (build 528)
Linker/Locator:  ArmLink.exe V5.06 update 5 (build 528)
Library Manager: ArmAr.exe V5.06 update 5 (build 528)
Hex Converter:   FromElf.exe V5.06 update 5 (build 528)
CPU DLL:         SARMCM3.DLL V5.24.1
Dialog DLL:      DCM.DLL V1.16.0.0
Target DLL:      STLink\ST-LINKIII-KEIL_SWO.dll V3.0.1.0
Dialog DLL:      TCM.DLL V1.32.0.0
 
<h2>Project:</h2>
D:\2-work\10-redrad\proj\csj\smartgit\120_90_746_2.0_csj\Projects\MDK-ARM\Project.uvprojx
Project File Date:  04/27/2019

<h2>Output:</h2>
*** Using Compiler 'V5.06 update 5 (build 528)', folder: 'D:\0-winInatall\Keil_v5\ARM\ARMCC\Bin'
Build target 'STM32_12090'
compiling cLCD.c...
..\Src\GdApp\src\cLCD.c(376): warning:  #9-D: nested comment is not allowed
  					//*p=x;
..\Src\GdApp\src\cLCD.c(382): warning:  #9-D: nested comment is not allowed
  					//*p=y;
..\Src\GdApp\src\cLCD.c(394): warning:  #9-D: nested comment is not allowed
  			//*p=color;
..\Src\GdApp\src\cLCD.c(339): warning:  #177-D: variable "y"  was declared but never referenced
  	int y,x;
..\Src\GdApp\src\cLCD.c(339): warning:  #177-D: variable "x"  was declared but never referenced
  	int y,x;
..\Src\GdApp\src\cLCD.c(340): warning:  #177-D: variable "color"  was declared but never referenced
  	uint16_t  color;
..\Src\GdApp\src\cLCD.c(341): warning:  #177-D: variable "r"  was declared but never referenced
  	uint32_t r=0,g=0,b=0;
..\Src\GdApp\src\cLCD.c(341): warning:  #177-D: variable "g"  was declared but never referenced
  	uint32_t r=0,g=0,b=0;
..\Src\GdApp\src\cLCD.c(341): warning:  #177-D: variable "b"  was declared but never referenced
  	uint32_t r=0,g=0,b=0;
..\Src\GdApp\src\cLCD.c(343): warning:  #550-D: variable "speed"  was set but never used
  	int speed;
..\Src\GdApp\src\cLCD.c(9): warning:  #177-D: function "_delay1ms_"  was declared but never referenced
  static void _delay1ms_(__IO uint32_t nCount)
..\Src\GdApp\src\cLCD.c: 11 warnings, 0 errors
linking...
Program Size: Code=48216 RO-data=556 RW-data=612 ZI-data=254380  
FromELF: creating hex file...
".\STM32_12090\STM32_12090.axf" - 0 Error(s), 11 Warning(s).

<h2>Software Packages used:</h2>

Package Vendor: ARM
                http://www.keil.com/pack/ARM.CMSIS.5.2.0.pack
                ARM.CMSIS.5.2.0
                CMSIS (Cortex Microcontroller Software Interface Standard)
   * Component: CORE Version: 5.0.2

Package Vendor: Keil
                http://www.keil.com/pack/Keil.STM32F7xx_DFP.2.11.0.pack
                Keil.STM32F7xx_DFP.2.11.0
                STMicroelectronics STM32F7 Series Device Support, Drivers and Examples

<h2>Collection of Component include folders:</h2>
  .\RTE\_STM32_12090
  D:\0-winInatall\Keil_v5\ARM\PACK\ARM\CMSIS\5.2.0\CMSIS\Include
  D:\0-winInatall\Keil_v5\ARM\PACK\Keil\STM32F7xx_DFP\2.11.0\Drivers\CMSIS\Device\ST\STM32F7xx\Include

<h2>Collection of Component Files used:</h2>

   * Component: ARM::CMSIS:CORE:5.0.2
Build Time Elapsed:  00:00:06
</pre>
</body>
</html>
