Component: ARM Compiler 5.06 update 5 (build 528) Tool: armlink [4d35e2]

==============================================================================

Section Cross References

    stm32f7xx_hal.o(i.HAL_DeInit) refers to stm32f7xx_hal.o(i.HAL_MspDeInit) for HAL_MspDeInit
    stm32f7xx_hal.o(i.HAL_Delay) refers to stm32f7xx_hal.o(i.HAL_GetTick) for HAL_GetTick
    stm32f7xx_hal.o(i.HAL_GetTick) refers to stm32f7xx_hal.o(.data) for uwTick
    stm32f7xx_hal.o(i.HAL_IncTick) refers to stm32f7xx_hal.o(.data) for uwTick
    stm32f7xx_hal.o(i.HAL_Init) refers to stm32f7xx_hal_cortex.o(i.HAL_NVIC_SetPriorityGrouping) for HAL_NVIC_SetPriorityGrouping
    stm32f7xx_hal.o(i.HAL_Init) refers to stm32f7xx_hal.o(i.HAL_InitTick) for HAL_InitTick
    stm32f7xx_hal.o(i.HAL_Init) refers to stm32f7xx_hal_msp.o(i.HAL_MspInit) for HAL_MspInit
    stm32f7xx_hal.o(i.HAL_InitTick) refers to stm32f7xx_hal_cortex.o(i.HAL_SYSTICK_Config) for HAL_SYSTICK_Config
    stm32f7xx_hal.o(i.HAL_InitTick) refers to stm32f7xx_hal_cortex.o(i.HAL_NVIC_SetPriority) for HAL_NVIC_SetPriority
    stm32f7xx_hal.o(i.HAL_InitTick) refers to system_stm32f7xx.o(.data) for SystemCoreClock
    stm32f7xx_hal_adc.o(i.ADC_DMAConvCplt) refers to stm32f7xx_hal_adc.o(i.HAL_ADC_ConvCpltCallback) for HAL_ADC_ConvCpltCallback
    stm32f7xx_hal_adc.o(i.ADC_DMAError) refers to stm32f7xx_hal_adc.o(i.HAL_ADC_ErrorCallback) for HAL_ADC_ErrorCallback
    stm32f7xx_hal_adc.o(i.ADC_DMAHalfConvCplt) refers to stm32f7xx_hal_adc.o(i.HAL_ADC_ConvHalfCpltCallback) for HAL_ADC_ConvHalfCpltCallback
    stm32f7xx_hal_adc.o(i.HAL_ADC_ConfigChannel) refers to system_stm32f7xx.o(.data) for SystemCoreClock
    stm32f7xx_hal_adc.o(i.HAL_ADC_DeInit) refers to stm32f7xx_hal_adc.o(i.HAL_ADC_MspDeInit) for HAL_ADC_MspDeInit
    stm32f7xx_hal_adc.o(i.HAL_ADC_IRQHandler) refers to stm32f7xx_hal_adc.o(i.HAL_ADC_ConvCpltCallback) for HAL_ADC_ConvCpltCallback
    stm32f7xx_hal_adc.o(i.HAL_ADC_IRQHandler) refers to stm32f7xx_hal_adc_ex.o(i.HAL_ADCEx_InjectedConvCpltCallback) for HAL_ADCEx_InjectedConvCpltCallback
    stm32f7xx_hal_adc.o(i.HAL_ADC_IRQHandler) refers to stm32f7xx_hal_adc.o(i.HAL_ADC_LevelOutOfWindowCallback) for HAL_ADC_LevelOutOfWindowCallback
    stm32f7xx_hal_adc.o(i.HAL_ADC_IRQHandler) refers to stm32f7xx_hal_adc.o(i.HAL_ADC_ErrorCallback) for HAL_ADC_ErrorCallback
    stm32f7xx_hal_adc.o(i.HAL_ADC_Init) refers to stm32f7xx_hal_adc.o(i.HAL_ADC_MspInit) for HAL_ADC_MspInit
    stm32f7xx_hal_adc.o(i.HAL_ADC_Init) refers to stm32f7xx_hal_adc.o(i.ADC_Init) for ADC_Init
    stm32f7xx_hal_adc.o(i.HAL_ADC_PollForConversion) refers to stm32f7xx_hal.o(i.HAL_GetTick) for HAL_GetTick
    stm32f7xx_hal_adc.o(i.HAL_ADC_PollForEvent) refers to stm32f7xx_hal.o(i.HAL_GetTick) for HAL_GetTick
    stm32f7xx_hal_adc.o(i.HAL_ADC_Start) refers to system_stm32f7xx.o(.data) for SystemCoreClock
    stm32f7xx_hal_adc.o(i.HAL_ADC_Start_DMA) refers to stm32f7xx_hal_dma.o(i.HAL_DMA_Start_IT) for HAL_DMA_Start_IT
    stm32f7xx_hal_adc.o(i.HAL_ADC_Start_DMA) refers to system_stm32f7xx.o(.data) for SystemCoreClock
    stm32f7xx_hal_adc.o(i.HAL_ADC_Start_DMA) refers to stm32f7xx_hal_adc.o(i.ADC_DMAConvCplt) for ADC_DMAConvCplt
    stm32f7xx_hal_adc.o(i.HAL_ADC_Start_DMA) refers to stm32f7xx_hal_adc.o(i.ADC_DMAHalfConvCplt) for ADC_DMAHalfConvCplt
    stm32f7xx_hal_adc.o(i.HAL_ADC_Start_DMA) refers to stm32f7xx_hal_adc.o(i.ADC_DMAError) for ADC_DMAError
    stm32f7xx_hal_adc.o(i.HAL_ADC_Start_IT) refers to system_stm32f7xx.o(.data) for SystemCoreClock
    stm32f7xx_hal_adc.o(i.HAL_ADC_Stop_DMA) refers to stm32f7xx_hal_dma.o(i.HAL_DMA_Abort) for HAL_DMA_Abort
    stm32f7xx_hal_adc_ex.o(i.ADC_MultiModeDMAConvCplt) refers to stm32f7xx_hal_adc.o(i.HAL_ADC_ConvCpltCallback) for HAL_ADC_ConvCpltCallback
    stm32f7xx_hal_adc_ex.o(i.ADC_MultiModeDMAError) refers to stm32f7xx_hal_adc.o(i.HAL_ADC_ErrorCallback) for HAL_ADC_ErrorCallback
    stm32f7xx_hal_adc_ex.o(i.ADC_MultiModeDMAHalfConvCplt) refers to stm32f7xx_hal_adc.o(i.HAL_ADC_ConvHalfCpltCallback) for HAL_ADC_ConvHalfCpltCallback
    stm32f7xx_hal_adc_ex.o(i.HAL_ADCEx_InjectedPollForConversion) refers to stm32f7xx_hal.o(i.HAL_GetTick) for HAL_GetTick
    stm32f7xx_hal_adc_ex.o(i.HAL_ADCEx_InjectedStart) refers to system_stm32f7xx.o(.data) for SystemCoreClock
    stm32f7xx_hal_adc_ex.o(i.HAL_ADCEx_InjectedStart_IT) refers to system_stm32f7xx.o(.data) for SystemCoreClock
    stm32f7xx_hal_adc_ex.o(i.HAL_ADCEx_MultiModeStart_DMA) refers to stm32f7xx_hal_dma.o(i.HAL_DMA_Start_IT) for HAL_DMA_Start_IT
    stm32f7xx_hal_adc_ex.o(i.HAL_ADCEx_MultiModeStart_DMA) refers to system_stm32f7xx.o(.data) for SystemCoreClock
    stm32f7xx_hal_adc_ex.o(i.HAL_ADCEx_MultiModeStart_DMA) refers to stm32f7xx_hal_adc_ex.o(i.ADC_MultiModeDMAConvCplt) for ADC_MultiModeDMAConvCplt
    stm32f7xx_hal_adc_ex.o(i.HAL_ADCEx_MultiModeStart_DMA) refers to stm32f7xx_hal_adc_ex.o(i.ADC_MultiModeDMAHalfConvCplt) for ADC_MultiModeDMAHalfConvCplt
[...]
    BSP_CAMERA_Stop                          0x08008c75   Thumb Code    18  camera.o(i.BSP_CAMERA_Stop)
    BSP_CAMERA_VsyncEventCallback            0x08008c8d   Thumb Code     2  camera.o(i.BSP_CAMERA_VsyncEventCallback)
    BaseUpdate                               0x08008c91   Thumb Code   116  sensor.o(i.BaseUpdate)
    BaseUpdateCapture                        0x08008d1d   Thumb Code    50  sensor.o(i.BaseUpdateCapture)
    BaseUpdateInit                           0x08008d59   Thumb Code    22  sensor.o(i.BaseUpdateInit)
    Board_Init                               0x08008d79   Thumb Code   126  hw_init.o(i.Board_Init)
    BusFault_Handler                         0x08008dfd   Thumb Code     4  stm32f7xx_it.o(i.BusFault_Handler)
    CalNUCFast                               0x08008f15   Thumb Code   220  sensor.o(i.CalNUCFast)
    Cal_AGV                                  0x08008ffd   Thumb Code   174  sensor.o(i.Cal_AGV)
    Cal_GFID                                 0x080090ad   Thumb Code   184  sensor.o(i.Cal_GFID)
    Cal_NUC                                  0x08009175   Thumb Code    62  sensor.o(i.Cal_NUC)
    Cal_RES_SEL                              0x080091b9   Thumb Code   176  sensor.o(i.Cal_RES_SEL)
    DCMI_IRQHandler                          0x08009415   Thumb Code    10  stm32f7xx_it.o(i.DCMI_IRQHandler)
    DMA2D_IRQHandler                         0x08009425   Thumb Code     2  stm32f7xx_it.o(i.DMA2D_IRQHandler)
    DMA2_Stream1_IRQHandler                  0x08009429   Thumb Code    12  stm32f7xx_it.o(i.DMA2_Stream1_IRQHandler)
    DMA2_Stream7_IRQHandler                  0x08009439   Thumb Code    12  stm32f7xx_it.o(i.DMA2_Stream7_IRQHandler)
    DMA_Copy                                 0x08009529   Thumb Code    94  hw_init.o(i.DMA_Copy)
    Deal_Uart                                0x080095d9   Thumb Code   114  gd_app.o(i.Deal_Uart)
    DebugMon_Handler                         0x08009651   Thumb Code     2  stm32f7xx_it.o(i.DebugMon_Handler)
    FLASH_Erase_Sector                       0x08009655   Thumb Code   114  stm32f7xx_hal_flash_ex.o(i.FLASH_Erase_Sector)
    FLASH_WaitForLastOperation               0x0800982d   Thumb Code    90  stm32f7xx_hal_flash.o(i.FLASH_WaitForLastOperation)
    FMC_NORSRAM_Extended_Timing_Init         0x08009891   Thumb Code    66  stm32f7xx_ll_fmc.o(i.FMC_NORSRAM_Extended_Timing_Init)
    FMC_NORSRAM_Init                         0x080098d9   Thumb Code   124  stm32f7xx_ll_fmc.o(i.FMC_NORSRAM_Init)
    FMC_NORSRAM_Timing_Init                  0x08009959   Thumb Code    94  stm32f7xx_ll_fmc.o(i.FMC_NORSRAM_Timing_Init)
    FlashSPIInit                             0x080099b9   Thumb Code    58  hw_init.o(i.FlashSPIInit)
    HAL_DCMI_ErrorCallback                   0x08009a31   Thumb Code    10  camera.o(i.HAL_DCMI_ErrorCallback)
    HAL_DCMI_FrameEventCallback              0x08009a3b   Thumb Code    10  camera.o(i.HAL_DCMI_FrameEventCallback)
    HAL_DCMI_IRQHandler                      0x08009a45   Thumb Code   176  stm32f7xx_hal_dcmi.o(i.HAL_DCMI_IRQHandler)
    HAL_DCMI_Init                            0x08009af9   Thumb Code   184  stm32f7xx_hal_dcmi.o(i.HAL_DCMI_Init)
    HAL_DCMI_LineEventCallback               0x08009bb5   Thumb Code    10  camera.o(i.HAL_DCMI_LineEventCallback)
    HAL_DCMI_MspInit                         0x08009bbf   Thumb Code     2  stm32f7xx_hal_dcmi.o(i.HAL_DCMI_MspInit)
    HAL_DCMI_Start_DMA                       0x08009bc1   Thumb Code   226  stm32f7xx_hal_dcmi.o(i.HAL_DCMI_Start_DMA)
    HAL_DCMI_Stop                            0x08009cad   Thumb Code   142  stm32f7xx_hal_dcmi.o(i.HAL_DCMI_Stop)
    HAL_DCMI_VsyncEventCallback              0x08009d41   Thumb Code    10  camera.o(i.HAL_DCMI_VsyncEventCallback)
    HAL_DMAEx_ChangeMemory                   0x08009d4b   Thumb Code    18  stm32f7xx_hal_dma_ex.o(i.HAL_DMAEx_ChangeMemory)
    HAL_DMAEx_MultiBufferStart_IT            0x08009d5d   Thumb Code  4032  stm32f7xx_hal_dma_ex.o(i.HAL_DMAEx_MultiBufferStart_IT)
    HAL_DMA_Abort                            0x0800ad29   Thumb Code   170  stm32f7xx_hal_dma.o(i.HAL_DMA_Abort)
    HAL_DMA_Abort_IT                         0x0800add3   Thumb Code    40  stm32f7xx_hal_dma.o(i.HAL_DMA_Abort_IT)
    HAL_DMA_IRQHandler                       0x0800adfd   Thumb Code   574  stm32f7xx_hal_dma.o(i.HAL_DMA_IRQHandler)
    HAL_DMA_Init                             0x0800b045   Thumb Code   232  stm32f7xx_hal_dma.o(i.HAL_DMA_Init)
    HAL_DMA_PollForTransfer                  0x0800b131   Thumb Code   350  stm32f7xx_hal_dma.o(i.HAL_DMA_PollForTransfer)
    HAL_DMA_Start                            0x0800b295   Thumb Code   102  stm32f7xx_hal_dma.o(i.HAL_DMA_Start)
    HAL_DMA_Start_IT                         0x0800b2fb   Thumb Code   158  stm32f7xx_hal_dma.o(i.HAL_DMA_Start_IT)
    HAL_Delay                                0x0800b399   Thumb Code    26  stm32f7xx_hal.o(i.HAL_Delay)
    HAL_FLASH_Lock                           0x0800b3b5   Thumb Code    16  stm32f7xx_hal_flash.o(i.HAL_FLASH_Lock)
    HAL_FLASH_OB_Lock                        0x0800b3c9   Thumb Code    16  stm32f7xx_hal_flash.o(i.HAL_FLASH_OB_Lock)
    HAL_FLASH_OB_Unlock                      0x0800b3dd   Thumb Code    32  stm32f7xx_hal_flash.o(i.HAL_FLASH_OB_Unlock)
    HAL_FLASH_Program                        0x0800b409   Thumb Code   154  stm32f7xx_hal_flash.o(i.HAL_FLASH_Program)
    HAL_FLASH_Unlock                         0x0800b4ad   Thumb Code    32  stm32f7xx_hal_flash.o(i.HAL_FLASH_Unlock)
    HAL_GPIO_Init                            0x0800b5a5   Thumb Code   484  stm32f7xx_hal_gpio.o(i.HAL_GPIO_Init)
    HAL_GPIO_TogglePin                       0x0800b7bd   Thumb Code     8  stm32f7xx_hal_gpio.o(i.HAL_GPIO_TogglePin)
    HAL_GPIO_WritePin                        0x0800b7c5   Thumb Code    12  stm32f7xx_hal_gpio.o(i.HAL_GPIO_WritePin)
    HAL_GetTick                              0x0800b7d1   Thumb Code     6  stm32f7xx_hal.o(i.HAL_GetTick)
    HAL_I2C_DeInit                           0x0800b7dd   Thumb Code    60  stm32f7xx_hal_i2c.o(i.HAL_I2C_DeInit)
    HAL_I2C_GetState                         0x0800b819   Thumb Code     8  stm32f7xx_hal_i2c.o(i.HAL_I2C_GetState)
    HAL_I2C_Init                             0x0800b821   Thumb Code   192  stm32f7xx_hal_i2c.o(i.HAL_I2C_Init)
    HAL_I2C_Mem_Read                         0x0800b8e5   Thumb Code   438  stm32f7xx_hal_i2c.o(i.HAL_I2C_Mem_Read)
    HAL_I2C_Mem_Write                        0x0800baa1   Thumb Code   436  stm32f7xx_hal_i2c.o(i.HAL_I2C_Mem_Write)
    HAL_I2C_MspDeInit                        0x0800bc59   Thumb Code     2  stm32f7xx_hal_i2c.o(i.HAL_I2C_MspDeInit)
    HAL_I2C_MspInit                          0x0800bc5b   Thumb Code     2  stm32f7xx_hal_i2c.o(i.HAL_I2C_MspInit)
    HAL_IncTick                              0x0800bc5d   Thumb Code    12  stm32f7xx_hal.o(i.HAL_IncTick)
    HAL_Init                                 0x0800bc6d   Thumb Code    34  stm32f7xx_hal.o(i.HAL_Init)
    HAL_InitTick                             0x0800bc95   Thumb Code    36  stm32f7xx_hal.o(i.HAL_InitTick)
    HAL_MPU_ConfigRegion                     0x0800bcbd   Thumb Code    88  stm32f7xx_hal_cortex.o(i.HAL_MPU_ConfigRegion)
    HAL_MPU_Disable                          0x0800bd19   Thumb Code    38  stm32f7xx_hal_cortex.o(i.HAL_MPU_Disable)
    HAL_MPU_Enable                           0x0800bd45   Thumb Code    58  stm32f7xx_hal_cortex.o(i.HAL_MPU_Enable)
    HAL_MspInit                              0x0800bd85   Thumb Code    86  stm32f7xx_hal_msp.o(i.HAL_MspInit)
    HAL_NVIC_EnableIRQ                       0x0800bddb   Thumb Code    26  stm32f7xx_hal_cortex.o(i.HAL_NVIC_EnableIRQ)
    HAL_NVIC_SetPriority                     0x0800bdf5   Thumb Code   124  stm32f7xx_hal_cortex.o(i.HAL_NVIC_SetPriority)
    HAL_NVIC_SetPriorityGrouping             0x0800be71   Thumb Code    32  stm32f7xx_hal_cortex.o(i.HAL_NVIC_SetPriorityGrouping)
    HAL_NVIC_SystemReset                     0x0800be99   Thumb Code    60  stm32f7xx_hal_cortex.o(i.HAL_NVIC_SystemReset)
    HAL_PCDEx_ActivateLPM                    0x0800bedd   Thumb Code    36  stm32f7xx_hal_pcd_ex.o(i.HAL_PCDEx_ActivateLPM)
    HAL_PCDEx_LPM_Callback                   0x0800bf05   Thumb Code     2  stm32f7xx_hal_pcd_ex.o(i.HAL_PCDEx_LPM_Callback)
    HAL_PCDEx_SetRxFiFo                      0x0800bf07   Thumb Code    10  stm32f7xx_hal_pcd_ex.o(i.HAL_PCDEx_SetRxFiFo)
    HAL_PCDEx_SetTxFiFo                      0x0800bf11   Thumb Code    82  stm32f7xx_hal_pcd_ex.o(i.HAL_PCDEx_SetTxFiFo)
    HAL_PCD_ConnectCallback                  0x0800bf63   Thumb Code    14  usbd_conf.o(i.HAL_PCD_ConnectCallback)
    HAL_PCD_DataInStageCallback              0x0800bf71   Thumb Code    32  usbd_conf.o(i.HAL_PCD_DataInStageCallback)
    HAL_PCD_DataOutStageCallback             0x0800bf91   Thumb Code    32  usbd_conf.o(i.HAL_PCD_DataOutStageCallback)
    HAL_PCD_DisconnectCallback               0x0800bfb1   Thumb Code    14  usbd_conf.o(i.HAL_PCD_DisconnectCallback)
    HAL_PCD_EP_Close                         0x0800bfbf   Thumb Code   106  stm32f7xx_hal_pcd.o(i.HAL_PCD_EP_Close)
    HAL_PCD_EP_ClrStall                      0x0800c029   Thumb Code   104  stm32f7xx_hal_pcd.o(i.HAL_PCD_EP_ClrStall)
    HAL_PCD_EP_GetRxCount                    0x0800c091   Thumb Code    24  stm32f7xx_hal_pcd.o(i.HAL_PCD_EP_GetRxCount)
    HAL_PCD_EP_Open                          0x0800c0a9   Thumb Code   140  stm32f7xx_hal_pcd.o(i.HAL_PCD_EP_Open)
    HAL_PCD_EP_Receive                       0x0800c135   Thumb Code    88  stm32f7xx_hal_pcd.o(i.HAL_PCD_EP_Receive)
    HAL_PCD_EP_SetStall                      0x0800c18d   Thumb Code   122  stm32f7xx_hal_pcd.o(i.HAL_PCD_EP_SetStall)
    HAL_PCD_EP_Transmit                      0x0800c207   Thumb Code    90  stm32f7xx_hal_pcd.o(i.HAL_PCD_EP_Transmit)
    HAL_PCD_IRQHandler                       0x0800c261   Thumb Code  1716  stm32f7xx_hal_pcd.o(i.HAL_PCD_IRQHandler)
    HAL_PCD_ISOINIncompleteCallback          0x0800c93d   Thumb Code    18  usbd_conf.o(i.HAL_PCD_ISOINIncompleteCallback)
    HAL_PCD_ISOOUTIncompleteCallback         0x0800c94f   Thumb Code    18  usbd_conf.o(i.HAL_PCD_ISOOUTIncompleteCallback)
    HAL_PCD_Init                             0x0800c961   Thumb Code   334  stm32f7xx_hal_pcd.o(i.HAL_PCD_Init)
    HAL_PCD_MspInit                          0x0800cab1   Thumb Code   574  usbd_conf.o(i.HAL_PCD_MspInit)
    HAL_PCD_ResetCallback                    0x0800cd0d   Thumb Code    50  usbd_conf.o(i.HAL_PCD_ResetCallback)
    HAL_PCD_ResumeCallback                   0x0800cd3f   Thumb Code    14  usbd_conf.o(i.HAL_PCD_ResumeCallback)
    HAL_PCD_SOFCallback                      0x0800cd4d   Thumb Code    14  usbd_conf.o(i.HAL_PCD_SOFCallback)
    HAL_PCD_SetAddress                       0x0800cd5b   Thumb Code    50  stm32f7xx_hal_pcd.o(i.HAL_PCD_SetAddress)
    HAL_PCD_SetupStageCallback               0x0800cd8d   Thumb Code    18  usbd_conf.o(i.HAL_PCD_SetupStageCallback)
    HAL_PCD_Start                            0x0800cd9f   Thumb Code    52  stm32f7xx_hal_pcd.o(i.HAL_PCD_Start)
    HAL_PCD_SuspendCallback                  0x0800cdd3   Thumb Code    14  usbd_conf.o(i.HAL_PCD_SuspendCallback)
    HAL_PWREx_EnableOverDrive                0x0800cde1   Thumb Code   136  stm32f7xx_hal_pwr_ex.o(i.HAL_PWREx_EnableOverDrive)
    HAL_RCCEx_PeriphCLKConfig                0x0800ce71   Thumb Code  2322  stm32f7xx_hal_rcc_ex.o(i.HAL_RCCEx_PeriphCLKConfig)
    HAL_RCC_ClockConfig                      0x0800d789   Thumb Code   420  stm32f7xx_hal_rcc.o(i.HAL_RCC_ClockConfig)
    HAL_RCC_GetHCLKFreq                      0x0800d93d   Thumb Code     6  stm32f7xx_hal_rcc.o(i.HAL_RCC_GetHCLKFreq)
    HAL_RCC_GetSysClockFreq                  0x0800d949   Thumb Code   168  stm32f7xx_hal_rcc.o(i.HAL_RCC_GetSysClockFreq)
    HAL_RCC_MCOConfig                        0x0800d9f9   Thumb Code   170  stm32f7xx_hal_rcc.o(i.HAL_RCC_MCOConfig)
    HAL_RCC_OscConfig                        0x0800dab1   Thumb Code  1252  stm32f7xx_hal_rcc.o(i.HAL_RCC_OscConfig)
    HAL_SPI_Init                             0x0800df99   Thumb Code   242  stm32f7xx_hal_spi.o(i.HAL_SPI_Init)
    HAL_SPI_MspInit                          0x0800e08d   Thumb Code   170  hw_init.o(i.HAL_SPI_MspInit)
    HAL_SPI_Receive                          0x0800e14d   Thumb Code   656  stm32f7xx_hal_spi.o(i.HAL_SPI_Receive)
    HAL_SPI_TransmitReceive                  0x0800e3dd   Thumb Code   936  stm32f7xx_hal_spi.o(i.HAL_SPI_TransmitReceive)
    HAL_SRAM_Init                            0x0800e785   Thumb Code    88  stm32f7xx_hal_sram.o(i.HAL_SRAM_Init)
    HAL_SRAM_MspInit                         0x0800e7dd   Thumb Code    10  stm32f7xx_hal_msp.o(i.HAL_SRAM_MspInit)
    HAL_SYSTICK_Config                       0x0800e7e7   Thumb Code    52  stm32f7xx_hal_cortex.o(i.HAL_SYSTICK_Config)
    HAL_TIMEx_BreakCallback                  0x0800e81b   Thumb Code     2  stm32f7xx_hal_tim_ex.o(i.HAL_TIMEx_BreakCallback)
    HAL_TIMEx_CommutationCallback            0x0800e81d   Thumb Code     2  stm32f7xx_hal_tim_ex.o(i.HAL_TIMEx_CommutationCallback)
    HAL_TIM_Base_Init                        0x0800e81f   Thumb Code    52  stm32f7xx_hal_tim.o(i.HAL_TIM_Base_Init)
    HAL_TIM_Base_MspInit                     0x0800e855   Thumb Code    50  hw_init.o(i.HAL_TIM_Base_MspInit)
    HAL_TIM_Base_Start_IT                    0x0800e88d   Thumb Code    30  stm32f7xx_hal_tim.o(i.HAL_TIM_Base_Start_IT)
    HAL_TIM_IC_CaptureCallback               0x0800e8ab   Thumb Code     2  stm32f7xx_hal_tim.o(i.HAL_TIM_IC_CaptureCallback)
    HAL_TIM_IRQHandler                       0x0800e8ad   Thumb Code   440  stm32f7xx_hal_tim.o(i.HAL_TIM_IRQHandler)
    HAL_TIM_OC_DelayElapsedCallback          0x0800ea65   Thumb Code     2  stm32f7xx_hal_tim.o(i.HAL_TIM_OC_DelayElapsedCallback)
    HAL_TIM_PWM_PulseFinishedCallback        0x0800ea67   Thumb Code     2  stm32f7xx_hal_tim.o(i.HAL_TIM_PWM_PulseFinishedCallback)
    HAL_TIM_PeriodElapsedCallback            0x0800ea69   Thumb Code   104  usbd_cdc_interface.o(i.HAL_TIM_PeriodElapsedCallback)
    HAL_TIM_TriggerCallback                  0x0800eae1   Thumb Code     2  stm32f7xx_hal_tim.o(i.HAL_TIM_TriggerCallback)
    HAL_UART_ErrorCallback                   0x0800eae3   Thumb Code    10  usbd_cdc_interface.o(i.HAL_UART_ErrorCallback)
    HAL_UART_IRQHandler                      0x0800eaed   Thumb Code   348  stm32f7xx_hal_uart.o(i.HAL_UART_IRQHandler)
    HAL_UART_RxCpltCallback                  0x0800ec4d   Thumb Code    30  usbd_cdc_interface.o(i.HAL_UART_RxCpltCallback)
    HAL_UART_TxCpltCallback                  0x0800ec71   Thumb Code     2  usbd_cdc_interface.o(i.HAL_UART_TxCpltCallback)
    HardFault_Handler                        0x0800ec73   Thumb Code     4  stm32f7xx_it.o(i.HardFault_Handler)
    I2C1_GPIO_Init                           0x0800ec79   Thumb Code    66  hw_init.o(i.I2C1_GPIO_Init)
    I2C2_GPIO_Init                           0x0800ecc5   Thumb Code    64  hw_init.o(i.I2C2_GPIO_Init)
    I2C3_GPIO_Init                           0x0800ed0d   Thumb Code    66  hw_init.o(i.I2C3_GPIO_Init)
    I2C_Init                                 0x0800ed81   Thumb Code   324  hw_init.o(i.I2C_Init)
    I2C_Read                                 0x0800ef71   Thumb Code   118  i2c.o(i.I2C_Read)
    I2C_Write                                0x0800f23d   Thumb Code   122  i2c.o(i.I2C_Write)
    INT_Configuration                        0x0800f3cd   Thumb Code   278  hw_init.o(i.INT_Configuration)
    LCD_Init                                 0x0800f52b   Thumb Code   410  clcd.o(i.LCD_Init)
    LCD_Mode                                 0x0800f6c5   Thumb Code    96  clcd.o(i.LCD_Mode)
    LCD_write_command                        0x0800f725   Thumb Code    20  clcd.o(i.LCD_write_command)
    LCD_write_data                           0x0800f739   Thumb Code    20  clcd.o(i.LCD_write_data)
    LenNTCRead                               0x0800f74d   Thumb Code   246  ads1115.o(i.LenNTCRead)
    MPU_Config                               0x0800f86d   Thumb Code    76  hw_init.o(i.MPU_Config)
    MemManage_Handler                        0x0800f94d   Thumb Code     4  stm32f7xx_it.o(i.MemManage_Handler)
    MemoryAlloc                              0x0800f951   Thumb Code   124  sensor.o(i.MemoryAlloc)
    NMI_Handler                              0x0800f9dd   Thumb Code     2  stm32f7xx_it.o(i.NMI_Handler)
    NUC_All_Set                              0x0800f9e1   Thumb Code    20  sensor.o(i.NUC_All_Set)
    NUCbyTwoPoint                            0x0800f9f9   Thumb Code   136  imagecal.o(i.NUCbyTwoPoint)
    NucAuto                                  0x0800fac9   Thumb Code   512  sensor.o(i.NucAuto)
    Nuc_Adjust_Image                         0x0800fcd5   Thumb Code    66  sensor.o(i.Nuc_Adjust_Image)
    OTG_FS_IRQHandler                        0x0800fd19   Thumb Code    10  stm32f7xx_it.o(i.OTG_FS_IRQHandler)
    Other_GPIO_Init                          0x0800fd29   Thumb Code   374  hw_init.o(i.Other_GPIO_Init)
    PendSV_Handler                           0x0800ff6d   Thumb Code     2  stm32f7xx_it.o(i.PendSV_Handler)
    ProcessUart                              0x0800ff71   Thumb Code   280  uart_app.o(i.ProcessUart)
    Read_Init_Para                           0x0801008d   Thumb Code   146  gd_app.o(i.Read_Init_Para)
    Read_Parameter                           0x08010125   Thumb Code   176  gd_flash.o(i.Read_Parameter)
    SPI3_GPIO_Init                           0x080101dd   Thumb Code   114  hw_init.o(i.SPI3_GPIO_Init)
    SPI4_GPIO_Init                           0x08010259   Thumb Code   112  hw_init.o(i.SPI4_GPIO_Init)
    SPI5_GPIO_Init                           0x080102d1   Thumb Code    88  hw_init.o(i.SPI5_GPIO_Init)
    SPI6_GPIO_Init                           0x08010331   Thumb Code   118  hw_init.o(i.SPI6_GPIO_Init)
    SPI_FLASH_CS_HIGH                        0x08010499   Thumb Code    14  spi.o(i.SPI_FLASH_CS_HIGH)
    SPI_FLASH_CS_LOW                         0x080104ad   Thumb Code    14  spi.o(i.SPI_FLASH_CS_LOW)
    SPI_Read_Byte                            0x080104c1   Thumb Code    26  spi.o(i.SPI_Read_Byte)
    SPI_SendByte                             0x080104e1   Thumb Code    22  spi.o(i.SPI_SendByte)
    SVC_Handler                              0x0801064f   Thumb Code     2  stm32f7xx_it.o(i.SVC_Handler)
    SendY16                                  0x08010651   Thumb Code    18  gd_app.o(i.SendY16)
    SendY8                                   0x08010669   Thumb Code    58  gd_app.o(i.SendY8)
    Send_Process                             0x080106a9   Thumb Code    82  gd_app.o(i.Send_Process)
    SensorReadReg                            0x08010709   Thumb Code    44  sensor.o(i.SensorReadReg)
    SensorUpdate                             0x08010735   Thumb Code   132  ads1115.o(i.SensorUpdate)
    Sensor_Config                            0x080107c1   Thumb Code    34  sensor.o(i.Sensor_Config)
    Sensor_Init                              0x080107e5   Thumb Code    28  sensor_control.o(i.Sensor_Init)
    Sensor_ReConfig                          0x08010805   Thumb Code   642  sensor_control.o(i.Sensor_ReConfig)
    Sensor_Reg_Initial                       0x08010a8d   Thumb Code    40  sensor.o(i.Sensor_Reg_Initial)
    Sensor_SPI_Init                          0x08010ab5   Thumb Code    60  hw_init.o(i.Sensor_SPI_Init)
    SetNucAll                                0x08010af9   Thumb Code    40  sensor.o(i.SetNucAll)
    SetNucSingle                             0x08010b25   Thumb Code    12  sensor.o(i.SetNucSingle)
    Set_Parameter                            0x08010b31   Thumb Code   220  gd_flash.o(i.Set_Parameter)
    Set_Parameter_Default                    0x08010c15   Thumb Code   238  gd_flash.o(i.Set_Parameter_Default)
    ShutterRead                              0x08010d0d   Thumb Code   248  ads1115.o(i.ShutterRead)
    Shutter_Off                              0x08010e2d   Thumb Code    24  shutter.o(i.Shutter_Off)
    Shutter_On                               0x08010e49   Thumb Code    24  shutter.o(i.Shutter_On)
    Shutter_State                            0x08010e65   Thumb Code   654  sensor.o(i.Shutter_State)
    Shutter_Stop                             0x080110fd   Thumb Code    24  shutter.o(i.Shutter_Stop)
    SysTick_Handler                          0x08011119   Thumb Code     8  stm32f7xx_it.o(i.SysTick_Handler)
    SystemClock_Config                       0x08011121   Thumb Code   218  hw_init.o(i.SystemClock_Config)
    SystemInit                               0x08011221   Thumb Code    80  system_stm32f7xx.o(i.SystemInit)
    TIM3_IRQHandler                          0x08011285   Thumb Code    10  stm32f7xx_it.o(i.TIM3_IRQHandler)
    TIM_Base_SetConfig                       0x08011295   Thumb Code   196  stm32f7xx_hal_tim.o(i.TIM_Base_SetConfig)
    USART1_IRQHandler                        0x08011501   Thumb Code    10  stm32f7xx_it.o(i.USART1_IRQHandler)
    USBD_CDC_GetDeviceQualifierDescriptor    0x080115d1   Thumb Code    10  usbd_cdc.o(i.USBD_CDC_GetDeviceQualifierDescriptor)
    USBD_CDC_ReceivePacket                   0x080116b9   Thumb Code    90  usbd_cdc.o(i.USBD_CDC_ReceivePacket)
    USBD_CDC_RegisterInterface               0x08011719   Thumb Code    14  usbd_cdc.o(i.USBD_CDC_RegisterInterface)
    USBD_CDC_SetRxBuffer                     0x08011727   Thumb Code    14  usbd_cdc.o(i.USBD_CDC_SetRxBuffer)
    USBD_CDC_SetTxBuffer                     0x08011735   Thumb Code    20  usbd_cdc.o(i.USBD_CDC_SetTxBuffer)
    USBD_CDC_TransmitPacket                  0x080117d9   Thumb Code    56  usbd_cdc.o(i.USBD_CDC_TransmitPacket)
    USBD_ClrClassConfig                      0x08011811   Thumb Code    22  usbd_core.o(i.USBD_ClrClassConfig)
    USBD_CtlContinueRx                       0x0801186b   Thumb Code    24  usbd_ioreq.o(i.USBD_CtlContinueRx)
    USBD_CtlContinueSendData                 0x08011883   Thumb Code    24  usbd_ioreq.o(i.USBD_CtlContinueSendData)
    USBD_CtlError                            0x0801189b   Thumb Code    24  usbd_ctlreq.o(i.USBD_CtlError)
    USBD_CtlPrepareRx                        0x080118b3   Thumb Code    40  usbd_ioreq.o(i.USBD_CtlPrepareRx)
    USBD_CtlReceiveStatus                    0x080118db   Thumb Code    26  usbd_ioreq.o(i.USBD_CtlReceiveStatus)
    USBD_CtlSendData                         0x080118f5   Thumb Code    34  usbd_ioreq.o(i.USBD_CtlSendData)
    USBD_CtlSendStatus                       0x08011917   Thumb Code    26  usbd_ioreq.o(i.USBD_CtlSendStatus)
    USBD_GetString                           0x08011b21   Thumb Code    82  usbd_ctlreq.o(i.USBD_GetString)
    USBD_Init                                0x08011b73   Thumb Code    50  usbd_core.o(i.USBD_Init)
    USBD_LL_ClearStallEP                     0x08011ba5   Thumb Code    20  usbd_conf.o(i.USBD_LL_ClearStallEP)
    USBD_LL_CloseEP                          0x08011bb9   Thumb Code    20  usbd_conf.o(i.USBD_LL_CloseEP)
    USBD_LL_DataInStage                      0x08011bcd   Thumb Code   218  usbd_core.o(i.USBD_LL_DataInStage)
    USBD_LL_DataOutStage                     0x08011ca7   Thumb Code   134  usbd_core.o(i.USBD_LL_DataOutStage)
    USBD_LL_DevConnected                     0x08011d2d   Thumb Code     6  usbd_core.o(i.USBD_LL_DevConnected)
    USBD_LL_DevDisconnected                  0x08011d33   Thumb Code    26  usbd_core.o(i.USBD_LL_DevDisconnected)
    USBD_LL_GetRxDataSize                    0x08011d4d   Thumb Code    18  usbd_conf.o(i.USBD_LL_GetRxDataSize)
    USBD_LL_Init                             0x08011d61   Thumb Code    94  usbd_conf.o(i.USBD_LL_Init)
    USBD_LL_IsStallEP                        0x08011dc5   Thumb Code    56  usbd_conf.o(i.USBD_LL_IsStallEP)
    USBD_LL_IsoINIncomplete                  0x08011dfd   Thumb Code     6  usbd_core.o(i.USBD_LL_IsoINIncomplete)
    USBD_LL_IsoOUTIncomplete                 0x08011e03   Thumb Code     6  usbd_core.o(i.USBD_LL_IsoOUTIncomplete)
    USBD_LL_OpenEP                           0x08011e09   Thumb Code    32  usbd_conf.o(i.USBD_LL_OpenEP)
    USBD_LL_PrepareReceive                   0x08011e29   Thumb Code    32  usbd_conf.o(i.USBD_LL_PrepareReceive)
    USBD_LL_Reset                            0x08011e49   Thumb Code    68  usbd_core.o(i.USBD_LL_Reset)
    USBD_LL_Resume                           0x08011e8d   Thumb Code    14  usbd_core.o(i.USBD_LL_Resume)
    USBD_LL_SOF                              0x08011e9b   Thumb Code    34  usbd_core.o(i.USBD_LL_SOF)
    USBD_LL_SetSpeed                         0x08011ebd   Thumb Code     8  usbd_core.o(i.USBD_LL_SetSpeed)
    USBD_LL_SetUSBAddress                    0x08011ec5   Thumb Code    20  usbd_conf.o(i.USBD_LL_SetUSBAddress)
    USBD_LL_SetupStage                       0x08011ed9   Thumb Code   110  usbd_core.o(i.USBD_LL_SetupStage)
    USBD_LL_StallEP                          0x08011f47   Thumb Code    20  usbd_conf.o(i.USBD_LL_StallEP)
    USBD_LL_Start                            0x08011f5b   Thumb Code    16  usbd_conf.o(i.USBD_LL_Start)
    USBD_LL_Suspend                          0x08011f6b   Thumb Code    20  usbd_core.o(i.USBD_LL_Suspend)
    USBD_LL_Transmit                         0x08011f7f   Thumb Code    32  usbd_conf.o(i.USBD_LL_Transmit)
    USBD_ParseSetupRequest                   0x08011f9f   Thumb Code    40  usbd_ctlreq.o(i.USBD_ParseSetupRequest)
    USBD_RegisterClass                       0x08011fc7   Thumb Code    16  usbd_core.o(i.USBD_RegisterClass)
    USBD_RunTestMode                         0x08011fd7   Thumb Code     6  usbd_core.o(i.USBD_RunTestMode)
    USBD_SetClassConfig                      0x08012031   Thumb Code    34  usbd_core.o(i.USBD_SetClassConfig)
    USBD_Start                               0x08012159   Thumb Code    14  usbd_core.o(i.USBD_Start)
    USBD_StdDevReq                           0x08012167   Thumb Code   114  usbd_ctlreq.o(i.USBD_StdDevReq)
    USBD_StdEPReq                            0x080121d9   Thumb Code   342  usbd_ctlreq.o(i.USBD_StdEPReq)
    USBD_StdItfReq                           0x0801232f   Thumb Code    74  usbd_ctlreq.o(i.USBD_StdItfReq)
    USBD_VCP_ConfigStrDescriptor             0x08012379   Thumb Code    34  usbd_desc.o(i.USBD_VCP_ConfigStrDescriptor)
    USBD_VCP_DeviceDescriptor                0x080123ad   Thumb Code    10  usbd_desc.o(i.USBD_VCP_DeviceDescriptor)
    USBD_VCP_InterfaceStrDescriptor          0x080123bd   Thumb Code    34  usbd_desc.o(i.USBD_VCP_InterfaceStrDescriptor)
    USBD_VCP_LangIDStrDescriptor             0x080123f5   Thumb Code    10  usbd_desc.o(i.USBD_VCP_LangIDStrDescriptor)
    USBD_VCP_ManufacturerStrDescriptor       0x08012405   Thumb Code    20  usbd_desc.o(i.USBD_VCP_ManufacturerStrDescriptor)
    USBD_VCP_ProductStrDescriptor            0x08012431   Thumb Code    34  usbd_desc.o(i.USBD_VCP_ProductStrDescriptor)
    USBD_VCP_SerialStrDescriptor             0x080124a1   Thumb Code    18  usbd_desc.o(i.USBD_VCP_SerialStrDescriptor)
    USB_ActivateEndpoint                     0x080124b9   Thumb Code   192  stm32f7xx_ll_usb.o(i.USB_ActivateEndpoint)
    USB_ActivateSetup                        0x0801257d   Thumb Code    68  stm32f7xx_ll_usb.o(i.USB_ActivateSetup)
    USB_Appcall                              0x080125c1   Thumb Code   464  gd_app.o(i.USB_Appcall)
    USB_CoreInit                             0x08012795   Thumb Code   108  stm32f7xx_ll_usb.o(i.USB_CoreInit)
    USB_DeactivateEndpoint                   0x08012851   Thumb Code   162  stm32f7xx_ll_usb.o(i.USB_DeactivateEndpoint)
    USB_DevConnect                           0x080128f9   Thumb Code    30  stm32f7xx_ll_usb.o(i.USB_DevConnect)
    USB_DevDisconnect                        0x08012917   Thumb Code    30  stm32f7xx_ll_usb.o(i.USB_DevDisconnect)
    USB_DevInit                              0x08012935   Thumb Code   442  stm32f7xx_ll_usb.o(i.USB_DevInit)
    USB_DisableGlobalInt                     0x08012b01   Thumb Code    14  stm32f7xx_ll_usb.o(i.USB_DisableGlobalInt)
    USB_EP0StartXfer                         0x08012b11   Thumb Code   422  stm32f7xx_ll_usb.o(i.USB_EP0StartXfer)
    USB_EP0_OutStart                         0x08012cbd   Thumb Code    68  stm32f7xx_ll_usb.o(i.USB_EP0_OutStart)
    USB_EPClearStall                         0x08012d01   Thumb Code   136  stm32f7xx_ll_usb.o(i.USB_EPClearStall)
    USB_EPSetStall                           0x08012d89   Thumb Code   140  stm32f7xx_ll_usb.o(i.USB_EPSetStall)
    USB_EPStartXfer                          0x08012e15   Thumb Code   714  stm32f7xx_ll_usb.o(i.USB_EPStartXfer)
    USB_EnableGlobalInt                      0x080130e5   Thumb Code    14  stm32f7xx_ll_usb.o(i.USB_EnableGlobalInt)
    USB_FlushRxFifo                          0x080130f5   Thumb Code    38  stm32f7xx_ll_usb.o(i.USB_FlushRxFifo)
    USB_FlushTxFifo                          0x08013121   Thumb Code    44  stm32f7xx_ll_usb.o(i.USB_FlushTxFifo)
    USB_GetDevSpeed                          0x08013151   Thumb Code    68  stm32f7xx_ll_usb.o(i.USB_GetDevSpeed)
    USB_GetMode                              0x08013195   Thumb Code    10  stm32f7xx_ll_usb.o(i.USB_GetMode)
    USB_Init                                 0x080131a1   Thumb Code    36  hw_init.o(i.USB_Init)
    USB_ReadDevAllInEpInterrupt              0x080131d5   Thumb Code    18  stm32f7xx_ll_usb.o(i.USB_ReadDevAllInEpInterrupt)
    USB_ReadDevAllOutEpInterrupt             0x080131e7   Thumb Code    18  stm32f7xx_ll_usb.o(i.USB_ReadDevAllOutEpInterrupt)
    USB_ReadDevInEPInterrupt                 0x080131f9   Thumb Code    44  stm32f7xx_ll_usb.o(i.USB_ReadDevInEPInterrupt)
    USB_ReadDevOutEPInterrupt                0x08013225   Thumb Code    22  stm32f7xx_ll_usb.o(i.USB_ReadDevOutEPInterrupt)
    USB_ReadInterrupts                       0x0801323b   Thumb Code    12  stm32f7xx_ll_usb.o(i.USB_ReadInterrupts)
    USB_ReadPacket                           0x08013247   Thumb Code    40  stm32f7xx_ll_usb.o(i.USB_ReadPacket)
    USB_SetCurrentMode                       0x0801326f   Thumb Code    48  stm32f7xx_ll_usb.o(i.USB_SetCurrentMode)
    USB_SetDevAddress                        0x0801329f   Thumb Code    36  stm32f7xx_ll_usb.o(i.USB_SetDevAddress)
    USB_SetDevSpeed                          0x080132c3   Thumb Code    16  stm32f7xx_ll_usb.o(i.USB_SetDevSpeed)
    USB_WritePacket                          0x080132d3   Thumb Code    58  stm32f7xx_ll_usb.o(i.USB_WritePacket)
    UsageFault_Handler                       0x0801330d   Thumb Code     4  stm32f7xx_it.o(i.UsageFault_Handler)
    VCP_DataTx                               0x08013311   Thumb Code   238  gd_app.o(i.VCP_DataTx)
    Video_Process                            0x08013409   Thumb Code    56  gd_app.o(i.Video_Process)
    Write_RAM_Byte_Len                       0x08013445   Thumb Code    64  sensor.o(i.Write_RAM_Byte_Len)
    _Error_Handler                           0x08013485   Thumb Code     4  hw_init.o(i._Error_Handler)
    __scatterload_copy                       0x08013489   Thumb Code    14  handlers.o(i.__scatterload_copy)
    __scatterload_null                       0x08013497   Thumb Code     2  handlers.o(i.__scatterload_null)
    __scatterload_zeroinit                   0x08013499   Thumb Code    14  handlers.o(i.__scatterload_zeroinit)
    advance_process                          0x080134b1   Thumb Code     8  uart_app.o(i.advance_process)
    expert_page0_process                     0x080134b9   Thumb Code    38  uart_app.o(i.expert_page0_process)
    expert_page1_process                     0x080134e9   Thumb Code   128  uart_app.o(i.expert_page1_process)
    expert_page2_process                     0x08013571   Thumb Code    34  uart_app.o(i.expert_page2_process)
    expert_page3_process                     0x08013599   Thumb Code   238  uart_app.o(i.expert_page3_process)
    free                                     0x08013691   Thumb Code    76  malloc.o(i.free)
    gdGetHist                                0x080136e1   Thumb Code   362  bd.o(i.gdGetHist)
    gdLinearDRT                              0x0801384b   Thumb Code   248  bd.o(i.gdLinearDRT)
    gdUndistort                              0x08013943   Thumb Code    28  bd.o(i.gdUndistort)
    inquire_process_image                    0x08013961   Thumb Code   432  gd_app.o(i.inquire_process_image)
    main                                     0x08013b25   Thumb Code   166  main.o(i.main)
    malloc                                   0x08013bdd   Thumb Code    92  malloc.o(i.malloc)
    setup_process                            0x08013c49   Thumb Code    44  uart_app.o(i.setup_process)
    video_page1_process                      0x08013c7d   Thumb Code    62  uart_app.o(i.video_page1_process)
    AHBPrescTable                            0x08013cd0   Data          16  system_stm32f7xx.o(.constdata)
    APBPrescTable                            0x08013ce0   Data           8  system_stm32f7xx.o(.constdata)
    IMAGE_Head                               0x08013ce8   Data          10  varible.o(.constdata)
    IMAGE_End                                0x08013cf2   Data          10  varible.o(.constdata)
    Region$$Table$$Base                      0x08013cfc   Number         0  anon$$obj.o(Region$$Table)
    Region$$Table$$Limit                     0x08013d2c   Number         0  anon$$obj.o(Region$$Table)
    UserRxBuffer                             0x20000000   Data          64  usbd_cdc_interface.o(.bss)
    UserTxBuffer                             0x20000040   Data       21840  usbd_cdc_interface.o(.bss)
    UartHandle                               0x20005590   Data         112  usbd_cdc_interface.o(.bss)
    TimHandle                                0x20005600   Data          64  usbd_cdc_interface.o(.bss)
    __initial_sp                             0x20007640   Data           0  startup_stm32f769xx.o(STACK)
    uwTick                                   0x20010000   Data           4  stm32f7xx_hal.o(.data)
    USBD_CDC                                 0x20010010   Data          56  usbd_cdc.o(.data)
    USBD_CDC_CfgHSDesc                       0x20010048   Data          67  usbd_cdc.o(.data)
    USBD_CDC_CfgFSDesc                       0x2001008c   Data          67  usbd_cdc.o(.data)
    USBD_CDC_OtherSpeedCfgDesc               0x200100d0   Data          67  usbd_cdc.o(.data)
    rxcount                                  0x20010114   Data           4  usbd_cdc.o(.data)
    LineCoding                               0x2001011c   Data           8  usbd_cdc_interface.o(.data)
    BuffLength                               0x20010124   Data           4  usbd_cdc_interface.o(.data)
    UserTxBufPtrIn                           0x20010128   Data           4  usbd_cdc_interface.o(.data)
    UserTxBufPtrOut                          0x2001012c   Data           4  usbd_cdc_interface.o(.data)
    USBD_CDC_fops                            0x20010130   Data          16  usbd_cdc_interface.o(.data)
    VCP_Desc                                 0x20010140   Data          28  usbd_desc.o(.data)
    USBD_DeviceDesc                          0x2001015c   Data          18  usbd_desc.o(.data)
    USBD_LangIDDesc                          0x20010170   Data           4  usbd_desc.o(.data)
    USBD_StringSerial                        0x20010174   Data          26  usbd_desc.o(.data)
    SystemCoreClock                          0x20010198   Data           4  system_stm32f7xx.o(.data)
    Sensor120_Parameter                      0x200101a0   Data          80  varible.o(.data)
    Loop_Data120                             0x200101f0   Data          16  varible.o(.data)
    Image_Parameter120                       0x20010200   Data          40  varible.o(.data)
    NUC_Data                                 0x2001022c   Data           4  sensor.o(.data)
    Base_Data                                0x20010230   Data           4  sensor.o(.data)
    K_Data                                   0x20010234   Data           4  sensor.o(.data)
    Y16_Data                                 0x20010238   Data           4  sensor.o(.data)
    us_avg_shutter                           0x2001023c   Data           2  sensor.o(.data)
    IsShutter                                0x2001023e   Data           1  sensor.o(.data)
    __microlib_freelist                      0x20010250   Data           4  mvars.o(.data)
    __microlib_freelist_initialised          0x20010254   Data           4  mvars.o(.data)
    pFlash                                   0x20010258   Data          28  stm32f7xx_hal_flash.o(.bss)
    hpcd                                     0x20010274   Data        1024  usbd_conf.o(.bss)
    USBD_StrDesc                             0x20010674   Data         256  usbd_desc.o(.bss)
    hDcmiEval                                0x20010774   Data          80  camera.o(.bss)
    hspi3                                    0x20010824   Data         100  hw_init.o(.bss)
    hspi4                                    0x20010888   Data         100  hw_init.o(.bss)
    hspi5                                    0x200108ec   Data         100  hw_init.o(.bss)
    hspi6                                    0x20010950   Data         100  hw_init.o(.bss)
    hEvalI2c1                                0x200109b4   Data          76  hw_init.o(.bss)
    hEvalI2c2                                0x20010a00   Data          76  hw_init.o(.bss)
    hEvalI2c3                                0x20010a4c   Data          76  hw_init.o(.bss)
    hsram1                                   0x20010a98   Data          76  hw_init.o(.bss)
    Uart_Parameter120                        0x20010b44   Data         636  varible.o(.bss)
    __heap_base                              0x20010dc0   Data           0  startup_stm32f769xx.o(HEAP)
    __heap_limit                             0x20046dc0   Data           0  startup_stm32f769xx.o(HEAP)



==============================================================================

Memory Map of the image

  Image Entry point : 0x080081c9

  Load Region LR_IROM1 (Base: 0x08008000, Size: 0x0000bf84, Max: 0x00020000, ABSOLUTE, COMPRESSED[0x0000be48])

    Execution Region ER_IROM1 (Exec base: 0x08008000, Load base: 0x08008000, Size: 0x0000bd2c, Max: 0x00020000, ABSOLUTE)

    Exec Addr    Load Addr    Size         Type   Attr      Idx    E Section Name        Object

    0x08008000   0x08008000   0x000001c8   Data   RO         5603    RESET               startup_stm32f769xx.o
    0x080081c8   0x080081c8   0x00000000   Code   RO         6787  * .ARM.Collect$$$$00000000  mc_w.l(entry.o)
    0x080081c8   0x080081c8   0x00000004   Code   RO         6850    .ARM.Collect$$$$00000001  mc_w.l(entry2.o)
    0x080081cc   0x080081cc   0x00000004   Code   RO         6853    .ARM.Collect$$$$00000004  mc_w.l(entry5.o)
    0x080081d0   0x080081d0   0x00000000   Code   RO         6855    .ARM.Collect$$$$00000008  mc_w.l(entry7b.o)
    0x080081d0   0x080081d0   0x00000000   Code   RO         6857    .ARM.Collect$$$$0000000A  mc_w.l(entry8b.o)
    0x080081d0   0x080081d0   0x00000008   Code   RO         6858    .ARM.Collect$$$$0000000B  mc_w.l(entry9a.o)
    0x080081d8   0x080081d8   0x00000000   Code   RO         6860    .ARM.Collect$$$$0000000D  mc_w.l(entry10a.o)
    0x080081d8   0x080081d8   0x00000000   Code   RO         6862    .ARM.Collect$$$$0000000F  mc_w.l(entry11a.o)
    0x080081d8   0x080081d8   0x00000004   Code   RO         6851    .ARM.Collect$$$$00002712  mc_w.l(entry2.o)
    0x080081dc   0x080081dc   0x00000024   Code   RO         5604    .text               startup_stm32f769xx.o
    0x08008200   0x08008200   0x00000062   Code   RO         6790    .text               mc_w.l(uldiv.o)
    0x08008262   0x08008262   0x00000062   Code   RO         6792    .text               mc_w.l(ldiv.o)
    0x080082c4   0x080082c4   0x00000024   Code   RO         6794    .text               mc_w.l(memcpya.o)
    0x080082e8   0x080082e8   0x00000024   Code   RO         6796    .text               mc_w.l(memseta.o)
    0x0800830c   0x0800830c   0x0000014e   Code   RO         6828    .text               mf_w.l(dadd.o)
    0x0800845a   0x0800845a   0x000000e4   Code   RO         6830    .text               mf_w.l(dmul.o)
    0x0800853e   0x0800853e   0x000000de   Code   RO         6832    .text               mf_w.l(ddiv.o)
    0x0800861c   0x0800861c   0x00000022   Code   RO         6834    .text               mf_w.l(dflti.o)
    0x0800863e   0x0800863e   0x0000001a   Code   RO         6836    .text               mf_w.l(dfltui.o)
    0x08008658   0x08008658   0x00000028   Code   RO         6838    .text               mf_w.l(dfltl.o)
    0x08008680   0x08008680   0x0000003e   Code   RO         6842    .text               mf_w.l(dfixi.o)
    0x080086be   0x080086be   0x00000032   Code   RO         6844    .text               mf_w.l(dfixui.o)
    0x080086f0   0x080086f0   0x0000001e   Code   RO         6864    .text               mc_w.l(llshl.o)
    0x0800870e   0x0800870e   0x00000020   Code   RO         6866    .text               mc_w.l(llushr.o)
    0x0800872e   0x0800872e   0x00000024   Code   RO         6868    .text               mc_w.l(llsshr.o)
    0x08008752   0x08008752   0x00000000   Code   RO         6872    .text               mc_w.l(iusefp.o)
    0x08008752   0x08008752   0x000000ba   Code   RO         6873    .text               mf_w.l(depilogue.o)
    0x0800880c   0x0800880c   0x00000024   Code   RO         6875    .text               mc_w.l(init.o)
    0x08008830   0x08008830   0x00000056   Code   RO         6885    .text               mc_w.l(__dczerorl2.o)
    0x08008886   0x08008886   0x00000024   Code   RO         6129    i.ADS1115ReadRegValue  ads1115.o
    0x080088aa   0x080088aa   0x00000026   Code   RO         6130    i.ADS1115Write      ads1115.o
    0x080088d0   0x080088d0   0x0000003c   Code   RO         6131    i.ADSChanelSelect   ads1115.o
    0x0800890c   0x0800890c   0x000000a4   Code   RO         5997    i.APP_Tick          sensor_control.o
    0x080089b0   0x080089b0   0x00000078   Code   RO         6132    i.Ads1110_Read      ads1115.o
    0x08008a28   0x08008a28   0x00000018   Code   RO         5611    i.BSP_CAMERA_ContinuousStart  camera.o
    0x08008a40   0x08008a40   0x00000002   Code   RO         5613    i.BSP_CAMERA_ErrorCallback  camera.o
    0x08008a42   0x08008a42   0x00000002   PAD
    0x08008a44   0x08008a44   0x0000003c   Code   RO         5461    i.BSP_CAMERA_FrameEventCallback  main.o
    0x08008a80   0x08008a80   0x00000038   Code   RO         5615    i.BSP_CAMERA_Init   camera.o
    0x08008ab8   0x08008ab8   0x00000002   Code   RO         5616    i.BSP_CAMERA_LineEventCallback  camera.o
    0x08008aba   0x08008aba   0x00000002   PAD
    0x08008abc   0x08008abc   0x000001b8   Code   RO         5618    i.BSP_CAMERA_MspInit  camera.o
    0x08008c74   0x08008c74   0x00000018   Code   RO         5620    i.BSP_CAMERA_Stop   camera.o
    0x08008c8c   0x08008c8c   0x00000002   Code   RO         5622    i.BSP_CAMERA_VsyncEventCallback  camera.o
    0x08008c8e   0x08008c8e   0x00000002   PAD
    0x08008c90   0x08008c90   0x0000008c   Code   RO         6450    i.BaseUpdate        Sensor.lib(sensor.o)
    0x08008d1c   0x08008d1c   0x0000003c   Code   RO         6451    i.BaseUpdateCapture  Sensor.lib(sensor.o)
    0x08008d58   0x08008d58   0x00000020   Code   RO         6452    i.BaseUpdateInit    Sensor.lib(sensor.o)
    0x08008d78   0x08008d78   0x00000084   Code   RO         5842    i.Board_Init        hw_init.o
    0x08008dfc   0x08008dfc   0x00000004   Code   RO         5174    i.BusFault_Handler  stm32f7xx_it.o
    0x08008e00   0x08008e00   0x000000a8   Code   RO         5296    i.CDC_Itf_Control   usbd_cdc_interface.o
    0x08008ea8   0x08008ea8   0x00000004   Code   RO         5297    i.CDC_Itf_DeInit    usbd_cdc_interface.o
    0x08008eac   0x08008eac   0x00000060   Code   RO         5298    i.CDC_Itf_Init      usbd_cdc_interface.o
    0x08008f0c   0x08008f0c   0x00000006   Code   RO         5299    i.CDC_Itf_Receive   usbd_cdc_interface.o
    0x08008f12   0x08008f12   0x00000002   PAD
    0x08008f14   0x08008f14   0x000000e8   Code   RO         6453    i.CalNUCFast        Sensor.lib(sensor.o)
    0x08008ffc   0x08008ffc   0x000000ae   Code   RO         6454    i.Cal_AGV           Sensor.lib(sensor.o)
    0x080090aa   0x080090aa   0x00000002   PAD
    0x080090ac   0x080090ac   0x000000c8   Code   RO         6455    i.Cal_GFID          Sensor.lib(sensor.o)
    0x08009174   0x08009174   0x00000044   Code   RO         6456    i.Cal_NUC           Sensor.lib(sensor.o)
    0x080091b8   0x080091b8   0x000000b8   Code   RO         6457    i.Cal_RES_SEL       Sensor.lib(sensor.o)
    0x08009270   0x08009270   0x000000b8   Code   RO         5300    i.ComPort_Config    usbd_cdc_interface.o
    0x08009328   0x08009328   0x00000024   Code   RO          716    i.DCMI_DMAError     stm32f7xx_hal_dcmi.o
    0x0800934c   0x0800934c   0x000000c6   Code   RO          717    i.DCMI_DMAXferCplt  stm32f7xx_hal_dcmi.o
    0x08009412   0x08009412   0x00000002   PAD
    0x08009414   0x08009414   0x00000010   Code   RO         5175    i.DCMI_IRQHandler   stm32f7xx_it.o
    0x08009424   0x08009424   0x00000002   Code   RO         5176    i.DMA2D_IRQHandler  stm32f7xx_it.o
    0x08009426   0x08009426   0x00000002   PAD
    0x08009428   0x08009428   0x00000010   Code   RO         5177    i.DMA2_Stream1_IRQHandler  stm32f7xx_it.o
    0x08009438   0x08009438   0x00000010   Code   RO         5178    i.DMA2_Stream7_IRQHandler  stm32f7xx_it.o
    0x08009448   0x08009448   0x00000034   Code   RO          864    i.DMA_CalcBaseAndBitshift  stm32f7xx_hal_dma.o
    0x0800947c   0x0800947c   0x000000aa   Code   RO          865    i.DMA_CheckFifoParam  stm32f7xx_hal_dma.o
    0x08009526   0x08009526   0x00000002   PAD
    0x08009528   0x08009528   0x00000064   Code   RO         5843    i.DMA_Copy          hw_init.o
    0x0800958c   0x0800958c   0x00000020   Code   RO          970    i.DMA_MultiBufferSetConfig  stm32f7xx_hal_dma_ex.o
    0x080095ac   0x080095ac   0x0000002c   Code   RO          866    i.DMA_SetConfig     stm32f7xx_hal_dma.o
    0x080095d8   0x080095d8   0x00000078   Code   RO         5731    i.Deal_Uart         gd_app.o
    0x08009650   0x08009650   0x00000002   Code   RO         5179    i.DebugMon_Handler  stm32f7xx_it.o
    0x08009652   0x08009652   0x00000002   Code   RO         5301    i.Error_Handler     usbd_cdc_interface.o
    0x08009654   0x08009654   0x00000078   Code   RO         1129    i.FLASH_Erase_Sector  stm32f7xx_hal_flash_ex.o
    0x080096cc   0x080096cc   0x00000034   Code   RO         1011    i.FLASH_Program_Byte  stm32f7xx_hal_flash.o
    0x08009700   0x08009700   0x0000003c   Code   RO         1012    i.FLASH_Program_DoubleWord  stm32f7xx_hal_flash.o
    0x0800973c   0x0800973c   0x00000038   Code   RO         1013    i.FLASH_Program_HalfWord  stm32f7xx_hal_flash.o
    0x08009774   0x08009774   0x00000038   Code   RO         1014    i.FLASH_Program_Word  stm32f7xx_hal_flash.o
    0x080097ac   0x080097ac   0x00000080   Code   RO         1015    i.FLASH_SetErrorCode  stm32f7xx_hal_flash.o
    0x0800982c   0x0800982c   0x00000064   Code   RO         1016    i.FLASH_WaitForLastOperation  stm32f7xx_hal_flash.o
    0x08009890   0x08009890   0x00000048   Code   RO         4385    i.FMC_NORSRAM_Extended_Timing_Init  stm32f7xx_ll_fmc.o
    0x080098d8   0x080098d8   0x00000080   Code   RO         4386    i.FMC_NORSRAM_Init  stm32f7xx_ll_fmc.o
    0x08009958   0x08009958   0x0000005e   Code   RO         4387    i.FMC_NORSRAM_Timing_Init  stm32f7xx_ll_fmc.o
    0x080099b6   0x080099b6   0x00000002   PAD
    0x080099b8   0x080099b8   0x00000044   Code   RO         5844    i.FlashSPIInit      hw_init.o
    0x080099fc   0x080099fc   0x00000034   Code   RO         5384    i.Get_SerialNum     usbd_desc.o
    0x08009a30   0x08009a30   0x0000000a   Code   RO         5623    i.HAL_DCMI_ErrorCallback  camera.o
    0x08009a3a   0x08009a3a   0x0000000a   Code   RO         5624    i.HAL_DCMI_FrameEventCallback  camera.o
    0x08009a44   0x08009a44   0x000000b4   Code   RO          725    i.HAL_DCMI_IRQHandler  stm32f7xx_hal_dcmi.o
    0x08009af8   0x08009af8   0x000000bc   Code   RO          726    i.HAL_DCMI_Init     stm32f7xx_hal_dcmi.o
    0x08009bb4   0x08009bb4   0x0000000a   Code   RO         5625    i.HAL_DCMI_LineEventCallback  camera.o
    0x08009bbe   0x08009bbe   0x00000002   Code   RO          729    i.HAL_DCMI_MspInit  stm32f7xx_hal_dcmi.o
    0x08009bc0   0x08009bc0   0x000000ec   Code   RO          731    i.HAL_DCMI_Start_DMA  stm32f7xx_hal_dcmi.o
    0x08009cac   0x08009cac   0x00000094   Code   RO          732    i.HAL_DCMI_Stop     stm32f7xx_hal_dcmi.o
    0x08009d40   0x08009d40   0x0000000a   Code   RO         5626    i.HAL_DCMI_VsyncEventCallback  camera.o
    0x08009d4a   0x08009d4a   0x00000012   Code   RO          971    i.HAL_DMAEx_ChangeMemory  stm32f7xx_hal_dma_ex.o
    0x08009d5c   0x08009d5c   0x00000fcc   Code   RO          973    i.HAL_DMAEx_MultiBufferStart_IT  stm32f7xx_hal_dma_ex.o
    0x0800ad28   0x0800ad28   0x000000aa   Code   RO          867    i.HAL_DMA_Abort     stm32f7xx_hal_dma.o
    0x0800add2   0x0800add2   0x00000028   Code   RO          868    i.HAL_DMA_Abort_IT  stm32f7xx_hal_dma.o
    0x0800adfa   0x0800adfa   0x00000002   PAD
    0x0800adfc   0x0800adfc   0x00000248   Code   RO          872    i.HAL_DMA_IRQHandler  stm32f7xx_hal_dma.o
    0x0800b044   0x0800b044   0x000000ec   Code   RO          873    i.HAL_DMA_Init      stm32f7xx_hal_dma.o
    0x0800b130   0x0800b130   0x00000164   Code   RO          874    i.HAL_DMA_PollForTransfer  stm32f7xx_hal_dma.o
    0x0800b294   0x0800b294   0x00000066   Code   RO          876    i.HAL_DMA_Start     stm32f7xx_hal_dma.o
    0x0800b2fa   0x0800b2fa   0x0000009e   Code   RO          877    i.HAL_DMA_Start_IT  stm32f7xx_hal_dma.o
    0x0800b398   0x0800b398   0x0000001a   Code   RO           11    i.HAL_Delay         stm32f7xx_hal.o
    0x0800b3b2   0x0800b3b2   0x00000002   PAD
    0x0800b3b4   0x0800b3b4   0x00000014   Code   RO         1020    i.HAL_FLASH_Lock    stm32f7xx_hal_flash.o
    0x0800b3c8   0x0800b3c8   0x00000014   Code   RO         1022    i.HAL_FLASH_OB_Lock  stm32f7xx_hal_flash.o
    0x0800b3dc   0x0800b3dc   0x0000002c   Code   RO         1023    i.HAL_FLASH_OB_Unlock  stm32f7xx_hal_flash.o
    0x0800b408   0x0800b408   0x000000a4   Code   RO         1025    i.HAL_FLASH_Program  stm32f7xx_hal_flash.o
    0x0800b4ac   0x0800b4ac   0x0000002c   Code   RO         1027    i.HAL_FLASH_Unlock  stm32f7xx_hal_flash.o
    0x0800b4d8   0x0800b4d8   0x000000cc   Code   RO         5520    i.HAL_FMC_MspInit   stm32f7xx_hal_msp.o
    0x0800b5a4   0x0800b5a4   0x00000218   Code   RO         1241    i.HAL_GPIO_Init     stm32f7xx_hal_gpio.o
    0x0800b7bc   0x0800b7bc   0x00000008   Code   RO         1244    i.HAL_GPIO_TogglePin  stm32f7xx_hal_gpio.o
    0x0800b7c4   0x0800b7c4   0x0000000c   Code   RO         1245    i.HAL_GPIO_WritePin  stm32f7xx_hal_gpio.o
    0x0800b7d0   0x0800b7d0   0x0000000c   Code   RO           19    i.HAL_GetTick       stm32f7xx_hal.o
    0x0800b7dc   0x0800b7dc   0x0000003c   Code   RO         1306    i.HAL_I2C_DeInit    stm32f7xx_hal_i2c.o
    0x0800b818   0x0800b818   0x00000008   Code   RO         1314    i.HAL_I2C_GetState  stm32f7xx_hal_i2c.o
    0x0800b820   0x0800b820   0x000000c4   Code   RO         1315    i.HAL_I2C_Init      stm32f7xx_hal_i2c.o
    0x0800b8e4   0x0800b8e4   0x000001bc   Code   RO         1331    i.HAL_I2C_Mem_Read  stm32f7xx_hal_i2c.o
    0x0800baa0   0x0800baa0   0x000001b8   Code   RO         1334    i.HAL_I2C_Mem_Write  stm32f7xx_hal_i2c.o
    0x0800bc58   0x0800bc58   0x00000002   Code   RO         1337    i.HAL_I2C_MspDeInit  stm32f7xx_hal_i2c.o
    0x0800bc5a   0x0800bc5a   0x00000002   Code   RO         1338    i.HAL_I2C_MspInit   stm32f7xx_hal_i2c.o
    0x0800bc5c   0x0800bc5c   0x00000010   Code   RO           20    i.HAL_IncTick       stm32f7xx_hal.o
    0x0800bc6c   0x0800bc6c   0x00000028   Code   RO           21    i.HAL_Init          stm32f7xx_hal.o
    0x0800bc94   0x0800bc94   0x00000028   Code   RO           22    i.HAL_InitTick      stm32f7xx_hal.o
    0x0800bcbc   0x0800bcbc   0x0000005c   Code   RO          576    i.HAL_MPU_ConfigRegion  stm32f7xx_hal_cortex.o
    0x0800bd18   0x0800bd18   0x0000002c   Code   RO          577    i.HAL_MPU_Disable   stm32f7xx_hal_cortex.o
    0x0800bd44   0x0800bd44   0x00000040   Code   RO          578    i.HAL_MPU_Enable    stm32f7xx_hal_cortex.o
    0x0800bd84   0x0800bd84   0x00000056   Code   RO         5521    i.HAL_MspInit       stm32f7xx_hal_msp.o
    0x0800bdda   0x0800bdda   0x0000001a   Code   RO          581    i.HAL_NVIC_EnableIRQ  stm32f7xx_hal_cortex.o
    0x0800bdf4   0x0800bdf4   0x0000007c   Code   RO          587    i.HAL_NVIC_SetPriority  stm32f7xx_hal_cortex.o
    0x0800be70   0x0800be70   0x00000028   Code   RO          588    i.HAL_NVIC_SetPriorityGrouping  stm32f7xx_hal_cortex.o
    0x0800be98   0x0800be98   0x00000044   Code   RO          589    i.HAL_NVIC_SystemReset  stm32f7xx_hal_cortex.o
    0x0800bedc   0x0800bedc   0x00000028   Code   RO         3705    i.HAL_PCDEx_ActivateLPM  stm32f7xx_hal_pcd_ex.o
    0x0800bf04   0x0800bf04   0x00000002   Code   RO         3707    i.HAL_PCDEx_LPM_Callback  stm32f7xx_hal_pcd_ex.o
    0x0800bf06   0x0800bf06   0x0000000a   Code   RO         3708    i.HAL_PCDEx_SetRxFiFo  stm32f7xx_hal_pcd_ex.o
    0x0800bf10   0x0800bf10   0x00000052   Code   RO         3709    i.HAL_PCDEx_SetTxFiFo  stm32f7xx_hal_pcd_ex.o
    0x0800bf62   0x0800bf62   0x0000000e   Code   RO         4977    i.HAL_PCD_ConnectCallback  usbd_conf.o
    0x0800bf70   0x0800bf70   0x00000020   Code   RO         4978    i.HAL_PCD_DataInStageCallback  usbd_conf.o
    0x0800bf90   0x0800bf90   0x00000020   Code   RO         4979    i.HAL_PCD_DataOutStageCallback  usbd_conf.o
    0x0800bfb0   0x0800bfb0   0x0000000e   Code   RO         4980    i.HAL_PCD_DisconnectCallback  usbd_conf.o
    0x0800bfbe   0x0800bfbe   0x0000006a   Code   RO         3499    i.HAL_PCD_EP_Close  stm32f7xx_hal_pcd.o
    0x0800c028   0x0800c028   0x00000068   Code   RO         3500    i.HAL_PCD_EP_ClrStall  stm32f7xx_hal_pcd.o
    0x0800c090   0x0800c090   0x00000018   Code   RO         3502    i.HAL_PCD_EP_GetRxCount  stm32f7xx_hal_pcd.o
    0x0800c0a8   0x0800c0a8   0x0000008c   Code   RO         3503    i.HAL_PCD_EP_Open   stm32f7xx_hal_pcd.o
    0x0800c134   0x0800c134   0x00000058   Code   RO         3504    i.HAL_PCD_EP_Receive  stm32f7xx_hal_pcd.o
    0x0800c18c   0x0800c18c   0x0000007a   Code   RO         3505    i.HAL_PCD_EP_SetStall  stm32f7xx_hal_pcd.o
    0x0800c206   0x0800c206   0x0000005a   Code   RO         3506    i.HAL_PCD_EP_Transmit  stm32f7xx_hal_pcd.o
    0x0800c260   0x0800c260   0x000006dc   Code   RO         3508    i.HAL_PCD_IRQHandler  stm32f7xx_hal_pcd.o
    0x0800c93c   0x0800c93c   0x00000012   Code   RO         4981    i.HAL_PCD_ISOINIncompleteCallback  usbd_conf.o
    0x0800c94e   0x0800c94e   0x00000012   Code   RO         4982    i.HAL_PCD_ISOOUTIncompleteCallback  usbd_conf.o
    0x0800c960   0x0800c960   0x0000014e   Code   RO         3511    i.HAL_PCD_Init      stm32f7xx_hal_pcd.o
    0x0800caae   0x0800caae   0x00000002   PAD
    0x0800cab0   0x0800cab0   0x0000025c   Code   RO         4984    i.HAL_PCD_MspInit   usbd_conf.o
    0x0800cd0c   0x0800cd0c   0x00000032   Code   RO         4985    i.HAL_PCD_ResetCallback  usbd_conf.o
    0x0800cd3e   0x0800cd3e   0x0000000e   Code   RO         4986    i.HAL_PCD_ResumeCallback  usbd_conf.o
    0x0800cd4c   0x0800cd4c   0x0000000e   Code   RO         4987    i.HAL_PCD_SOFCallback  usbd_conf.o
    0x0800cd5a   0x0800cd5a   0x00000032   Code   RO         3517    i.HAL_PCD_SetAddress  stm32f7xx_hal_pcd.o
    0x0800cd8c   0x0800cd8c   0x00000012   Code   RO         4988    i.HAL_PCD_SetupStageCallback  usbd_conf.o
    0x0800cd9e   0x0800cd9e   0x00000034   Code   RO         3519    i.HAL_PCD_Start     stm32f7xx_hal_pcd.o
    0x0800cdd2   0x0800cdd2   0x0000000e   Code   RO         4989    i.HAL_PCD_SuspendCallback  usbd_conf.o
    0x0800cde0   0x0800cde0   0x00000090   Code   RO         3883    i.HAL_PWREx_EnableOverDrive  stm32f7xx_hal_pwr_ex.o
    0x0800ce70   0x0800ce70   0x00000918   Code   RO         1866    i.HAL_RCCEx_PeriphCLKConfig  stm32f7xx_hal_rcc_ex.o
    0x0800d788   0x0800d788   0x000001b4   Code   RO         1763    i.HAL_RCC_ClockConfig  stm32f7xx_hal_rcc.o
    0x0800d93c   0x0800d93c   0x0000000c   Code   RO         1768    i.HAL_RCC_GetHCLKFreq  stm32f7xx_hal_rcc.o
    0x0800d948   0x0800d948   0x000000b0   Code   RO         1772    i.HAL_RCC_GetSysClockFreq  stm32f7xx_hal_rcc.o
    0x0800d9f8   0x0800d9f8   0x000000b8   Code   RO         1773    i.HAL_RCC_MCOConfig  stm32f7xx_hal_rcc.o
    0x0800dab0   0x0800dab0   0x000004e8   Code   RO         1775    i.HAL_RCC_OscConfig  stm32f7xx_hal_rcc.o
    0x0800df98   0x0800df98   0x000000f2   Code   RO         1947    i.HAL_SPI_Init      stm32f7xx_hal_spi.o
    0x0800e08a   0x0800e08a   0x00000002   PAD
    0x0800e08c   0x0800e08c   0x000000c0   Code   RO         5845    i.HAL_SPI_MspInit   hw_init.o
    0x0800e14c   0x0800e14c   0x00000290   Code   RO         1950    i.HAL_SPI_Receive   stm32f7xx_hal_spi.o
    0x0800e3dc   0x0800e3dc   0x000003a8   Code   RO         1956    i.HAL_SPI_TransmitReceive  stm32f7xx_hal_spi.o
    0x0800e784   0x0800e784   0x00000058   Code   RO         4261    i.HAL_SRAM_Init     stm32f7xx_hal_sram.o
    0x0800e7dc   0x0800e7dc   0x0000000a   Code   RO         5523    i.HAL_SRAM_MspInit  stm32f7xx_hal_msp.o
    0x0800e7e6   0x0800e7e6   0x00000034   Code   RO          592    i.HAL_SYSTICK_Config  stm32f7xx_hal_cortex.o
    0x0800e81a   0x0800e81a   0x00000002   Code   RO         2928    i.HAL_TIMEx_BreakCallback  stm32f7xx_hal_tim_ex.o
    0x0800e81c   0x0800e81c   0x00000002   Code   RO         2929    i.HAL_TIMEx_CommutationCallback  stm32f7xx_hal_tim_ex.o
    0x0800e81e   0x0800e81e   0x00000034   Code   RO         2285    i.HAL_TIM_Base_Init  stm32f7xx_hal_tim.o
    0x0800e852   0x0800e852   0x00000002   PAD
    0x0800e854   0x0800e854   0x00000038   Code   RO         5846    i.HAL_TIM_Base_MspInit  hw_init.o
    0x0800e88c   0x0800e88c   0x0000001e   Code   RO         2290    i.HAL_TIM_Base_Start_IT  stm32f7xx_hal_tim.o
    0x0800e8aa   0x0800e8aa   0x00000002   Code   RO         2314    i.HAL_TIM_IC_CaptureCallback  stm32f7xx_hal_tim.o
    0x0800e8ac   0x0800e8ac   0x000001b8   Code   RO         2327    i.HAL_TIM_IRQHandler  stm32f7xx_hal_tim.o
    0x0800ea64   0x0800ea64   0x00000002   Code   RO         2330    i.HAL_TIM_OC_DelayElapsedCallback  stm32f7xx_hal_tim.o
    0x0800ea66   0x0800ea66   0x00000002   Code   RO         2357    i.HAL_TIM_PWM_PulseFinishedCallback  stm32f7xx_hal_tim.o
    0x0800ea68   0x0800ea68   0x00000078   Code   RO         5302    i.HAL_TIM_PeriodElapsedCallback  usbd_cdc_interface.o
    0x0800eae0   0x0800eae0   0x00000002   Code   RO         2368    i.HAL_TIM_TriggerCallback  stm32f7xx_hal_tim.o
    0x0800eae2   0x0800eae2   0x0000000a   Code   RO         5303    i.HAL_UART_ErrorCallback  usbd_cdc_interface.o
    0x0800eaec   0x0800eaec   0x00000160   Code   RO         3219    i.HAL_UART_IRQHandler  stm32f7xx_hal_uart.o
    0x0800ec4c   0x0800ec4c   0x00000024   Code   RO         5304    i.HAL_UART_RxCpltCallback  usbd_cdc_interface.o
    0x0800ec70   0x0800ec70   0x00000002   Code   RO         5305    i.HAL_UART_TxCpltCallback  usbd_cdc_interface.o
    0x0800ec72   0x0800ec72   0x00000004   Code   RO         5180    i.HardFault_Handler  stm32f7xx_it.o
    0x0800ec76   0x0800ec76   0x00000002   PAD
    0x0800ec78   0x0800ec78   0x0000004c   Code   RO         5847    i.I2C1_GPIO_Init    hw_init.o
    0x0800ecc4   0x0800ecc4   0x00000048   Code   RO         5848    i.I2C2_GPIO_Init    hw_init.o
    0x0800ed0c   0x0800ed0c   0x0000004c   Code   RO         5849    i.I2C3_GPIO_Init    hw_init.o
    0x0800ed58   0x0800ed58   0x00000028   Code   RO         1357    i.I2C_Flush_TXDR    stm32f7xx_hal_i2c.o
    0x0800ed80   0x0800ed80   0x00000164   Code   RO         5850    i.I2C_Init          hw_init.o
    0x0800eee4   0x0800eee4   0x0000008c   Code   RO         1365    i.I2C_IsAcknowledgeFailed  stm32f7xx_hal_i2c.o
    0x0800ef70   0x0800ef70   0x0000007c   Code   RO         6313    i.I2C_Read          i2c.o
    0x0800efec   0x0800efec   0x0000008c   Code   RO         1368    i.I2C_RequestMemoryRead  stm32f7xx_hal_i2c.o
    0x0800f078   0x0800f078   0x0000008c   Code   RO         1369    i.I2C_RequestMemoryWrite  stm32f7xx_hal_i2c.o
    0x0800f104   0x0800f104   0x00000030   Code   RO         1372    i.I2C_TransferConfig  stm32f7xx_hal_i2c.o
    0x0800f134   0x0800f134   0x00000056   Code   RO         1373    i.I2C_WaitOnFlagUntilTimeout  stm32f7xx_hal_i2c.o
    0x0800f18a   0x0800f18a   0x00000056   Code   RO         1375    i.I2C_WaitOnSTOPFlagUntilTimeout  stm32f7xx_hal_i2c.o
    0x0800f1e0   0x0800f1e0   0x0000005a   Code   RO         1376    i.I2C_WaitOnTXISFlagUntilTimeout  stm32f7xx_hal_i2c.o
    0x0800f23a   0x0800f23a   0x00000002   PAD
    0x0800f23c   0x0800f23c   0x00000080   Code   RO         6315    i.I2C_Write         i2c.o
    0x0800f2bc   0x0800f2bc   0x00000038   Code   RO         6316    i.I2Cx_Error        i2c.o
    0x0800f2f4   0x0800f2f4   0x0000006c   Code   RO         6317    i.I2Cx_ReadMultiple  i2c.o
    0x0800f360   0x0800f360   0x0000006c   Code   RO         6318    i.I2Cx_WriteMultiple  i2c.o
    0x0800f3cc   0x0800f3cc   0x00000120   Code   RO         5851    i.INT_Configuration  hw_init.o
    0x0800f4ec   0x0800f4ec   0x0000003e   Code   RO         5385    i.IntToUnicode      usbd_desc.o
    0x0800f52a   0x0800f52a   0x0000019a   Code   RO         6191    i.LCD_Init          clcd.o
    0x0800f6c4   0x0800f6c4   0x00000060   Code   RO         6192    i.LCD_Mode          clcd.o
    0x0800f724   0x0800f724   0x00000014   Code   RO         6198    i.LCD_write_command  clcd.o
    0x0800f738   0x0800f738   0x00000014   Code   RO         6199    i.LCD_write_data    clcd.o
    0x0800f74c   0x0800f74c   0x00000120   Code   RO         6133    i.LenNTCRead        ads1115.o
    0x0800f86c   0x0800f86c   0x0000004c   Code   RO         5853    i.MPU_Config        hw_init.o
    0x0800f8b8   0x0800f8b8   0x00000094   Code   RO         5854    i.MX_FMC_Init       hw_init.o
    0x0800f94c   0x0800f94c   0x00000004   Code   RO         5181    i.MemManage_Handler  stm32f7xx_it.o
    0x0800f950   0x0800f950   0x0000008c   Code   RO         6463    i.MemoryAlloc       Sensor.lib(sensor.o)
    0x0800f9dc   0x0800f9dc   0x00000002   Code   RO         5182    i.NMI_Handler       stm32f7xx_it.o
    0x0800f9de   0x0800f9de   0x00000002   PAD
    0x0800f9e0   0x0800f9e0   0x00000018   Code   RO         6465    i.NUC_All_Set       Sensor.lib(sensor.o)
    0x0800f9f8   0x0800f9f8   0x00000098   Code   RO         6734    i.NUCbyTwoPoint     Sensor.lib(imagecal.o)
    0x0800fa90   0x0800fa90   0x00000010   Code   RO          594    i.NVIC_GetPriorityGrouping  stm32f7xx_hal_cortex.o
    0x0800faa0   0x0800faa0   0x00000028   Code   RO          595    i.NVIC_SetPriority  stm32f7xx_hal_cortex.o
    0x0800fac8   0x0800fac8   0x0000020c   Code   RO         6466    i.NucAuto           Sensor.lib(sensor.o)
    0x0800fcd4   0x0800fcd4   0x00000042   Code   RO         6467    i.Nuc_Adjust_Image  Sensor.lib(sensor.o)
    0x0800fd16   0x0800fd16   0x00000002   PAD
    0x0800fd18   0x0800fd18   0x00000010   Code   RO         5183    i.OTG_FS_IRQHandler  stm32f7xx_it.o
    0x0800fd28   0x0800fd28   0x00000194   Code   RO         5855    i.Other_GPIO_Init   hw_init.o
    0x0800febc   0x0800febc   0x000000b0   Code   RO         3522    i.PCD_WriteEmptyTxFifo  stm32f7xx_hal_pcd.o
    0x0800ff6c   0x0800ff6c   0x00000002   Code   RO         5184    i.PendSV_Handler    stm32f7xx_it.o
    0x0800ff6e   0x0800ff6e   0x00000002   PAD
    0x0800ff70   0x0800ff70   0x0000011c   Code   RO         6037    i.ProcessUart       uart_app.o
    0x0801008c   0x0801008c   0x00000098   Code   RO         5732    i.Read_Init_Para    gd_app.o
    0x08010124   0x08010124   0x000000b8   Code   RO         5806    i.Read_Parameter    gd_flash.o
    0x080101dc   0x080101dc   0x0000007c   Code   RO         5856    i.SPI3_GPIO_Init    hw_init.o
    0x08010258   0x08010258   0x00000078   Code   RO         5857    i.SPI4_GPIO_Init    hw_init.o
    0x080102d0   0x080102d0   0x00000060   Code   RO         5858    i.SPI5_GPIO_Init    hw_init.o
    0x08010330   0x08010330   0x00000080   Code   RO         5859    i.SPI6_GPIO_Init    hw_init.o
    0x080103b0   0x080103b0   0x00000082   Code   RO         1986    i.SPI_EndRxTransaction  stm32f7xx_hal_spi.o
    0x08010432   0x08010432   0x00000064   Code   RO         1987    i.SPI_EndRxTxTransaction  stm32f7xx_hal_spi.o
    0x08010496   0x08010496   0x00000002   PAD
    0x08010498   0x08010498   0x00000014   Code   RO         6410    i.SPI_FLASH_CS_HIGH  spi.o
    0x080104ac   0x080104ac   0x00000014   Code   RO         6411    i.SPI_FLASH_CS_LOW  spi.o
    0x080104c0   0x080104c0   0x00000020   Code   RO         6412    i.SPI_Read_Byte     spi.o
    0x080104e0   0x080104e0   0x0000001c   Code   RO         6413    i.SPI_SendByte      spi.o
    0x080104fc   0x080104fc   0x000000b2   Code   RO         1994    i.SPI_WaitFifoStateUntilTimeout  stm32f7xx_hal_spi.o
    0x080105ae   0x080105ae   0x000000a0   Code   RO         1995    i.SPI_WaitFlagStateUntilTimeout  stm32f7xx_hal_spi.o
    0x0801064e   0x0801064e   0x00000002   Code   RO         5185    i.SVC_Handler       stm32f7xx_it.o
    0x08010650   0x08010650   0x00000018   Code   RO         5733    i.SendY16           gd_app.o
    0x08010668   0x08010668   0x00000040   Code   RO         5734    i.SendY8            gd_app.o
    0x080106a8   0x080106a8   0x00000060   Code   RO         5735    i.Send_Process      gd_app.o
    0x08010708   0x08010708   0x0000002c   Code   RO         6468    i.SensorReadReg     Sensor.lib(sensor.o)
    0x08010734   0x08010734   0x0000008c   Code   RO         6134    i.SensorUpdate      ads1115.o
    0x080107c0   0x080107c0   0x00000022   Code   RO         6470    i.Sensor_Config     Sensor.lib(sensor.o)
    0x080107e2   0x080107e2   0x00000002   PAD
    0x080107e4   0x080107e4   0x00000020   Code   RO         5998    i.Sensor_Init       sensor_control.o
    0x08010804   0x08010804   0x00000288   Code   RO         5999    i.Sensor_ReConfig   sensor_control.o
    0x08010a8c   0x08010a8c   0x00000028   Code   RO         6471    i.Sensor_Reg_Initial  Sensor.lib(sensor.o)
    0x08010ab4   0x08010ab4   0x00000044   Code   RO         5860    i.Sensor_SPI_Init   hw_init.o
    0x08010af8   0x08010af8   0x0000002c   Code   RO         6473    i.SetNucAll         Sensor.lib(sensor.o)
    0x08010b24   0x08010b24   0x0000000c   Code   RO         6474    i.SetNucSingle      Sensor.lib(sensor.o)
    0x08010b30   0x08010b30   0x000000e4   Code   RO         5807    i.Set_Parameter     gd_flash.o
    0x08010c14   0x08010c14   0x000000f8   Code   RO         5808    i.Set_Parameter_Default  gd_flash.o
    0x08010d0c   0x08010d0c   0x00000120   Code   RO         6135    i.ShutterRead       ads1115.o
    0x08010e2c   0x08010e2c   0x0000001c   Code   RO         6374    i.Shutter_Off       shutter.o
    0x08010e48   0x08010e48   0x0000001c   Code   RO         6375    i.Shutter_On        shutter.o
    0x08010e64   0x08010e64   0x00000298   Code   RO         6476    i.Shutter_State     Sensor.lib(sensor.o)
    0x080110fc   0x080110fc   0x0000001c   Code   RO         6376    i.Shutter_Stop      shutter.o
    0x08011118   0x08011118   0x00000008   Code   RO         5186    i.SysTick_Handler   stm32f7xx_it.o
    0x08011120   0x08011120   0x00000100   Code   RO         5861    i.SystemClock_Config  hw_init.o
    0x08011220   0x08011220   0x00000064   Code   RO         5568    i.SystemInit        system_stm32f7xx.o
    0x08011284   0x08011284   0x00000010   Code   RO         5187    i.TIM3_IRQHandler   stm32f7xx_it.o
    0x08011294   0x08011294   0x000000f0   Code   RO         2369    i.TIM_Base_SetConfig  stm32f7xx_hal_tim.o
    0x08011384   0x08011384   0x00000030   Code   RO         5306    i.TIM_Config        usbd_cdc_interface.o
    0x080113b4   0x080113b4   0x00000018   Code   RO         3235    i.UART_DMAAbortOnError  stm32f7xx_hal_uart.o
    0x080113cc   0x080113cc   0x00000020   Code   RO         3241    i.UART_EndRxTransfer  stm32f7xx_hal_uart.o
    0x080113ec   0x080113ec   0x00000020   Code   RO         3242    i.UART_EndTransmit_IT  stm32f7xx_hal_uart.o
    0x0801140c   0x0801140c   0x00000088   Code   RO         3244    i.UART_Receive_IT   stm32f7xx_hal_uart.o
    0x08011494   0x08011494   0x0000006a   Code   RO         3246    i.UART_Transmit_IT  stm32f7xx_hal_uart.o
    0x080114fe   0x080114fe   0x00000002   PAD
    0x08011500   0x08011500   0x00000010   Code   RO         5188    i.USART1_IRQHandler  stm32f7xx_it.o
    0x08011510   0x08011510   0x0000001a   Code   RO         4527    i.USBD_CDC_DataIn   usbd_cdc.o
    0x0801152a   0x0801152a   0x00000034   Code   RO         4528    i.USBD_CDC_DataOut  usbd_cdc.o
    0x0801155e   0x0801155e   0x00000040   Code   RO         4529    i.USBD_CDC_DeInit   usbd_cdc.o
    0x0801159e   0x0801159e   0x00000032   Code   RO         4530    i.USBD_CDC_EP0_RxReady  usbd_cdc.o
    0x080115d0   0x080115d0   0x00000010   Code   RO         4531    i.USBD_CDC_GetDeviceQualifierDescriptor  usbd_cdc.o
    0x080115e0   0x080115e0   0x00000010   Code   RO         4532    i.USBD_CDC_GetFSCfgDesc  usbd_cdc.o
    0x080115f0   0x080115f0   0x00000010   Code   RO         4533    i.USBD_CDC_GetHSCfgDesc  usbd_cdc.o
    0x08011600   0x08011600   0x00000010   Code   RO         4534    i.USBD_CDC_GetOtherSpeedCfgDesc  usbd_cdc.o
    0x08011610   0x08011610   0x000000a6   Code   RO         4535    i.USBD_CDC_Init     usbd_cdc.o
    0x080116b6   0x080116b6   0x00000002   PAD
    0x080116b8   0x080116b8   0x00000060   Code   RO         4536    i.USBD_CDC_ReceivePacket  usbd_cdc.o
    0x08011718   0x08011718   0x0000000e   Code   RO         4537    i.USBD_CDC_RegisterInterface  usbd_cdc.o
    0x08011726   0x08011726   0x0000000e   Code   RO         4538    i.USBD_CDC_SetRxBuffer  usbd_cdc.o
    0x08011734   0x08011734   0x00000014   Code   RO         4539    i.USBD_CDC_SetTxBuffer  usbd_cdc.o
    0x08011748   0x08011748   0x00000090   Code   RO         4540    i.USBD_CDC_Setup    usbd_cdc.o
    0x080117d8   0x080117d8   0x00000038   Code   RO         4541    i.USBD_CDC_TransmitPacket  usbd_cdc.o
    0x08011810   0x08011810   0x00000016   Code   RO         4684    i.USBD_ClrClassConfig  usbd_core.o
    0x08011826   0x08011826   0x00000044   Code   RO         4822    i.USBD_ClrFeature   usbd_ctlreq.o
    0x0801186a   0x0801186a   0x00000018   Code   RO         4917    i.USBD_CtlContinueRx  usbd_ioreq.o
    0x08011882   0x08011882   0x00000018   Code   RO         4918    i.USBD_CtlContinueSendData  usbd_ioreq.o
    0x0801189a   0x0801189a   0x00000018   Code   RO         4823    i.USBD_CtlError     usbd_ctlreq.o
    0x080118b2   0x080118b2   0x00000028   Code   RO         4919    i.USBD_CtlPrepareRx  usbd_ioreq.o
    0x080118da   0x080118da   0x0000001a   Code   RO         4920    i.USBD_CtlReceiveStatus  usbd_ioreq.o
    0x080118f4   0x080118f4   0x00000022   Code   RO         4921    i.USBD_CtlSendData  usbd_ioreq.o
    0x08011916   0x08011916   0x0000001a   Code   RO         4922    i.USBD_CtlSendStatus  usbd_ioreq.o
    0x08011930   0x08011930   0x00000050   Code   RO         4824    i.USBD_GetConfig    usbd_ctlreq.o
    0x08011980   0x08011980   0x00000148   Code   RO         4825    i.USBD_GetDescriptor  usbd_ctlreq.o
    0x08011ac8   0x08011ac8   0x00000014   Code   RO         4826    i.USBD_GetLen       usbd_ctlreq.o
    0x08011adc   0x08011adc   0x00000044   Code   RO         4827    i.USBD_GetStatus    usbd_ctlreq.o
    0x08011b20   0x08011b20   0x00000052   Code   RO         4828    i.USBD_GetString    usbd_ctlreq.o
    0x08011b72   0x08011b72   0x00000032   Code   RO         4686    i.USBD_Init         usbd_core.o
    0x08011ba4   0x08011ba4   0x00000014   Code   RO         4990    i.USBD_LL_ClearStallEP  usbd_conf.o
    0x08011bb8   0x08011bb8   0x00000014   Code   RO         4991    i.USBD_LL_CloseEP   usbd_conf.o
    0x08011bcc   0x08011bcc   0x000000da   Code   RO         4687    i.USBD_LL_DataInStage  usbd_core.o
    0x08011ca6   0x08011ca6   0x00000086   Code   RO         4688    i.USBD_LL_DataOutStage  usbd_core.o
    0x08011d2c   0x08011d2c   0x00000006   Code   RO         4689    i.USBD_LL_DevConnected  usbd_core.o
    0x08011d32   0x08011d32   0x0000001a   Code   RO         4690    i.USBD_LL_DevDisconnected  usbd_core.o
    0x08011d4c   0x08011d4c   0x00000012   Code   RO         4995    i.USBD_LL_GetRxDataSize  usbd_conf.o
    0x08011d5e   0x08011d5e   0x00000002   PAD
    0x08011d60   0x08011d60   0x00000064   Code   RO         4996    i.USBD_LL_Init      usbd_conf.o
    0x08011dc4   0x08011dc4   0x00000038   Code   RO         4997    i.USBD_LL_IsStallEP  usbd_conf.o
    0x08011dfc   0x08011dfc   0x00000006   Code   RO         4691    i.USBD_LL_IsoINIncomplete  usbd_core.o
    0x08011e02   0x08011e02   0x00000006   Code   RO         4692    i.USBD_LL_IsoOUTIncomplete  usbd_core.o
    0x08011e08   0x08011e08   0x00000020   Code   RO         4998    i.USBD_LL_OpenEP    usbd_conf.o
    0x08011e28   0x08011e28   0x00000020   Code   RO         4999    i.USBD_LL_PrepareReceive  usbd_conf.o
    0x08011e48   0x08011e48   0x00000044   Code   RO         4693    i.USBD_LL_Reset     usbd_core.o
    0x08011e8c   0x08011e8c   0x0000000e   Code   RO         4694    i.USBD_LL_Resume    usbd_core.o
    0x08011e9a   0x08011e9a   0x00000022   Code   RO         4695    i.USBD_LL_SOF       usbd_core.o
    0x08011ebc   0x08011ebc   0x00000008   Code   RO         4696    i.USBD_LL_SetSpeed  usbd_core.o
    0x08011ec4   0x08011ec4   0x00000014   Code   RO         5000    i.USBD_LL_SetUSBAddress  usbd_conf.o
    0x08011ed8   0x08011ed8   0x0000006e   Code   RO         4697    i.USBD_LL_SetupStage  usbd_core.o
    0x08011f46   0x08011f46   0x00000014   Code   RO         5001    i.USBD_LL_StallEP   usbd_conf.o
    0x08011f5a   0x08011f5a   0x00000010   Code   RO         5002    i.USBD_LL_Start     usbd_conf.o
    0x08011f6a   0x08011f6a   0x00000014   Code   RO         4698    i.USBD_LL_Suspend   usbd_core.o
    0x08011f7e   0x08011f7e   0x00000020   Code   RO         5004    i.USBD_LL_Transmit  usbd_conf.o
    0x08011f9e   0x08011f9e   0x00000028   Code   RO         4829    i.USBD_ParseSetupRequest  usbd_ctlreq.o
    0x08011fc6   0x08011fc6   0x00000010   Code   RO         4699    i.USBD_RegisterClass  usbd_core.o
    0x08011fd6   0x08011fd6   0x00000006   Code   RO         4700    i.USBD_RunTestMode  usbd_core.o
    0x08011fdc   0x08011fdc   0x00000054   Code   RO         4830    i.USBD_SetAddress   usbd_ctlreq.o
    0x08012030   0x08012030   0x00000022   Code   RO         4701    i.USBD_SetClassConfig  usbd_core.o
    0x08012052   0x08012052   0x00000002   PAD
    0x08012054   0x08012054   0x000000e0   Code   RO         4831    i.USBD_SetConfig    usbd_ctlreq.o
    0x08012134   0x08012134   0x00000024   Code   RO         4832    i.USBD_SetFeature   usbd_ctlreq.o
    0x08012158   0x08012158   0x0000000e   Code   RO         4702    i.USBD_Start        usbd_core.o
    0x08012166   0x08012166   0x00000072   Code   RO         4833    i.USBD_StdDevReq    usbd_ctlreq.o
    0x080121d8   0x080121d8   0x00000156   Code   RO         4834    i.USBD_StdEPReq     usbd_ctlreq.o
    0x0801232e   0x0801232e   0x0000004a   Code   RO         4835    i.USBD_StdItfReq    usbd_ctlreq.o
    0x08012378   0x08012378   0x00000034   Code   RO         5386    i.USBD_VCP_ConfigStrDescriptor  usbd_desc.o
    0x080123ac   0x080123ac   0x00000010   Code   RO         5387    i.USBD_VCP_DeviceDescriptor  usbd_desc.o
    0x080123bc   0x080123bc   0x00000038   Code   RO         5388    i.USBD_VCP_InterfaceStrDescriptor  usbd_desc.o
    0x080123f4   0x080123f4   0x00000010   Code   RO         5389    i.USBD_VCP_LangIDStrDescriptor  usbd_desc.o
    0x08012404   0x08012404   0x0000002c   Code   RO         5390    i.USBD_VCP_ManufacturerStrDescriptor  usbd_desc.o
    0x08012430   0x08012430   0x00000070   Code   RO         5391    i.USBD_VCP_ProductStrDescriptor  usbd_desc.o
    0x080124a0   0x080124a0   0x00000018   Code   RO         5392    i.USBD_VCP_SerialStrDescriptor  usbd_desc.o
    0x080124b8   0x080124b8   0x000000c4   Code   RO         3970    i.USB_ActivateEndpoint  stm32f7xx_ll_usb.o
    0x0801257c   0x0801257c   0x00000044   Code   RO         3971    i.USB_ActivateSetup  stm32f7xx_ll_usb.o
    0x080125c0   0x080125c0   0x000001d4   Code   RO         5736    i.USB_Appcall       gd_app.o
    0x08012794   0x08012794   0x00000070   Code   RO         3973    i.USB_CoreInit      stm32f7xx_ll_usb.o
    0x08012804   0x08012804   0x0000004c   Code   RO         3974    i.USB_CoreReset     stm32f7xx_ll_usb.o
    0x08012850   0x08012850   0x000000a8   Code   RO         3976    i.USB_DeactivateEndpoint  stm32f7xx_ll_usb.o
    0x080128f8   0x080128f8   0x0000001e   Code   RO         3977    i.USB_DevConnect    stm32f7xx_ll_usb.o
    0x08012916   0x08012916   0x0000001e   Code   RO         3978    i.USB_DevDisconnect  stm32f7xx_ll_usb.o
    0x08012934   0x08012934   0x000001cc   Code   RO         3979    i.USB_DevInit       stm32f7xx_ll_usb.o
    0x08012b00   0x08012b00   0x0000000e   Code   RO         3980    i.USB_DisableGlobalInt  stm32f7xx_ll_usb.o
    0x08012b0e   0x08012b0e   0x00000002   PAD
    0x08012b10   0x08012b10   0x000001ac   Code   RO         3983    i.USB_EP0StartXfer  stm32f7xx_ll_usb.o
    0x08012cbc   0x08012cbc   0x00000044   Code   RO         3984    i.USB_EP0_OutStart  stm32f7xx_ll_usb.o
    0x08012d00   0x08012d00   0x00000088   Code   RO         3985    i.USB_EPClearStall  stm32f7xx_ll_usb.o
    0x08012d88   0x08012d88   0x0000008c   Code   RO         3986    i.USB_EPSetStall    stm32f7xx_ll_usb.o
    0x08012e14   0x08012e14   0x000002d0   Code   RO         3987    i.USB_EPStartXfer   stm32f7xx_ll_usb.o
    0x080130e4   0x080130e4   0x0000000e   Code   RO         3988    i.USB_EnableGlobalInt  stm32f7xx_ll_usb.o
    0x080130f2   0x080130f2   0x00000002   PAD
    0x080130f4   0x080130f4   0x0000002c   Code   RO         3989    i.USB_FlushRxFifo   stm32f7xx_ll_usb.o
    0x08013120   0x08013120   0x00000030   Code   RO         3990    i.USB_FlushTxFifo   stm32f7xx_ll_usb.o
    0x08013150   0x08013150   0x00000044   Code   RO         3992    i.USB_GetDevSpeed   stm32f7xx_ll_usb.o
    0x08013194   0x08013194   0x0000000a   Code   RO         3994    i.USB_GetMode       stm32f7xx_ll_usb.o
    0x0801319e   0x0801319e   0x00000002   PAD
    0x080131a0   0x080131a0   0x00000034   Code   RO         5862    i.USB_Init          hw_init.o
    0x080131d4   0x080131d4   0x00000012   Code   RO         4001    i.USB_ReadDevAllInEpInterrupt  stm32f7xx_ll_usb.o
    0x080131e6   0x080131e6   0x00000012   Code   RO         4002    i.USB_ReadDevAllOutEpInterrupt  stm32f7xx_ll_usb.o
    0x080131f8   0x080131f8   0x0000002c   Code   RO         4003    i.USB_ReadDevInEPInterrupt  stm32f7xx_ll_usb.o
    0x08013224   0x08013224   0x00000016   Code   RO         4004    i.USB_ReadDevOutEPInterrupt  stm32f7xx_ll_usb.o
    0x0801323a   0x0801323a   0x0000000c   Code   RO         4005    i.USB_ReadInterrupts  stm32f7xx_ll_usb.o
    0x08013246   0x08013246   0x00000028   Code   RO         4006    i.USB_ReadPacket    stm32f7xx_ll_usb.o
    0x0801326e   0x0801326e   0x00000030   Code   RO         4008    i.USB_SetCurrentMode  stm32f7xx_ll_usb.o
    0x0801329e   0x0801329e   0x00000024   Code   RO         4009    i.USB_SetDevAddress  stm32f7xx_ll_usb.o
    0x080132c2   0x080132c2   0x00000010   Code   RO         4010    i.USB_SetDevSpeed   stm32f7xx_ll_usb.o
    0x080132d2   0x080132d2   0x0000003a   Code   RO         4013    i.USB_WritePacket   stm32f7xx_ll_usb.o
    0x0801330c   0x0801330c   0x00000004   Code   RO         5189    i.UsageFault_Handler  stm32f7xx_it.o
    0x08013310   0x08013310   0x000000f8   Code   RO         5737    i.VCP_DataTx        gd_app.o
    0x08013408   0x08013408   0x0000003c   Code   RO         5738    i.Video_Process     gd_app.o
    0x08013444   0x08013444   0x00000040   Code   RO         6477    i.Write_RAM_Byte_Len  Sensor.lib(sensor.o)
    0x08013484   0x08013484   0x00000004   Code   RO         5863    i._Error_Handler    hw_init.o
    0x08013488   0x08013488   0x0000000e   Code   RO         6879    i.__scatterload_copy  mc_w.l(handlers.o)
    0x08013496   0x08013496   0x00000002   Code   RO         6880    i.__scatterload_null  mc_w.l(handlers.o)
    0x08013498   0x08013498   0x0000000e   Code   RO         6881    i.__scatterload_zeroinit  mc_w.l(handlers.o)
    0x080134a6   0x080134a6   0x0000000a   Code   RO         6201    i._delay_           clcd.o
    0x080134b0   0x080134b0   0x00000008   Code   RO         6038    i.advance_process   uart_app.o
    0x080134b8   0x080134b8   0x00000030   Code   RO         6039    i.expert_page0_process  uart_app.o
    0x080134e8   0x080134e8   0x00000088   Code   RO         6040    i.expert_page1_process  uart_app.o
    0x08013570   0x08013570   0x00000028   Code   RO         6041    i.expert_page2_process  uart_app.o
    0x08013598   0x08013598   0x000000f8   Code   RO         6042    i.expert_page3_process  uart_app.o
    0x08013690   0x08013690   0x00000050   Code   RO         6800    i.free              mc_w.l(malloc.o)
    0x080136e0   0x080136e0   0x0000016a   Code   RO         6659    i.gdGetHist         Sensor.lib(bd.o)
    0x0801384a   0x0801384a   0x000000f8   Code   RO         6660    i.gdLinearDRT       Sensor.lib(bd.o)
    0x08013942   0x08013942   0x0000001c   Code   RO         6664    i.gdUndistort       Sensor.lib(bd.o)
    0x0801395e   0x0801395e   0x00000002   PAD
    0x08013960   0x08013960   0x000001c4   Code   RO         5739    i.inquire_process_image  gd_app.o
    0x08013b24   0x08013b24   0x000000b8   Code   RO         5462    i.main              main.o
    0x08013bdc   0x08013bdc   0x0000006c   Code   RO         6801    i.malloc            mc_w.l(malloc.o)
    0x08013c48   0x08013c48   0x00000034   Code   RO         6043    i.setup_process     uart_app.o
    0x08013c7c   0x08013c7c   0x0000004c   Code   RO         6044    i.video_page1_process  uart_app.o
    0x08013cc8   0x08013cc8   0x00000008   Data   RO          879    .constdata          stm32f7xx_hal_dma.o
    0x08013cd0   0x08013cd0   0x00000018   Data   RO         5569    .constdata          system_stm32f7xx.o
    0x08013ce8   0x08013ce8   0x00000014   Data   RO         6104    .constdata          varible.o
    0x08013cfc   0x08013cfc   0x00000030   Data   RO         6877    Region$$Table       anon$$obj.o


    Execution Region RW_IRAM2 (Exec base: 0x20000000, Load base: 0x08013e48, Size: 0x00007640, Max: 0x00010000, ABSOLUTE)

    Exec Addr    Load Addr    Size         Type   Attr      Idx    E Section Name        Object

    0x20000000        -       0x00005640   Zero   RW         5307    .bss                usbd_cdc_interface.o
    0x20005640        -       0x00002000   Zero   RW         5601    STACK               startup_stm32f769xx.o


    Execution Region RW_IRAM1 (Exec base: 0x20010000, Load base: 0x08013d2c, Size: 0x00036dc0, Max: 0x00040000, ABSOLUTE, COMPRESSED[0x0000011c])

    Exec Addr    Load Addr    Size         Type   Attr      Idx    E Section Name        Object

    0x20010000   COMPRESSED   0x00000004   Data   RW           27    .data               stm32f7xx_hal.o
    0x20010004   COMPRESSED   0x00000115   Data   RW         4543    .data               usbd_cdc.o
    0x20010119   COMPRESSED   0x00000001   Data   RW         4836    .data               usbd_ctlreq.o
    0x2001011a   COMPRESSED   0x00000002   PAD
    0x2001011c   COMPRESSED   0x00000024   Data   RW         5308    .data               usbd_cdc_interface.o
    0x20010140   COMPRESSED   0x0000004e   Data   RW         5394    .data               usbd_desc.o
    0x2001018e   COMPRESSED   0x00000002   PAD
    0x20010190   COMPRESSED   0x00000008   Data   RW         5524    .data               stm32f7xx_hal_msp.o
    0x20010198   COMPRESSED   0x00000004   Data   RW         5570    .data               system_stm32f7xx.o
    0x2001019c   COMPRESSED   0x00000002   Data   RW         6000    .data               sensor_control.o
    0x2001019e   COMPRESSED   0x00000002   PAD
    0x200101a0   COMPRESSED   0x00000088   Data   RW         6105    .data               varible.o
    0x20010228   COMPRESSED   0x00000002   Data   RW         6136    .data               ads1115.o
    0x2001022a   COMPRESSED   0x00000002   PAD
    0x2001022c   COMPRESSED   0x00000022   Data   RW         6479    .data               Sensor.lib(sensor.o)
    0x2001024e   COMPRESSED   0x00000002   PAD
    0x20010250   COMPRESSED   0x00000004   Data   RW         6870    .data               mc_w.l(mvars.o)
    0x20010254   COMPRESSED   0x00000004   Data   RW         6871    .data               mc_w.l(mvars.o)
    0x20010258        -       0x0000001c   Zero   RW         1028    .bss                stm32f7xx_hal_flash.o
    0x20010274        -       0x00000400   Zero   RW         5005    .bss                usbd_conf.o
    0x20010674        -       0x00000100   Zero   RW         5393    .bss                usbd_desc.o
    0x20010774        -       0x000000b0   Zero   RW         5627    .bss                camera.o
    0x20010824        -       0x00000320   Zero   RW         5864    .bss                hw_init.o
    0x20010b44        -       0x0000027c   Zero   RW         6103    .bss                varible.o
    0x20010dc0        -       0x00036000   Zero   RW         5602    HEAP                startup_stm32f769xx.o


==============================================================================

Image component sizes


      Code (inc. data)   RO Data    RW Data    ZI Data      Debug   Object Name

       970        114          0          2          0       5048   ads1115.o
       590         42          0          0        176       7158   camera.o
       556         10          0          0          0       3535   clcd.o
      1684         76          0          0          0       6350   gd_app.o
       660         26          0          0          0       2213   gd_flash.o
      2892        286          0          0        800      16324   hw_init.o
       524         48          0          0          0       4015   i2c.o
       244         28          0          0          0       1807   main.o
       844         22          0          2          0       1999   sensor_control.o
        84         12          0          0          0       1542   shutter.o
       100         24          0          0          0       2202   spi.o
        36          8        456          0     229376        832   startup_stm32f769xx.o
       134         20          0          4          0     864731   stm32f7xx_hal.o
       566         46          0          0          0      39156   stm32f7xx_hal_cortex.o
       988         24          0          0          0       6190   stm32f7xx_hal_dcmi.o
      1912         26          8          0          0       9516   stm32f7xx_hal_dma.o
      4094         42          0          0          0       5061   stm32f7xx_hal_dma_ex.o
       744         78          0          0         28       7584   stm32f7xx_hal_flash.o
       120          6          0          0          0        765   stm32f7xx_hal_flash_ex.o
       556         52          0          0          0       3177   stm32f7xx_hal_gpio.o
      1922         24          0          0          0      14476   stm32f7xx_hal_i2c.o
       300         24          0          8          0       2417   stm32f7xx_hal_msp.o
      3042         44          0          0          0      11505   stm32f7xx_hal_pcd.o
       134          4          0          0          0       3273   stm32f7xx_hal_pcd_ex.o
       144          8          0          0          0       1344   stm32f7xx_hal_pwr_ex.o
      2064         56          0          0          0       5446   stm32f7xx_hal_rcc.o
      2328         26          0          0          0       2328   stm32f7xx_hal_rcc_ex.o
      2402          0          0          0          0       8091   stm32f7xx_hal_spi.o
        88          0          0          0          0       1276   stm32f7xx_hal_sram.o
       770         44          0          0          0       6055   stm32f7xx_hal_tim.o
         4          0          0          0          0       1742   stm32f7xx_hal_tim_ex.o
       682          4          0          0          0       5010   stm32f7xx_hal_uart.o
       130         32          0          0          0       7957   stm32f7xx_it.o
       294         10          0          0          0       2924   stm32f7xx_ll_fmc.o
      3142         60          0          0          0      21674   stm32f7xx_ll_usb.o
       100         20         24          4          0       1247   system_stm32f7xx.o
       892         90          0          0          0       4534   uart_app.o
       766         36          0        277          0      18958   usbd_cdc.o
       676         68          0         36      22080       7265   usbd_cdc_interface.o
      1208         36          0          0       1024      17270   usbd_conf.o
       792          0          0          0          0      13489   usbd_core.o
      1584         30          0          1          0      11392   usbd_ctlreq.o
       434        170          0         78        256       7078   usbd_desc.o
       174          0          0          0          0       4944   usbd_ioreq.o
         0          0         20        136        636       3305   varible.o

    ----------------------------------------------------------------------
     42420       1776        556        556     254376    1174205   Object Totals
         0          0         48          0          0          0   (incl. Generated)
        50          0          0          8          0          0   (incl. Padding)

    ----------------------------------------------------------------------

      Code (inc. data)   RO Data    RW Data    ZI Data      Debug   Library Member Name

       638          0          0          0          0       3488   bd.o
       152         16          0          0          0        768   imagecal.o
      2746        146          0         34          0      19468   sensor.o
        86          0          0          0          0          0   __dczerorl2.o
         0          0          0          0          0          0   entry.o
         0          0          0          0          0          0   entry10a.o
         0          0          0          0          0          0   entry11a.o
         8          4          0          0          0          0   entry2.o
         4          0          0          0          0          0   entry5.o
         0          0          0          0          0          0   entry7b.o
         0          0          0          0          0          0   entry8b.o
         8          4          0          0          0          0   entry9a.o
        30          0          0          0          0          0   handlers.o
        36          8          0          0          0         68   init.o
         0          0          0          0          0          0   iusefp.o
        98          0          0          0          0         84   ldiv.o
        30          0          0          0          0         68   llshl.o
        36          0          0          0          0         68   llsshr.o
        32          0          0          0          0         68   llushr.o
       188         20          0          0          0        160   malloc.o
        36          0          0          0          0         68   memcpya.o
        36          0          0          0          0        108   memseta.o
         0          0          0          8          0          0   mvars.o
        98          0          0          0          0         92   uldiv.o
       334          0          0          0          0        148   dadd.o
       222          0          0          0          0        100   ddiv.o
       186          0          0          0          0        176   depilogue.o
        62          0          0          0          0         80   dfixi.o
        50          0          0          0          0         76   dfixui.o
        34          0          0          0          0         76   dflti.o
        40          0          0          0          0         80   dfltl.o
        26          0          0          0          0         76   dfltui.o
       228          0          0          0          0         96   dmul.o

    ----------------------------------------------------------------------
      5452        198          0         44          0      25416   Library Totals
         8          0          0          2          0          0   (incl. Padding)

    ----------------------------------------------------------------------

      Code (inc. data)   RO Data    RW Data    ZI Data      Debug   Library Name

      3536        162          0         34          0      23724   Sensor.lib
       726         36          0          8          0        784   mc_w.l
      1182          0          0          0          0        908   mf_w.l

    ----------------------------------------------------------------------
      5452        198          0         44          0      25416   Library Totals

    ----------------------------------------------------------------------

==============================================================================


      Code (inc. data)   RO Data    RW Data    ZI Data      Debug   

     47872       1974        556        600     254376    1163321   Grand Totals
     47872       1974        556        284     254376    1163321   ELF Image Totals (compressed)
     47872       1974        556        284          0          0   ROM Totals

==============================================================================

    Total RO  Size (Code + RO Data)                48428 (  47.29kB)
    Total RW  Size (RW Data + ZI Data)            254976 ( 249.00kB)
    Total ROM Size (Code + RO Data + RW Data)      48712 (  47.57kB)

==============================================================================

