Component: ARM Compiler 5.06 update 5 (build 528) Tool: armlink [4d35e2]

==============================================================================

Section Cross References

    stm32f7xx_hal.o(i.HAL_DeInit) refers to stm32f7xx_hal.o(i.HAL_MspDeInit) for HAL_MspDeInit
    stm32f7xx_hal.o(i.HAL_Delay) refers to stm32f7xx_hal.o(i.HAL_GetTick) for HAL_GetTick
    stm32f7xx_hal.o(i.HAL_GetTick) refers to stm32f7xx_hal.o(.data) for uwTick
    stm32f7xx_hal.o(i.HAL_IncTick) refers to stm32f7xx_hal.o(.data) for uwTick
    stm32f7xx_hal.o(i.HAL_Init) refers to stm32f7xx_hal_cortex.o(i.HAL_NVIC_SetPriorityGrouping) for HAL_NVIC_SetPriorityGrouping
    stm32f7xx_hal.o(i.HAL_Init) refers to stm32f7xx_hal.o(i.HAL_InitTick) for HAL_InitTick
    stm32f7xx_hal.o(i.HAL_Init) refers to stm32f7xx_hal.o(i.HAL_MspInit) for HAL_MspInit
    stm32f7xx_hal.o(i.HAL_InitTick) refers to stm32f7xx_hal_cortex.o(i.HAL_SYSTICK_Config) for HAL_SYSTICK_Config
    stm32f7xx_hal.o(i.HAL_InitTick) refers to stm32f7xx_hal_cortex.o(i.HAL_NVIC_SetPriority) for HAL_NVIC_SetPriority
    stm32f7xx_hal.o(i.HAL_InitTick) refers to system_stm32f7xx.o(.data) for SystemCoreClock
    stm32f7xx_hal_adc.o(i.ADC_DMAConvCplt) refers to stm32f7xx_hal_adc.o(i.HAL_ADC_ConvCpltCallback) for HAL_ADC_ConvCpltCallback
    stm32f7xx_hal_adc.o(i.ADC_DMAError) refers to stm32f7xx_hal_adc.o(i.HAL_ADC_ErrorCallback) for HAL_ADC_ErrorCallback
    stm32f7xx_hal_adc.o(i.ADC_DMAHalfConvCplt) refers to stm32f7xx_hal_adc.o(i.HAL_ADC_ConvHalfCpltCallback) for HAL_ADC_ConvHalfCpltCallback
    stm32f7xx_hal_adc.o(i.HAL_ADC_ConfigChannel) refers to system_stm32f7xx.o(.data) for SystemCoreClock
    stm32f7xx_hal_adc.o(i.HAL_ADC_DeInit) refers to stm32f7xx_hal_adc.o(i.HAL_ADC_MspDeInit) for HAL_ADC_MspDeInit
    stm32f7xx_hal_adc.o(i.HAL_ADC_IRQHandler) refers to stm32f7xx_hal_adc.o(i.HAL_ADC_ConvCpltCallback) for HAL_ADC_ConvCpltCallback
    stm32f7xx_hal_adc.o(i.HAL_ADC_IRQHandler) refers to stm32f7xx_hal_adc_ex.o(i.HAL_ADCEx_InjectedConvCpltCallback) for HAL_ADCEx_InjectedConvCpltCallback
    stm32f7xx_hal_adc.o(i.HAL_ADC_IRQHandler) refers to stm32f7xx_hal_adc.o(i.HAL_ADC_LevelOutOfWindowCallback) for HAL_ADC_LevelOutOfWindowCallback
    stm32f7xx_hal_adc.o(i.HAL_ADC_IRQHandler) refers to stm32f7xx_hal_adc.o(i.HAL_ADC_ErrorCallback) for HAL_ADC_ErrorCallback
    stm32f7xx_hal_adc.o(i.HAL_ADC_Init) refers to stm32f7xx_hal_adc.o(i.HAL_ADC_MspInit) for HAL_ADC_MspInit
    stm32f7xx_hal_adc.o(i.HAL_ADC_Init) refers to stm32f7xx_hal_adc.o(i.ADC_Init) for ADC_Init
    stm32f7xx_hal_adc.o(i.HAL_ADC_PollForConversion) refers to stm32f7xx_hal.o(i.HAL_GetTick) for HAL_GetTick
    stm32f7xx_hal_adc.o(i.HAL_ADC_PollForEvent) refers to stm32f7xx_hal.o(i.HAL_GetTick) for HAL_GetTick
    stm32f7xx_hal_adc.o(i.HAL_ADC_Start) refers to system_stm32f7xx.o(.data) for SystemCoreClock
    stm32f7xx_hal_adc.o(i.HAL_ADC_Start_DMA) refers to stm32f7xx_hal_dma.o(i.HAL_DMA_Start_IT) for HAL_DMA_Start_IT
    stm32f7xx_hal_adc.o(i.HAL_ADC_Start_DMA) refers to system_stm32f7xx.o(.data) for SystemCoreClock
    stm32f7xx_hal_adc.o(i.HAL_ADC_Start_DMA) refers to stm32f7xx_hal_adc.o(i.ADC_DMAConvCplt) for ADC_DMAConvCplt
    stm32f7xx_hal_adc.o(i.HAL_ADC_Start_DMA) refers to stm32f7xx_hal_adc.o(i.ADC_DMAHalfConvCplt) for ADC_DMAHalfConvCplt
    stm32f7xx_hal_adc.o(i.HAL_ADC_Start_DMA) refers to stm32f7xx_hal_adc.o(i.ADC_DMAError) for ADC_DMAError
    stm32f7xx_hal_adc.o(i.HAL_ADC_Start_IT) refers to system_stm32f7xx.o(.data) for SystemCoreClock
    stm32f7xx_hal_adc.o(i.HAL_ADC_Stop_DMA) refers to stm32f7xx_hal_dma.o(i.HAL_DMA_Abort) for HAL_DMA_Abort
    stm32f7xx_hal_adc_ex.o(i.ADC_MultiModeDMAConvCplt) refers to stm32f7xx_hal_adc.o(i.HAL_ADC_ConvCpltCallback) for HAL_ADC_ConvCpltCallback
    stm32f7xx_hal_adc_ex.o(i.ADC_MultiModeDMAError) refers to stm32f7xx_hal_adc.o(i.HAL_ADC_ErrorCallback) for HAL_ADC_ErrorCallback
    stm32f7xx_hal_adc_ex.o(i.ADC_MultiModeDMAHalfConvCplt) refers to stm32f7xx_hal_adc.o(i.HAL_ADC_ConvHalfCpltCallback) for HAL_ADC_ConvHalfCpltCallback
    stm32f7xx_hal_adc_ex.o(i.HAL_ADCEx_InjectedPollForConversion) refers to stm32f7xx_hal.o(i.HAL_GetTick) for HAL_GetTick
    stm32f7xx_hal_adc_ex.o(i.HAL_ADCEx_InjectedStart) refers to system_stm32f7xx.o(.data) for SystemCoreClock
    stm32f7xx_hal_adc_ex.o(i.HAL_ADCEx_InjectedStart_IT) refers to system_stm32f7xx.o(.data) for SystemCoreClock
    stm32f7xx_hal_adc_ex.o(i.HAL_ADCEx_MultiModeStart_DMA) refers to stm32f7xx_hal_dma.o(i.HAL_DMA_Start_IT) for HAL_DMA_Start_IT
    stm32f7xx_hal_adc_ex.o(i.HAL_ADCEx_MultiModeStart_DMA) refers to system_stm32f7xx.o(.data) for SystemCoreClock
    stm32f7xx_hal_adc_ex.o(i.HAL_ADCEx_MultiModeStart_DMA) refers to stm32f7xx_hal_adc_ex.o(i.ADC_MultiModeDMAConvCplt) for ADC_MultiModeDMAConvCplt
    stm32f7xx_hal_adc_ex.o(i.HAL_ADCEx_MultiModeStart_DMA) refers to stm32f7xx_hal_adc_ex.o(i.ADC_MultiModeDMAHalfConvCplt) for ADC_MultiModeDMAHalfConvCplt
[...]
    __aeabi_memset4                          0x080082e9   Thumb Code     0  memseta.o(.text)
    __aeabi_memset8                          0x080082e9   Thumb Code     0  memseta.o(.text)
    __aeabi_memclr                           0x080082f7   Thumb Code     4  memseta.o(.text)
    __aeabi_memclr4                          0x080082f7   Thumb Code     0  memseta.o(.text)
    __aeabi_memclr8                          0x080082f7   Thumb Code     0  memseta.o(.text)
    _memset$wrapper                          0x080082fb   Thumb Code    18  memseta.o(.text)
    __aeabi_dadd                             0x0800830d   Thumb Code   322  dadd.o(.text)
    __aeabi_dsub                             0x0800844f   Thumb Code     6  dadd.o(.text)
    __aeabi_drsub                            0x08008455   Thumb Code     6  dadd.o(.text)
    __aeabi_dmul                             0x0800845b   Thumb Code   228  dmul.o(.text)
    __aeabi_ddiv                             0x0800853f   Thumb Code   222  ddiv.o(.text)
    __aeabi_i2d                              0x0800861d   Thumb Code    34  dflti.o(.text)
    __aeabi_ui2d                             0x0800863f   Thumb Code    26  dfltui.o(.text)
    __aeabi_l2d                              0x08008659   Thumb Code    40  dfltl.o(.text)
    __aeabi_d2iz                             0x08008681   Thumb Code    62  dfixi.o(.text)
    __aeabi_d2uiz                            0x080086bf   Thumb Code    50  dfixui.o(.text)
    __aeabi_llsl                             0x080086f1   Thumb Code    30  llshl.o(.text)
    _ll_shift_l                              0x080086f1   Thumb Code     0  llshl.o(.text)
    __aeabi_llsr                             0x0800870f   Thumb Code    32  llushr.o(.text)
    _ll_ushift_r                             0x0800870f   Thumb Code     0  llushr.o(.text)
    __aeabi_lasr                             0x0800872f   Thumb Code    36  llsshr.o(.text)
    _ll_sshift_r                             0x0800872f   Thumb Code     0  llsshr.o(.text)
    __I$use$fp                               0x08008753   Thumb Code     0  iusefp.o(.text)
    _double_round                            0x08008753   Thumb Code    30  depilogue.o(.text)
    _double_epilogue                         0x08008771   Thumb Code   156  depilogue.o(.text)
    __scatterload                            0x0800880d   Thumb Code    28  init.o(.text)
    __scatterload_rt2                        0x0800880d   Thumb Code     0  init.o(.text)
    __decompress                             0x08008831   Thumb Code     0  __dczerorl2.o(.text)
    __decompress1                            0x08008831   Thumb Code    86  __dczerorl2.o(.text)
    ADS1115ReadRegValue                      0x08008887   Thumb Code    36  ads1115.o(i.ADS1115ReadRegValue)
    ADS1115Write                             0x080088ab   Thumb Code    38  ads1115.o(i.ADS1115Write)
    ADSChanelSelect                          0x080088d1   Thumb Code    60  ads1115.o(i.ADSChanelSelect)
    APP_Tick                                 0x0800890d   Thumb Code   152  sensor_control.o(i.APP_Tick)
    Ads1110_Read                             0x080089b1   Thumb Code    96  ads1115.o(i.Ads1110_Read)
    BSP_CAMERA_ContinuousStart               0x08008a29   Thumb Code    20  camera.o(i.BSP_CAMERA_ContinuousStart)
    BSP_CAMERA_ErrorCallback                 0x08008a41   Thumb Code     2  camera.o(i.BSP_CAMERA_ErrorCallback)
    BSP_CAMERA_FrameEventCallback            0x08008a45   Thumb Code    50  main.o(i.BSP_CAMERA_FrameEventCallback)
    BSP_CAMERA_Init                          0x08008a81   Thumb Code    48  camera.o(i.BSP_CAMERA_Init)
    BSP_CAMERA_LineEventCallback             0x08008ab9   Thumb Code     2  camera.o(i.BSP_CAMERA_LineEventCallback)
    BSP_CAMERA_MspInit                       0x08008abd   Thumb Code   416  camera.o(i.BSP_CAMERA_MspInit)
    BSP_CAMERA_Stop                          0x08008c75   Thumb Code    18  camera.o(i.BSP_CAMERA_Stop)
    BSP_CAMERA_VsyncEventCallback            0x08008c8d   Thumb Code     2  camera.o(i.BSP_CAMERA_VsyncEventCallback)
    BaseUpdate                               0x08008c91   Thumb Code   116  sensor.o(i.BaseUpdate)
    BaseUpdateCapture                        0x08008d1d   Thumb Code    50  sensor.o(i.BaseUpdateCapture)
    BaseUpdateInit                           0x08008d59   Thumb Code    22  sensor.o(i.BaseUpdateInit)
    Board_Init                               0x08008d79   Thumb Code   114  hw_init.o(i.Board_Init)
    BusFault_Handler                         0x08008df1   Thumb Code     4  stm32f7xx_it.o(i.BusFault_Handler)
    CalNUCFast                               0x08008f09   Thumb Code   220  sensor.o(i.CalNUCFast)
    Cal_AGV                                  0x08008ff1   Thumb Code   174  sensor.o(i.Cal_AGV)
    Cal_GFID                                 0x080090a1   Thumb Code   184  sensor.o(i.Cal_GFID)
    Cal_NUC                                  0x08009169   Thumb Code    62  sensor.o(i.Cal_NUC)
    Cal_RES_SEL                              0x080091ad   Thumb Code   176  sensor.o(i.Cal_RES_SEL)
    DCMI_IRQHandler                          0x08009409   Thumb Code    10  stm32f7xx_it.o(i.DCMI_IRQHandler)
    DMA2D_IRQHandler                         0x08009419   Thumb Code     2  stm32f7xx_it.o(i.DMA2D_IRQHandler)
    DMA2_Stream1_IRQHandler                  0x0800941d   Thumb Code    12  stm32f7xx_it.o(i.DMA2_Stream1_IRQHandler)
    DMA2_Stream7_IRQHandler                  0x0800942d   Thumb Code    12  stm32f7xx_it.o(i.DMA2_Stream7_IRQHandler)
    DMA_Copy                                 0x0800951d   Thumb Code    94  hw_init.o(i.DMA_Copy)
    Deal_Uart                                0x080095cd   Thumb Code   114  gd_app.o(i.Deal_Uart)
    DebugMon_Handler                         0x08009645   Thumb Code     2  stm32f7xx_it.o(i.DebugMon_Handler)
    FLASH_Erase_Sector                       0x08009649   Thumb Code   114  stm32f7xx_hal_flash_ex.o(i.FLASH_Erase_Sector)
    FLASH_WaitForLastOperation               0x08009821   Thumb Code    90  stm32f7xx_hal_flash.o(i.FLASH_WaitForLastOperation)
    FlashSPIInit                             0x08009885   Thumb Code    58  hw_init.o(i.FlashSPIInit)
    HAL_DCMI_ErrorCallback                   0x080098fd   Thumb Code    10  camera.o(i.HAL_DCMI_ErrorCallback)
    HAL_DCMI_FrameEventCallback              0x08009907   Thumb Code    10  camera.o(i.HAL_DCMI_FrameEventCallback)
    HAL_DCMI_IRQHandler                      0x08009911   Thumb Code   176  stm32f7xx_hal_dcmi.o(i.HAL_DCMI_IRQHandler)
    HAL_DCMI_Init                            0x080099c5   Thumb Code   184  stm32f7xx_hal_dcmi.o(i.HAL_DCMI_Init)
    HAL_DCMI_LineEventCallback               0x08009a81   Thumb Code    10  camera.o(i.HAL_DCMI_LineEventCallback)
    HAL_DCMI_MspInit                         0x08009a8b   Thumb Code     2  stm32f7xx_hal_dcmi.o(i.HAL_DCMI_MspInit)
    HAL_DCMI_Start_DMA                       0x08009a8d   Thumb Code   226  stm32f7xx_hal_dcmi.o(i.HAL_DCMI_Start_DMA)
    HAL_DCMI_Stop                            0x08009b79   Thumb Code   142  stm32f7xx_hal_dcmi.o(i.HAL_DCMI_Stop)
    HAL_DCMI_VsyncEventCallback              0x08009c0d   Thumb Code    10  camera.o(i.HAL_DCMI_VsyncEventCallback)
    HAL_DMAEx_ChangeMemory                   0x08009c17   Thumb Code    18  stm32f7xx_hal_dma_ex.o(i.HAL_DMAEx_ChangeMemory)
    HAL_DMAEx_MultiBufferStart_IT            0x08009c29   Thumb Code  4032  stm32f7xx_hal_dma_ex.o(i.HAL_DMAEx_MultiBufferStart_IT)
    HAL_DMA_Abort                            0x0800abf5   Thumb Code   170  stm32f7xx_hal_dma.o(i.HAL_DMA_Abort)
    HAL_DMA_Abort_IT                         0x0800ac9f   Thumb Code    40  stm32f7xx_hal_dma.o(i.HAL_DMA_Abort_IT)
    HAL_DMA_IRQHandler                       0x0800acc9   Thumb Code   574  stm32f7xx_hal_dma.o(i.HAL_DMA_IRQHandler)
    HAL_DMA_Init                             0x0800af11   Thumb Code   232  stm32f7xx_hal_dma.o(i.HAL_DMA_Init)
    HAL_DMA_PollForTransfer                  0x0800affd   Thumb Code   350  stm32f7xx_hal_dma.o(i.HAL_DMA_PollForTransfer)
    HAL_DMA_Start                            0x0800b161   Thumb Code   102  stm32f7xx_hal_dma.o(i.HAL_DMA_Start)
    HAL_DMA_Start_IT                         0x0800b1c7   Thumb Code   158  stm32f7xx_hal_dma.o(i.HAL_DMA_Start_IT)
    HAL_Delay                                0x0800b265   Thumb Code    26  stm32f7xx_hal.o(i.HAL_Delay)
    HAL_FLASH_Lock                           0x0800b281   Thumb Code    16  stm32f7xx_hal_flash.o(i.HAL_FLASH_Lock)
    HAL_FLASH_OB_Lock                        0x0800b295   Thumb Code    16  stm32f7xx_hal_flash.o(i.HAL_FLASH_OB_Lock)
    HAL_FLASH_OB_Unlock                      0x0800b2a9   Thumb Code    32  stm32f7xx_hal_flash.o(i.HAL_FLASH_OB_Unlock)
    HAL_FLASH_Program                        0x0800b2d5   Thumb Code   154  stm32f7xx_hal_flash.o(i.HAL_FLASH_Program)
    HAL_FLASH_Unlock                         0x0800b379   Thumb Code    32  stm32f7xx_hal_flash.o(i.HAL_FLASH_Unlock)
    HAL_GPIO_Init                            0x0800b3a5   Thumb Code   484  stm32f7xx_hal_gpio.o(i.HAL_GPIO_Init)
    HAL_GPIO_TogglePin                       0x0800b5bd   Thumb Code     8  stm32f7xx_hal_gpio.o(i.HAL_GPIO_TogglePin)
    HAL_GPIO_WritePin                        0x0800b5c5   Thumb Code    12  stm32f7xx_hal_gpio.o(i.HAL_GPIO_WritePin)
    HAL_GetTick                              0x0800b5d1   Thumb Code     6  stm32f7xx_hal.o(i.HAL_GetTick)
    HAL_I2C_DeInit                           0x0800b5dd   Thumb Code    60  stm32f7xx_hal_i2c.o(i.HAL_I2C_DeInit)
    HAL_I2C_GetState                         0x0800b619   Thumb Code     8  stm32f7xx_hal_i2c.o(i.HAL_I2C_GetState)
    HAL_I2C_Init                             0x0800b621   Thumb Code   192  stm32f7xx_hal_i2c.o(i.HAL_I2C_Init)
    HAL_I2C_Mem_Read                         0x0800b6e5   Thumb Code   438  stm32f7xx_hal_i2c.o(i.HAL_I2C_Mem_Read)
    HAL_I2C_Mem_Write                        0x0800b8a1   Thumb Code   436  stm32f7xx_hal_i2c.o(i.HAL_I2C_Mem_Write)
    HAL_I2C_MspDeInit                        0x0800ba59   Thumb Code     2  stm32f7xx_hal_i2c.o(i.HAL_I2C_MspDeInit)
    HAL_I2C_MspInit                          0x0800ba5b   Thumb Code     2  stm32f7xx_hal_i2c.o(i.HAL_I2C_MspInit)
    HAL_IncTick                              0x0800ba5d   Thumb Code    12  stm32f7xx_hal.o(i.HAL_IncTick)
    HAL_Init                                 0x0800ba6d   Thumb Code    34  stm32f7xx_hal.o(i.HAL_Init)
    HAL_InitTick                             0x0800ba95   Thumb Code    36  stm32f7xx_hal.o(i.HAL_InitTick)
    HAL_MspInit                              0x0800babd   Thumb Code     2  stm32f7xx_hal.o(i.HAL_MspInit)
    HAL_NVIC_EnableIRQ                       0x0800babf   Thumb Code    26  stm32f7xx_hal_cortex.o(i.HAL_NVIC_EnableIRQ)
    HAL_NVIC_SetPriority                     0x0800bad9   Thumb Code   124  stm32f7xx_hal_cortex.o(i.HAL_NVIC_SetPriority)
    HAL_NVIC_SetPriorityGrouping             0x0800bb55   Thumb Code    32  stm32f7xx_hal_cortex.o(i.HAL_NVIC_SetPriorityGrouping)
    HAL_NVIC_SystemReset                     0x0800bb7d   Thumb Code    60  stm32f7xx_hal_cortex.o(i.HAL_NVIC_SystemReset)
    HAL_PCDEx_ActivateLPM                    0x0800bbc1   Thumb Code    36  stm32f7xx_hal_pcd_ex.o(i.HAL_PCDEx_ActivateLPM)
    HAL_PCDEx_LPM_Callback                   0x0800bbe9   Thumb Code     2  stm32f7xx_hal_pcd_ex.o(i.HAL_PCDEx_LPM_Callback)
    HAL_PCDEx_SetRxFiFo                      0x0800bbeb   Thumb Code    10  stm32f7xx_hal_pcd_ex.o(i.HAL_PCDEx_SetRxFiFo)
    HAL_PCDEx_SetTxFiFo                      0x0800bbf5   Thumb Code    82  stm32f7xx_hal_pcd_ex.o(i.HAL_PCDEx_SetTxFiFo)
    HAL_PCD_ConnectCallback                  0x0800bc47   Thumb Code    14  usbd_conf.o(i.HAL_PCD_ConnectCallback)
    HAL_PCD_DataInStageCallback              0x0800bc55   Thumb Code    32  usbd_conf.o(i.HAL_PCD_DataInStageCallback)
    HAL_PCD_DataOutStageCallback             0x0800bc75   Thumb Code    32  usbd_conf.o(i.HAL_PCD_DataOutStageCallback)
    HAL_PCD_DisconnectCallback               0x0800bc95   Thumb Code    14  usbd_conf.o(i.HAL_PCD_DisconnectCallback)
    HAL_PCD_EP_Close                         0x0800bca3   Thumb Code   106  stm32f7xx_hal_pcd.o(i.HAL_PCD_EP_Close)
    HAL_PCD_EP_ClrStall                      0x0800bd0d   Thumb Code   104  stm32f7xx_hal_pcd.o(i.HAL_PCD_EP_ClrStall)
    HAL_PCD_EP_GetRxCount                    0x0800bd75   Thumb Code    24  stm32f7xx_hal_pcd.o(i.HAL_PCD_EP_GetRxCount)
    HAL_PCD_EP_Open                          0x0800bd8d   Thumb Code   140  stm32f7xx_hal_pcd.o(i.HAL_PCD_EP_Open)
    HAL_PCD_EP_Receive                       0x0800be19   Thumb Code    88  stm32f7xx_hal_pcd.o(i.HAL_PCD_EP_Receive)
    HAL_PCD_EP_SetStall                      0x0800be71   Thumb Code   122  stm32f7xx_hal_pcd.o(i.HAL_PCD_EP_SetStall)
    HAL_PCD_EP_Transmit                      0x0800beeb   Thumb Code    90  stm32f7xx_hal_pcd.o(i.HAL_PCD_EP_Transmit)
    HAL_PCD_IRQHandler                       0x0800bf45   Thumb Code  1716  stm32f7xx_hal_pcd.o(i.HAL_PCD_IRQHandler)
    HAL_PCD_ISOINIncompleteCallback          0x0800c621   Thumb Code    18  usbd_conf.o(i.HAL_PCD_ISOINIncompleteCallback)
    HAL_PCD_ISOOUTIncompleteCallback         0x0800c633   Thumb Code    18  usbd_conf.o(i.HAL_PCD_ISOOUTIncompleteCallback)
    HAL_PCD_Init                             0x0800c645   Thumb Code   334  stm32f7xx_hal_pcd.o(i.HAL_PCD_Init)
    HAL_PCD_MspInit                          0x0800c795   Thumb Code   574  usbd_conf.o(i.HAL_PCD_MspInit)
    HAL_PCD_ResetCallback                    0x0800c9f1   Thumb Code    50  usbd_conf.o(i.HAL_PCD_ResetCallback)
    HAL_PCD_ResumeCallback                   0x0800ca23   Thumb Code    14  usbd_conf.o(i.HAL_PCD_ResumeCallback)
    HAL_PCD_SOFCallback                      0x0800ca31   Thumb Code    14  usbd_conf.o(i.HAL_PCD_SOFCallback)
    HAL_PCD_SetAddress                       0x0800ca3f   Thumb Code    50  stm32f7xx_hal_pcd.o(i.HAL_PCD_SetAddress)
    HAL_PCD_SetupStageCallback               0x0800ca71   Thumb Code    18  usbd_conf.o(i.HAL_PCD_SetupStageCallback)
    HAL_PCD_Start                            0x0800ca83   Thumb Code    52  stm32f7xx_hal_pcd.o(i.HAL_PCD_Start)
    HAL_PCD_SuspendCallback                  0x0800cab7   Thumb Code    14  usbd_conf.o(i.HAL_PCD_SuspendCallback)
    HAL_PWREx_EnableOverDrive                0x0800cac5   Thumb Code   136  stm32f7xx_hal_pwr_ex.o(i.HAL_PWREx_EnableOverDrive)
    HAL_RCCEx_PeriphCLKConfig                0x0800cb55   Thumb Code  2322  stm32f7xx_hal_rcc_ex.o(i.HAL_RCCEx_PeriphCLKConfig)
    HAL_RCC_ClockConfig                      0x0800d46d   Thumb Code   420  stm32f7xx_hal_rcc.o(i.HAL_RCC_ClockConfig)
    HAL_RCC_GetHCLKFreq                      0x0800d621   Thumb Code     6  stm32f7xx_hal_rcc.o(i.HAL_RCC_GetHCLKFreq)
    HAL_RCC_GetSysClockFreq                  0x0800d62d   Thumb Code   168  stm32f7xx_hal_rcc.o(i.HAL_RCC_GetSysClockFreq)
    HAL_RCC_MCOConfig                        0x0800d6dd   Thumb Code   170  stm32f7xx_hal_rcc.o(i.HAL_RCC_MCOConfig)
    HAL_RCC_OscConfig                        0x0800d795   Thumb Code  1252  stm32f7xx_hal_rcc.o(i.HAL_RCC_OscConfig)
    HAL_SPI_Init                             0x0800dc7d   Thumb Code   242  stm32f7xx_hal_spi.o(i.HAL_SPI_Init)
    HAL_SPI_MspInit                          0x0800dd71   Thumb Code   170  hw_init.o(i.HAL_SPI_MspInit)
    HAL_SPI_Receive                          0x0800de31   Thumb Code   656  stm32f7xx_hal_spi.o(i.HAL_SPI_Receive)
    HAL_SPI_TransmitReceive                  0x0800e0c1   Thumb Code   936  stm32f7xx_hal_spi.o(i.HAL_SPI_TransmitReceive)
    HAL_SYSTICK_Config                       0x0800e469   Thumb Code    52  stm32f7xx_hal_cortex.o(i.HAL_SYSTICK_Config)
    HAL_TIMEx_BreakCallback                  0x0800e49d   Thumb Code     2  stm32f7xx_hal_tim_ex.o(i.HAL_TIMEx_BreakCallback)
    HAL_TIMEx_CommutationCallback            0x0800e49f   Thumb Code     2  stm32f7xx_hal_tim_ex.o(i.HAL_TIMEx_CommutationCallback)
    HAL_TIM_Base_Init                        0x0800e4a1   Thumb Code    52  stm32f7xx_hal_tim.o(i.HAL_TIM_Base_Init)
    HAL_TIM_Base_MspInit                     0x0800e4d5   Thumb Code    50  hw_init.o(i.HAL_TIM_Base_MspInit)
    HAL_TIM_Base_Start_IT                    0x0800e50d   Thumb Code    30  stm32f7xx_hal_tim.o(i.HAL_TIM_Base_Start_IT)
    HAL_TIM_IC_CaptureCallback               0x0800e52b   Thumb Code     2  stm32f7xx_hal_tim.o(i.HAL_TIM_IC_CaptureCallback)
    HAL_TIM_IRQHandler                       0x0800e52d   Thumb Code   440  stm32f7xx_hal_tim.o(i.HAL_TIM_IRQHandler)
    HAL_TIM_OC_DelayElapsedCallback          0x0800e6e5   Thumb Code     2  stm32f7xx_hal_tim.o(i.HAL_TIM_OC_DelayElapsedCallback)
    HAL_TIM_PWM_PulseFinishedCallback        0x0800e6e7   Thumb Code     2  stm32f7xx_hal_tim.o(i.HAL_TIM_PWM_PulseFinishedCallback)
    HAL_TIM_PeriodElapsedCallback            0x0800e6e9   Thumb Code   104  usbd_cdc_interface.o(i.HAL_TIM_PeriodElapsedCallback)
    HAL_TIM_TriggerCallback                  0x0800e761   Thumb Code     2  stm32f7xx_hal_tim.o(i.HAL_TIM_TriggerCallback)
    HAL_UART_ErrorCallback                   0x0800e763   Thumb Code    10  usbd_cdc_interface.o(i.HAL_UART_ErrorCallback)
    HAL_UART_IRQHandler                      0x0800e76d   Thumb Code   348  stm32f7xx_hal_uart.o(i.HAL_UART_IRQHandler)
    HAL_UART_RxCpltCallback                  0x0800e8cd   Thumb Code    30  usbd_cdc_interface.o(i.HAL_UART_RxCpltCallback)
    HAL_UART_TxCpltCallback                  0x0800e8f1   Thumb Code     2  usbd_cdc_interface.o(i.HAL_UART_TxCpltCallback)
    HardFault_Handler                        0x0800e8f3   Thumb Code     4  stm32f7xx_it.o(i.HardFault_Handler)
    I2C1_GPIO_Init                           0x0800e8f9   Thumb Code    66  hw_init.o(i.I2C1_GPIO_Init)
    I2C2_GPIO_Init                           0x0800e945   Thumb Code    64  hw_init.o(i.I2C2_GPIO_Init)
    I2C3_GPIO_Init                           0x0800e98d   Thumb Code    66  hw_init.o(i.I2C3_GPIO_Init)
    I2C_Init                                 0x0800ea01   Thumb Code   324  hw_init.o(i.I2C_Init)
    I2C_Read                                 0x0800ebf1   Thumb Code   118  i2c.o(i.I2C_Read)
    I2C_Write                                0x0800eebd   Thumb Code   122  i2c.o(i.I2C_Write)
    INT_Configuration                        0x0800f04d   Thumb Code   278  hw_init.o(i.INT_Configuration)
    LenNTCRead                               0x0800f1ad   Thumb Code   246  ads1115.o(i.LenNTCRead)
    MemManage_Handler                        0x0800f2cd   Thumb Code     4  stm32f7xx_it.o(i.MemManage_Handler)
    MemoryAlloc                              0x0800f2d1   Thumb Code   124  sensor.o(i.MemoryAlloc)
    NMI_Handler                              0x0800f35d   Thumb Code     2  stm32f7xx_it.o(i.NMI_Handler)
    NUC_All_Set                              0x0800f361   Thumb Code    20  sensor.o(i.NUC_All_Set)
    NUCbyTwoPoint                            0x0800f379   Thumb Code   136  imagecal.o(i.NUCbyTwoPoint)
    NucAuto                                  0x0800f449   Thumb Code   512  sensor.o(i.NucAuto)
    Nuc_Adjust_Image                         0x0800f655   Thumb Code    66  sensor.o(i.Nuc_Adjust_Image)
    OTG_FS_IRQHandler                        0x0800f699   Thumb Code    10  stm32f7xx_it.o(i.OTG_FS_IRQHandler)
    Other_GPIO_Init                          0x0800f6a9   Thumb Code   352  hw_init.o(i.Other_GPIO_Init)
    PendSV_Handler                           0x0800f8d1   Thumb Code     2  stm32f7xx_it.o(i.PendSV_Handler)
    ProcessUart                              0x0800f8d5   Thumb Code   280  uart_app.o(i.ProcessUart)
    Read_Init_Para                           0x0800f9f1   Thumb Code   146  gd_app.o(i.Read_Init_Para)
    Read_Parameter                           0x0800fa89   Thumb Code   176  gd_flash.o(i.Read_Parameter)
    SPI3_GPIO_Init                           0x0800fb41   Thumb Code   114  hw_init.o(i.SPI3_GPIO_Init)
    SPI4_GPIO_Init                           0x0800fbbd   Thumb Code   112  hw_init.o(i.SPI4_GPIO_Init)
    SPI5_GPIO_Init                           0x0800fc35   Thumb Code    88  hw_init.o(i.SPI5_GPIO_Init)
    SPI6_GPIO_Init                           0x0800fc95   Thumb Code   118  hw_init.o(i.SPI6_GPIO_Init)
    SPI_FLASH_CS_HIGH                        0x0800fdfd   Thumb Code    14  spi.o(i.SPI_FLASH_CS_HIGH)
    SPI_FLASH_CS_LOW                         0x0800fe11   Thumb Code    14  spi.o(i.SPI_FLASH_CS_LOW)
    SPI_Read_Byte                            0x0800fe25   Thumb Code    26  spi.o(i.SPI_Read_Byte)
    SPI_SendByte                             0x0800fe45   Thumb Code    22  spi.o(i.SPI_SendByte)
    SVC_Handler                              0x0800ffb3   Thumb Code     2  stm32f7xx_it.o(i.SVC_Handler)
    SendY16                                  0x0800ffb5   Thumb Code    18  gd_app.o(i.SendY16)
    SendY8                                   0x0800ffcd   Thumb Code    58  gd_app.o(i.SendY8)
    Send_Process                             0x0801000d   Thumb Code    82  gd_app.o(i.Send_Process)
    SensorReadReg                            0x0801006d   Thumb Code    44  sensor.o(i.SensorReadReg)
    SensorUpdate                             0x08010099   Thumb Code   132  ads1115.o(i.SensorUpdate)
    Sensor_Config                            0x08010125   Thumb Code    34  sensor.o(i.Sensor_Config)
    Sensor_Init                              0x08010149   Thumb Code    28  sensor_control.o(i.Sensor_Init)
    Sensor_ReConfig                          0x08010169   Thumb Code   642  sensor_control.o(i.Sensor_ReConfig)
    Sensor_Reg_Initial                       0x080103f1   Thumb Code    40  sensor.o(i.Sensor_Reg_Initial)
    Sensor_SPI_Init                          0x08010419   Thumb Code    60  hw_init.o(i.Sensor_SPI_Init)
    SetNucAll                                0x0801045d   Thumb Code    40  sensor.o(i.SetNucAll)
    SetNucSingle                             0x08010489   Thumb Code    12  sensor.o(i.SetNucSingle)
    Set_Parameter                            0x08010495   Thumb Code   220  gd_flash.o(i.Set_Parameter)
    Set_Parameter_Default                    0x08010579   Thumb Code   238  gd_flash.o(i.Set_Parameter_Default)
    ShutterRead                              0x08010671   Thumb Code   248  ads1115.o(i.ShutterRead)
    Shutter_Off                              0x08010791   Thumb Code    24  shutter.o(i.Shutter_Off)
    Shutter_On                               0x080107ad   Thumb Code    24  shutter.o(i.Shutter_On)
    Shutter_State                            0x080107c9   Thumb Code   654  sensor.o(i.Shutter_State)
    Shutter_Stop                             0x08010a61   Thumb Code    24  shutter.o(i.Shutter_Stop)
    SysTick_Handler                          0x08010a7d   Thumb Code     8  stm32f7xx_it.o(i.SysTick_Handler)
    SystemClock_Config                       0x08010a85   Thumb Code   208  hw_init.o(i.SystemClock_Config)
    SystemInit                               0x08010b5d   Thumb Code    80  system_stm32f7xx.o(i.SystemInit)
    TIM3_IRQHandler                          0x08010bc1   Thumb Code    10  stm32f7xx_it.o(i.TIM3_IRQHandler)
    TIM_Base_SetConfig                       0x08010bd1   Thumb Code   196  stm32f7xx_hal_tim.o(i.TIM_Base_SetConfig)
    USART1_IRQHandler                        0x08010e3d   Thumb Code    10  stm32f7xx_it.o(i.USART1_IRQHandler)
    USBD_CDC_GetDeviceQualifierDescriptor    0x08010f0d   Thumb Code    10  usbd_cdc.o(i.USBD_CDC_GetDeviceQualifierDescriptor)
    USBD_CDC_ReceivePacket                   0x08010ff5   Thumb Code    90  usbd_cdc.o(i.USBD_CDC_ReceivePacket)
    USBD_CDC_RegisterInterface               0x08011055   Thumb Code    14  usbd_cdc.o(i.USBD_CDC_RegisterInterface)
    USBD_CDC_SetRxBuffer                     0x08011063   Thumb Code    14  usbd_cdc.o(i.USBD_CDC_SetRxBuffer)
    USBD_CDC_SetTxBuffer                     0x08011071   Thumb Code    20  usbd_cdc.o(i.USBD_CDC_SetTxBuffer)
    USBD_CDC_TransmitPacket                  0x08011115   Thumb Code    56  usbd_cdc.o(i.USBD_CDC_TransmitPacket)
    USBD_ClrClassConfig                      0x0801114d   Thumb Code    22  usbd_core.o(i.USBD_ClrClassConfig)
    USBD_CtlContinueRx                       0x080111a7   Thumb Code    24  usbd_ioreq.o(i.USBD_CtlContinueRx)
    USBD_CtlContinueSendData                 0x080111bf   Thumb Code    24  usbd_ioreq.o(i.USBD_CtlContinueSendData)
    USBD_CtlError                            0x080111d7   Thumb Code    24  usbd_ctlreq.o(i.USBD_CtlError)
    USBD_CtlPrepareRx                        0x080111ef   Thumb Code    40  usbd_ioreq.o(i.USBD_CtlPrepareRx)
    USBD_CtlReceiveStatus                    0x08011217   Thumb Code    26  usbd_ioreq.o(i.USBD_CtlReceiveStatus)
    USBD_CtlSendData                         0x08011231   Thumb Code    34  usbd_ioreq.o(i.USBD_CtlSendData)
    USBD_CtlSendStatus                       0x08011253   Thumb Code    26  usbd_ioreq.o(i.USBD_CtlSendStatus)
    USBD_GetString                           0x0801145d   Thumb Code    82  usbd_ctlreq.o(i.USBD_GetString)
    USBD_Init                                0x080114af   Thumb Code    50  usbd_core.o(i.USBD_Init)
    USBD_LL_ClearStallEP                     0x080114e1   Thumb Code    20  usbd_conf.o(i.USBD_LL_ClearStallEP)
    USBD_LL_CloseEP                          0x080114f5   Thumb Code    20  usbd_conf.o(i.USBD_LL_CloseEP)
    USBD_LL_DataInStage                      0x08011509   Thumb Code   218  usbd_core.o(i.USBD_LL_DataInStage)
    USBD_LL_DataOutStage                     0x080115e3   Thumb Code   134  usbd_core.o(i.USBD_LL_DataOutStage)
    USBD_LL_DevConnected                     0x08011669   Thumb Code     6  usbd_core.o(i.USBD_LL_DevConnected)
    USBD_LL_DevDisconnected                  0x0801166f   Thumb Code    26  usbd_core.o(i.USBD_LL_DevDisconnected)
    USBD_LL_GetRxDataSize                    0x08011689   Thumb Code    18  usbd_conf.o(i.USBD_LL_GetRxDataSize)
    USBD_LL_Init                             0x0801169d   Thumb Code    94  usbd_conf.o(i.USBD_LL_Init)
    USBD_LL_IsStallEP                        0x08011701   Thumb Code    56  usbd_conf.o(i.USBD_LL_IsStallEP)
    USBD_LL_IsoINIncomplete                  0x08011739   Thumb Code     6  usbd_core.o(i.USBD_LL_IsoINIncomplete)
    USBD_LL_IsoOUTIncomplete                 0x0801173f   Thumb Code     6  usbd_core.o(i.USBD_LL_IsoOUTIncomplete)
    USBD_LL_OpenEP                           0x08011745   Thumb Code    32  usbd_conf.o(i.USBD_LL_OpenEP)
    USBD_LL_PrepareReceive                   0x08011765   Thumb Code    32  usbd_conf.o(i.USBD_LL_PrepareReceive)
    USBD_LL_Reset                            0x08011785   Thumb Code    68  usbd_core.o(i.USBD_LL_Reset)
    USBD_LL_Resume                           0x080117c9   Thumb Code    14  usbd_core.o(i.USBD_LL_Resume)
    USBD_LL_SOF                              0x080117d7   Thumb Code    34  usbd_core.o(i.USBD_LL_SOF)
    USBD_LL_SetSpeed                         0x080117f9   Thumb Code     8  usbd_core.o(i.USBD_LL_SetSpeed)
    USBD_LL_SetUSBAddress                    0x08011801   Thumb Code    20  usbd_conf.o(i.USBD_LL_SetUSBAddress)
    USBD_LL_SetupStage                       0x08011815   Thumb Code   110  usbd_core.o(i.USBD_LL_SetupStage)
    USBD_LL_StallEP                          0x08011883   Thumb Code    20  usbd_conf.o(i.USBD_LL_StallEP)
    USBD_LL_Start                            0x08011897   Thumb Code    16  usbd_conf.o(i.USBD_LL_Start)
    USBD_LL_Suspend                          0x080118a7   Thumb Code    20  usbd_core.o(i.USBD_LL_Suspend)
    USBD_LL_Transmit                         0x080118bb   Thumb Code    32  usbd_conf.o(i.USBD_LL_Transmit)
    USBD_ParseSetupRequest                   0x080118db   Thumb Code    40  usbd_ctlreq.o(i.USBD_ParseSetupRequest)
    USBD_RegisterClass                       0x08011903   Thumb Code    16  usbd_core.o(i.USBD_RegisterClass)
    USBD_RunTestMode                         0x08011913   Thumb Code     6  usbd_core.o(i.USBD_RunTestMode)
    USBD_SetClassConfig                      0x0801196d   Thumb Code    34  usbd_core.o(i.USBD_SetClassConfig)
    USBD_Start                               0x08011a95   Thumb Code    14  usbd_core.o(i.USBD_Start)
    USBD_StdDevReq                           0x08011aa3   Thumb Code   114  usbd_ctlreq.o(i.USBD_StdDevReq)
    USBD_StdEPReq                            0x08011b15   Thumb Code   342  usbd_ctlreq.o(i.USBD_StdEPReq)
    USBD_StdItfReq                           0x08011c6b   Thumb Code    74  usbd_ctlreq.o(i.USBD_StdItfReq)
    USBD_VCP_ConfigStrDescriptor             0x08011cb5   Thumb Code    34  usbd_desc.o(i.USBD_VCP_ConfigStrDescriptor)
    USBD_VCP_DeviceDescriptor                0x08011ce9   Thumb Code    10  usbd_desc.o(i.USBD_VCP_DeviceDescriptor)
    USBD_VCP_InterfaceStrDescriptor          0x08011cf9   Thumb Code    34  usbd_desc.o(i.USBD_VCP_InterfaceStrDescriptor)
    USBD_VCP_LangIDStrDescriptor             0x08011d31   Thumb Code    10  usbd_desc.o(i.USBD_VCP_LangIDStrDescriptor)
    USBD_VCP_ManufacturerStrDescriptor       0x08011d41   Thumb Code    20  usbd_desc.o(i.USBD_VCP_ManufacturerStrDescriptor)
    USBD_VCP_ProductStrDescriptor            0x08011d6d   Thumb Code    34  usbd_desc.o(i.USBD_VCP_ProductStrDescriptor)
    USBD_VCP_SerialStrDescriptor             0x08011ddd   Thumb Code    18  usbd_desc.o(i.USBD_VCP_SerialStrDescriptor)
    USB_ActivateEndpoint                     0x08011df5   Thumb Code   192  stm32f7xx_ll_usb.o(i.USB_ActivateEndpoint)
    USB_ActivateSetup                        0x08011eb9   Thumb Code    68  stm32f7xx_ll_usb.o(i.USB_ActivateSetup)
    USB_Appcall                              0x08011efd   Thumb Code   464  gd_app.o(i.USB_Appcall)
    USB_CoreInit                             0x080120d1   Thumb Code   108  stm32f7xx_ll_usb.o(i.USB_CoreInit)
    USB_DeactivateEndpoint                   0x0801218d   Thumb Code   162  stm32f7xx_ll_usb.o(i.USB_DeactivateEndpoint)
    USB_DevConnect                           0x08012235   Thumb Code    30  stm32f7xx_ll_usb.o(i.USB_DevConnect)
    USB_DevDisconnect                        0x08012253   Thumb Code    30  stm32f7xx_ll_usb.o(i.USB_DevDisconnect)
    USB_DevInit                              0x08012271   Thumb Code   442  stm32f7xx_ll_usb.o(i.USB_DevInit)
    USB_DisableGlobalInt                     0x0801243d   Thumb Code    14  stm32f7xx_ll_usb.o(i.USB_DisableGlobalInt)
    USB_EP0StartXfer                         0x0801244d   Thumb Code   422  stm32f7xx_ll_usb.o(i.USB_EP0StartXfer)
    USB_EP0_OutStart                         0x080125f9   Thumb Code    68  stm32f7xx_ll_usb.o(i.USB_EP0_OutStart)
    USB_EPClearStall                         0x0801263d   Thumb Code   136  stm32f7xx_ll_usb.o(i.USB_EPClearStall)
    USB_EPSetStall                           0x080126c5   Thumb Code   140  stm32f7xx_ll_usb.o(i.USB_EPSetStall)
    USB_EPStartXfer                          0x08012751   Thumb Code   714  stm32f7xx_ll_usb.o(i.USB_EPStartXfer)
    USB_EnableGlobalInt                      0x08012a21   Thumb Code    14  stm32f7xx_ll_usb.o(i.USB_EnableGlobalInt)
    USB_FlushRxFifo                          0x08012a31   Thumb Code    38  stm32f7xx_ll_usb.o(i.USB_FlushRxFifo)
    USB_FlushTxFifo                          0x08012a5d   Thumb Code    44  stm32f7xx_ll_usb.o(i.USB_FlushTxFifo)
    USB_GetDevSpeed                          0x08012a8d   Thumb Code    68  stm32f7xx_ll_usb.o(i.USB_GetDevSpeed)
    USB_GetMode                              0x08012ad1   Thumb Code    10  stm32f7xx_ll_usb.o(i.USB_GetMode)
    USB_Init                                 0x08012add   Thumb Code    36  hw_init.o(i.USB_Init)
    USB_ReadDevAllInEpInterrupt              0x08012b11   Thumb Code    18  stm32f7xx_ll_usb.o(i.USB_ReadDevAllInEpInterrupt)
    USB_ReadDevAllOutEpInterrupt             0x08012b23   Thumb Code    18  stm32f7xx_ll_usb.o(i.USB_ReadDevAllOutEpInterrupt)
    USB_ReadDevInEPInterrupt                 0x08012b35   Thumb Code    44  stm32f7xx_ll_usb.o(i.USB_ReadDevInEPInterrupt)
    USB_ReadDevOutEPInterrupt                0x08012b61   Thumb Code    22  stm32f7xx_ll_usb.o(i.USB_ReadDevOutEPInterrupt)
    USB_ReadInterrupts                       0x08012b77   Thumb Code    12  stm32f7xx_ll_usb.o(i.USB_ReadInterrupts)
    USB_ReadPacket                           0x08012b83   Thumb Code    40  stm32f7xx_ll_usb.o(i.USB_ReadPacket)
    USB_SetCurrentMode                       0x08012bab   Thumb Code    48  stm32f7xx_ll_usb.o(i.USB_SetCurrentMode)
    USB_SetDevAddress                        0x08012bdb   Thumb Code    36  stm32f7xx_ll_usb.o(i.USB_SetDevAddress)
    USB_SetDevSpeed                          0x08012bff   Thumb Code    16  stm32f7xx_ll_usb.o(i.USB_SetDevSpeed)
    USB_WritePacket                          0x08012c0f   Thumb Code    58  stm32f7xx_ll_usb.o(i.USB_WritePacket)
    UsageFault_Handler                       0x08012c49   Thumb Code     4  stm32f7xx_it.o(i.UsageFault_Handler)
    VCP_DataTx                               0x08012c4d   Thumb Code   238  gd_app.o(i.VCP_DataTx)
    Video_Process                            0x08012d45   Thumb Code    56  gd_app.o(i.Video_Process)
    Write_RAM_Byte_Len                       0x08012d81   Thumb Code    64  sensor.o(i.Write_RAM_Byte_Len)
    __scatterload_copy                       0x08012dc1   Thumb Code    14  handlers.o(i.__scatterload_copy)
    __scatterload_null                       0x08012dcf   Thumb Code     2  handlers.o(i.__scatterload_null)
    __scatterload_zeroinit                   0x08012dd1   Thumb Code    14  handlers.o(i.__scatterload_zeroinit)
    advance_process                          0x08012ddf   Thumb Code     8  uart_app.o(i.advance_process)
    expert_page0_process                     0x08012de9   Thumb Code    38  uart_app.o(i.expert_page0_process)
    expert_page1_process                     0x08012e19   Thumb Code   128  uart_app.o(i.expert_page1_process)
    expert_page2_process                     0x08012ea1   Thumb Code    34  uart_app.o(i.expert_page2_process)
    expert_page3_process                     0x08012ec9   Thumb Code   238  uart_app.o(i.expert_page3_process)
    free                                     0x08012fc1   Thumb Code    76  malloc.o(i.free)
    gdGetHist                                0x08013011   Thumb Code   362  bd.o(i.gdGetHist)
    gdLinearDRT                              0x0801317b   Thumb Code   248  bd.o(i.gdLinearDRT)
    gdUndistort                              0x08013273   Thumb Code    28  bd.o(i.gdUndistort)
    inquire_process_image                    0x08013291   Thumb Code   432  gd_app.o(i.inquire_process_image)
    main                                     0x08013455   Thumb Code   160  main.o(i.main)
    malloc                                   0x08013505   Thumb Code    92  malloc.o(i.malloc)
    setup_process                            0x08013571   Thumb Code    44  uart_app.o(i.setup_process)
    video_page1_process                      0x080135a5   Thumb Code    62  uart_app.o(i.video_page1_process)
    AHBPrescTable                            0x080135f8   Data          16  system_stm32f7xx.o(.constdata)
    APBPrescTable                            0x08013608   Data           8  system_stm32f7xx.o(.constdata)
    IMAGE_Head                               0x08013610   Data          10  varible.o(.constdata)
    IMAGE_End                                0x0801361a   Data          10  varible.o(.constdata)
    Region$$Table$$Base                      0x08013624   Number         0  anon$$obj.o(Region$$Table)
    Region$$Table$$Limit                     0x08013654   Number         0  anon$$obj.o(Region$$Table)
    UserRxBuffer                             0x20000000   Data          64  usbd_cdc_interface.o(.bss)
    UserTxBuffer                             0x20000040   Data       21840  usbd_cdc_interface.o(.bss)
    UartHandle                               0x20005590   Data         112  usbd_cdc_interface.o(.bss)
    TimHandle                                0x20005600   Data          64  usbd_cdc_interface.o(.bss)
    __initial_sp                             0x20007640   Data           0  startup_stm32f769xx.o(STACK)
    uwTick                                   0x20010000   Data           4  stm32f7xx_hal.o(.data)
    USBD_CDC                                 0x20010010   Data          56  usbd_cdc.o(.data)
    USBD_CDC_CfgHSDesc                       0x20010048   Data          67  usbd_cdc.o(.data)
    USBD_CDC_CfgFSDesc                       0x2001008c   Data          67  usbd_cdc.o(.data)
    USBD_CDC_OtherSpeedCfgDesc               0x200100d0   Data          67  usbd_cdc.o(.data)
    rxcount                                  0x20010114   Data           4  usbd_cdc.o(.data)
    LineCoding                               0x2001011c   Data           8  usbd_cdc_interface.o(.data)
    BuffLength                               0x20010124   Data           4  usbd_cdc_interface.o(.data)
    UserTxBufPtrIn                           0x20010128   Data           4  usbd_cdc_interface.o(.data)
    UserTxBufPtrOut                          0x2001012c   Data           4  usbd_cdc_interface.o(.data)
    USBD_CDC_fops                            0x20010130   Data          16  usbd_cdc_interface.o(.data)
    VCP_Desc                                 0x20010140   Data          28  usbd_desc.o(.data)
    USBD_DeviceDesc                          0x2001015c   Data          18  usbd_desc.o(.data)
    USBD_LangIDDesc                          0x20010170   Data           4  usbd_desc.o(.data)
    USBD_StringSerial                        0x20010174   Data          26  usbd_desc.o(.data)
    SystemCoreClock                          0x20010190   Data           4  system_stm32f7xx.o(.data)
    Sensor120_Parameter                      0x20010198   Data          80  varible.o(.data)
    Loop_Data120                             0x200101e8   Data          16  varible.o(.data)
    Image_Parameter120                       0x200101f8   Data          40  varible.o(.data)
    NUC_Data                                 0x20010224   Data           4  sensor.o(.data)
    Base_Data                                0x20010228   Data           4  sensor.o(.data)
    K_Data                                   0x2001022c   Data           4  sensor.o(.data)
    Y16_Data                                 0x20010230   Data           4  sensor.o(.data)
    us_avg_shutter                           0x20010234   Data           2  sensor.o(.data)
    IsShutter                                0x20010236   Data           1  sensor.o(.data)
    __microlib_freelist                      0x20010248   Data           4  mvars.o(.data)
    __microlib_freelist_initialised          0x2001024c   Data           4  mvars.o(.data)
    pFlash                                   0x20010250   Data          28  stm32f7xx_hal_flash.o(.bss)
    hpcd                                     0x2001026c   Data        1024  usbd_conf.o(.bss)
    USBD_StrDesc                             0x2001066c   Data         256  usbd_desc.o(.bss)
    hDcmiEval                                0x2001076c   Data          80  camera.o(.bss)
    hspi3                                    0x2001081c   Data         100  hw_init.o(.bss)
    hspi4                                    0x20010880   Data         100  hw_init.o(.bss)
    hspi5                                    0x200108e4   Data         100  hw_init.o(.bss)
    hspi6                                    0x20010948   Data         100  hw_init.o(.bss)
    hEvalI2c1                                0x200109ac   Data          76  hw_init.o(.bss)
    hEvalI2c2                                0x200109f8   Data          76  hw_init.o(.bss)
    hEvalI2c3                                0x20010a44   Data          76  hw_init.o(.bss)
    Uart_Parameter120                        0x20010af0   Data         636  varible.o(.bss)
    __heap_base                              0x20010d70   Data           0  startup_stm32f769xx.o(HEAP)
    __heap_limit                             0x20046d70   Data           0  startup_stm32f769xx.o(HEAP)



==============================================================================

Memory Map of the image

  Image Entry point : 0x080081c9

  Load Region LR_IROM1 (Base: 0x08008000, Size: 0x0000b8a4, Max: 0x00020000, ABSOLUTE, COMPRESSED[0x0000b774])

    Execution Region ER_IROM1 (Exec base: 0x08008000, Load base: 0x08008000, Size: 0x0000b654, Max: 0x00020000, ABSOLUTE)

    Exec Addr    Load Addr    Size         Type   Attr      Idx    E Section Name        Object

    0x08008000   0x08008000   0x000001c8   Data   RO         5279    RESET               startup_stm32f769xx.o
    0x080081c8   0x080081c8   0x00000000   Code   RO         6325  * .ARM.Collect$$$$00000000  mc_w.l(entry.o)
    0x080081c8   0x080081c8   0x00000004   Code   RO         6388    .ARM.Collect$$$$00000001  mc_w.l(entry2.o)
    0x080081cc   0x080081cc   0x00000004   Code   RO         6391    .ARM.Collect$$$$00000004  mc_w.l(entry5.o)
    0x080081d0   0x080081d0   0x00000000   Code   RO         6393    .ARM.Collect$$$$00000008  mc_w.l(entry7b.o)
    0x080081d0   0x080081d0   0x00000000   Code   RO         6395    .ARM.Collect$$$$0000000A  mc_w.l(entry8b.o)
    0x080081d0   0x080081d0   0x00000008   Code   RO         6396    .ARM.Collect$$$$0000000B  mc_w.l(entry9a.o)
    0x080081d8   0x080081d8   0x00000000   Code   RO         6398    .ARM.Collect$$$$0000000D  mc_w.l(entry10a.o)
    0x080081d8   0x080081d8   0x00000000   Code   RO         6400    .ARM.Collect$$$$0000000F  mc_w.l(entry11a.o)
    0x080081d8   0x080081d8   0x00000004   Code   RO         6389    .ARM.Collect$$$$00002712  mc_w.l(entry2.o)
    0x080081dc   0x080081dc   0x00000024   Code   RO         5280    .text               startup_stm32f769xx.o
    0x08008200   0x08008200   0x00000062   Code   RO         6328    .text               mc_w.l(uldiv.o)
    0x08008262   0x08008262   0x00000062   Code   RO         6330    .text               mc_w.l(ldiv.o)
    0x080082c4   0x080082c4   0x00000024   Code   RO         6332    .text               mc_w.l(memcpya.o)
    0x080082e8   0x080082e8   0x00000024   Code   RO         6334    .text               mc_w.l(memseta.o)
    0x0800830c   0x0800830c   0x0000014e   Code   RO         6366    .text               mf_w.l(dadd.o)
    0x0800845a   0x0800845a   0x000000e4   Code   RO         6368    .text               mf_w.l(dmul.o)
    0x0800853e   0x0800853e   0x000000de   Code   RO         6370    .text               mf_w.l(ddiv.o)
    0x0800861c   0x0800861c   0x00000022   Code   RO         6372    .text               mf_w.l(dflti.o)
    0x0800863e   0x0800863e   0x0000001a   Code   RO         6374    .text               mf_w.l(dfltui.o)
    0x08008658   0x08008658   0x00000028   Code   RO         6376    .text               mf_w.l(dfltl.o)
    0x08008680   0x08008680   0x0000003e   Code   RO         6380    .text               mf_w.l(dfixi.o)
    0x080086be   0x080086be   0x00000032   Code   RO         6382    .text               mf_w.l(dfixui.o)
    0x080086f0   0x080086f0   0x0000001e   Code   RO         6402    .text               mc_w.l(llshl.o)
    0x0800870e   0x0800870e   0x00000020   Code   RO         6404    .text               mc_w.l(llushr.o)
    0x0800872e   0x0800872e   0x00000024   Code   RO         6406    .text               mc_w.l(llsshr.o)
    0x08008752   0x08008752   0x00000000   Code   RO         6410    .text               mc_w.l(iusefp.o)
    0x08008752   0x08008752   0x000000ba   Code   RO         6411    .text               mf_w.l(depilogue.o)
    0x0800880c   0x0800880c   0x00000024   Code   RO         6413    .text               mc_w.l(init.o)
    0x08008830   0x08008830   0x00000056   Code   RO         6423    .text               mc_w.l(__dczerorl2.o)
    0x08008886   0x08008886   0x00000024   Code   RO         5788    i.ADS1115ReadRegValue  ads1115.o
    0x080088aa   0x080088aa   0x00000026   Code   RO         5789    i.ADS1115Write      ads1115.o
    0x080088d0   0x080088d0   0x0000003c   Code   RO         5790    i.ADSChanelSelect   ads1115.o
    0x0800890c   0x0800890c   0x000000a4   Code   RO         5656    i.APP_Tick          sensor_control.o
    0x080089b0   0x080089b0   0x00000078   Code   RO         5791    i.Ads1110_Read      ads1115.o
    0x08008a28   0x08008a28   0x00000018   Code   RO         5287    i.BSP_CAMERA_ContinuousStart  camera.o
    0x08008a40   0x08008a40   0x00000002   Code   RO         5289    i.BSP_CAMERA_ErrorCallback  camera.o
    0x08008a42   0x08008a42   0x00000002   PAD
    0x08008a44   0x08008a44   0x0000003c   Code   RO         5191    i.BSP_CAMERA_FrameEventCallback  main.o
    0x08008a80   0x08008a80   0x00000038   Code   RO         5291    i.BSP_CAMERA_Init   camera.o
    0x08008ab8   0x08008ab8   0x00000002   Code   RO         5292    i.BSP_CAMERA_LineEventCallback  camera.o
    0x08008aba   0x08008aba   0x00000002   PAD
    0x08008abc   0x08008abc   0x000001b8   Code   RO         5294    i.BSP_CAMERA_MspInit  camera.o
    0x08008c74   0x08008c74   0x00000018   Code   RO         5296    i.BSP_CAMERA_Stop   camera.o
    0x08008c8c   0x08008c8c   0x00000002   Code   RO         5298    i.BSP_CAMERA_VsyncEventCallback  camera.o
    0x08008c8e   0x08008c8e   0x00000002   PAD
    0x08008c90   0x08008c90   0x0000008c   Code   RO         5988    i.BaseUpdate        Sensor.lib(sensor.o)
    0x08008d1c   0x08008d1c   0x0000003c   Code   RO         5989    i.BaseUpdateCapture  Sensor.lib(sensor.o)
    0x08008d58   0x08008d58   0x00000020   Code   RO         5990    i.BaseUpdateInit    Sensor.lib(sensor.o)
    0x08008d78   0x08008d78   0x00000078   Code   RO         5518    i.Board_Init        hw_init.o
    0x08008df0   0x08008df0   0x00000004   Code   RO         4904    i.BusFault_Handler  stm32f7xx_it.o
    0x08008df4   0x08008df4   0x000000a8   Code   RO         5026    i.CDC_Itf_Control   usbd_cdc_interface.o
    0x08008e9c   0x08008e9c   0x00000004   Code   RO         5027    i.CDC_Itf_DeInit    usbd_cdc_interface.o
    0x08008ea0   0x08008ea0   0x00000060   Code   RO         5028    i.CDC_Itf_Init      usbd_cdc_interface.o
    0x08008f00   0x08008f00   0x00000006   Code   RO         5029    i.CDC_Itf_Receive   usbd_cdc_interface.o
    0x08008f06   0x08008f06   0x00000002   PAD
    0x08008f08   0x08008f08   0x000000e8   Code   RO         5991    i.CalNUCFast        Sensor.lib(sensor.o)
    0x08008ff0   0x08008ff0   0x000000ae   Code   RO         5992    i.Cal_AGV           Sensor.lib(sensor.o)
    0x0800909e   0x0800909e   0x00000002   PAD
    0x080090a0   0x080090a0   0x000000c8   Code   RO         5993    i.Cal_GFID          Sensor.lib(sensor.o)
    0x08009168   0x08009168   0x00000044   Code   RO         5994    i.Cal_NUC           Sensor.lib(sensor.o)
    0x080091ac   0x080091ac   0x000000b8   Code   RO         5995    i.Cal_RES_SEL       Sensor.lib(sensor.o)
    0x08009264   0x08009264   0x000000b8   Code   RO         5030    i.ComPort_Config    usbd_cdc_interface.o
    0x0800931c   0x0800931c   0x00000024   Code   RO          716    i.DCMI_DMAError     stm32f7xx_hal_dcmi.o
    0x08009340   0x08009340   0x000000c6   Code   RO          717    i.DCMI_DMAXferCplt  stm32f7xx_hal_dcmi.o
    0x08009406   0x08009406   0x00000002   PAD
    0x08009408   0x08009408   0x00000010   Code   RO         4905    i.DCMI_IRQHandler   stm32f7xx_it.o
    0x08009418   0x08009418   0x00000002   Code   RO         4906    i.DMA2D_IRQHandler  stm32f7xx_it.o
    0x0800941a   0x0800941a   0x00000002   PAD
    0x0800941c   0x0800941c   0x00000010   Code   RO         4907    i.DMA2_Stream1_IRQHandler  stm32f7xx_it.o
    0x0800942c   0x0800942c   0x00000010   Code   RO         4908    i.DMA2_Stream7_IRQHandler  stm32f7xx_it.o
    0x0800943c   0x0800943c   0x00000034   Code   RO          864    i.DMA_CalcBaseAndBitshift  stm32f7xx_hal_dma.o
    0x08009470   0x08009470   0x000000aa   Code   RO          865    i.DMA_CheckFifoParam  stm32f7xx_hal_dma.o
    0x0800951a   0x0800951a   0x00000002   PAD
    0x0800951c   0x0800951c   0x00000064   Code   RO         5519    i.DMA_Copy          hw_init.o
    0x08009580   0x08009580   0x00000020   Code   RO          970    i.DMA_MultiBufferSetConfig  stm32f7xx_hal_dma_ex.o
    0x080095a0   0x080095a0   0x0000002c   Code   RO          866    i.DMA_SetConfig     stm32f7xx_hal_dma.o
    0x080095cc   0x080095cc   0x00000078   Code   RO         5407    i.Deal_Uart         gd_app.o
    0x08009644   0x08009644   0x00000002   Code   RO         4909    i.DebugMon_Handler  stm32f7xx_it.o
    0x08009646   0x08009646   0x00000002   Code   RO         5031    i.Error_Handler     usbd_cdc_interface.o
    0x08009648   0x08009648   0x00000078   Code   RO         1129    i.FLASH_Erase_Sector  stm32f7xx_hal_flash_ex.o
    0x080096c0   0x080096c0   0x00000034   Code   RO         1011    i.FLASH_Program_Byte  stm32f7xx_hal_flash.o
    0x080096f4   0x080096f4   0x0000003c   Code   RO         1012    i.FLASH_Program_DoubleWord  stm32f7xx_hal_flash.o
    0x08009730   0x08009730   0x00000038   Code   RO         1013    i.FLASH_Program_HalfWord  stm32f7xx_hal_flash.o
    0x08009768   0x08009768   0x00000038   Code   RO         1014    i.FLASH_Program_Word  stm32f7xx_hal_flash.o
    0x080097a0   0x080097a0   0x00000080   Code   RO         1015    i.FLASH_SetErrorCode  stm32f7xx_hal_flash.o
    0x08009820   0x08009820   0x00000064   Code   RO         1016    i.FLASH_WaitForLastOperation  stm32f7xx_hal_flash.o
    0x08009884   0x08009884   0x00000044   Code   RO         5520    i.FlashSPIInit      hw_init.o
    0x080098c8   0x080098c8   0x00000034   Code   RO         5114    i.Get_SerialNum     usbd_desc.o
    0x080098fc   0x080098fc   0x0000000a   Code   RO         5299    i.HAL_DCMI_ErrorCallback  camera.o
    0x08009906   0x08009906   0x0000000a   Code   RO         5300    i.HAL_DCMI_FrameEventCallback  camera.o
    0x08009910   0x08009910   0x000000b4   Code   RO          725    i.HAL_DCMI_IRQHandler  stm32f7xx_hal_dcmi.o
    0x080099c4   0x080099c4   0x000000bc   Code   RO          726    i.HAL_DCMI_Init     stm32f7xx_hal_dcmi.o
    0x08009a80   0x08009a80   0x0000000a   Code   RO         5301    i.HAL_DCMI_LineEventCallback  camera.o
    0x08009a8a   0x08009a8a   0x00000002   Code   RO          729    i.HAL_DCMI_MspInit  stm32f7xx_hal_dcmi.o
    0x08009a8c   0x08009a8c   0x000000ec   Code   RO          731    i.HAL_DCMI_Start_DMA  stm32f7xx_hal_dcmi.o
    0x08009b78   0x08009b78   0x00000094   Code   RO          732    i.HAL_DCMI_Stop     stm32f7xx_hal_dcmi.o
    0x08009c0c   0x08009c0c   0x0000000a   Code   RO         5302    i.HAL_DCMI_VsyncEventCallback  camera.o
    0x08009c16   0x08009c16   0x00000012   Code   RO          971    i.HAL_DMAEx_ChangeMemory  stm32f7xx_hal_dma_ex.o
    0x08009c28   0x08009c28   0x00000fcc   Code   RO          973    i.HAL_DMAEx_MultiBufferStart_IT  stm32f7xx_hal_dma_ex.o
    0x0800abf4   0x0800abf4   0x000000aa   Code   RO          867    i.HAL_DMA_Abort     stm32f7xx_hal_dma.o
    0x0800ac9e   0x0800ac9e   0x00000028   Code   RO          868    i.HAL_DMA_Abort_IT  stm32f7xx_hal_dma.o
    0x0800acc6   0x0800acc6   0x00000002   PAD
    0x0800acc8   0x0800acc8   0x00000248   Code   RO          872    i.HAL_DMA_IRQHandler  stm32f7xx_hal_dma.o
    0x0800af10   0x0800af10   0x000000ec   Code   RO          873    i.HAL_DMA_Init      stm32f7xx_hal_dma.o
    0x0800affc   0x0800affc   0x00000164   Code   RO          874    i.HAL_DMA_PollForTransfer  stm32f7xx_hal_dma.o
    0x0800b160   0x0800b160   0x00000066   Code   RO          876    i.HAL_DMA_Start     stm32f7xx_hal_dma.o
    0x0800b1c6   0x0800b1c6   0x0000009e   Code   RO          877    i.HAL_DMA_Start_IT  stm32f7xx_hal_dma.o
    0x0800b264   0x0800b264   0x0000001a   Code   RO           11    i.HAL_Delay         stm32f7xx_hal.o
    0x0800b27e   0x0800b27e   0x00000002   PAD
    0x0800b280   0x0800b280   0x00000014   Code   RO         1020    i.HAL_FLASH_Lock    stm32f7xx_hal_flash.o
    0x0800b294   0x0800b294   0x00000014   Code   RO         1022    i.HAL_FLASH_OB_Lock  stm32f7xx_hal_flash.o
    0x0800b2a8   0x0800b2a8   0x0000002c   Code   RO         1023    i.HAL_FLASH_OB_Unlock  stm32f7xx_hal_flash.o
    0x0800b2d4   0x0800b2d4   0x000000a4   Code   RO         1025    i.HAL_FLASH_Program  stm32f7xx_hal_flash.o
    0x0800b378   0x0800b378   0x0000002c   Code   RO         1027    i.HAL_FLASH_Unlock  stm32f7xx_hal_flash.o
    0x0800b3a4   0x0800b3a4   0x00000218   Code   RO         1241    i.HAL_GPIO_Init     stm32f7xx_hal_gpio.o
    0x0800b5bc   0x0800b5bc   0x00000008   Code   RO         1244    i.HAL_GPIO_TogglePin  stm32f7xx_hal_gpio.o
    0x0800b5c4   0x0800b5c4   0x0000000c   Code   RO         1245    i.HAL_GPIO_WritePin  stm32f7xx_hal_gpio.o
    0x0800b5d0   0x0800b5d0   0x0000000c   Code   RO           19    i.HAL_GetTick       stm32f7xx_hal.o
    0x0800b5dc   0x0800b5dc   0x0000003c   Code   RO         1306    i.HAL_I2C_DeInit    stm32f7xx_hal_i2c.o
    0x0800b618   0x0800b618   0x00000008   Code   RO         1314    i.HAL_I2C_GetState  stm32f7xx_hal_i2c.o
    0x0800b620   0x0800b620   0x000000c4   Code   RO         1315    i.HAL_I2C_Init      stm32f7xx_hal_i2c.o
    0x0800b6e4   0x0800b6e4   0x000001bc   Code   RO         1331    i.HAL_I2C_Mem_Read  stm32f7xx_hal_i2c.o
    0x0800b8a0   0x0800b8a0   0x000001b8   Code   RO         1334    i.HAL_I2C_Mem_Write  stm32f7xx_hal_i2c.o
    0x0800ba58   0x0800ba58   0x00000002   Code   RO         1337    i.HAL_I2C_MspDeInit  stm32f7xx_hal_i2c.o
    0x0800ba5a   0x0800ba5a   0x00000002   Code   RO         1338    i.HAL_I2C_MspInit   stm32f7xx_hal_i2c.o
    0x0800ba5c   0x0800ba5c   0x00000010   Code   RO           20    i.HAL_IncTick       stm32f7xx_hal.o
    0x0800ba6c   0x0800ba6c   0x00000028   Code   RO           21    i.HAL_Init          stm32f7xx_hal.o
    0x0800ba94   0x0800ba94   0x00000028   Code   RO           22    i.HAL_InitTick      stm32f7xx_hal.o
    0x0800babc   0x0800babc   0x00000002   Code   RO           24    i.HAL_MspInit       stm32f7xx_hal.o
    0x0800babe   0x0800babe   0x0000001a   Code   RO          581    i.HAL_NVIC_EnableIRQ  stm32f7xx_hal_cortex.o
    0x0800bad8   0x0800bad8   0x0000007c   Code   RO          587    i.HAL_NVIC_SetPriority  stm32f7xx_hal_cortex.o
    0x0800bb54   0x0800bb54   0x00000028   Code   RO          588    i.HAL_NVIC_SetPriorityGrouping  stm32f7xx_hal_cortex.o
    0x0800bb7c   0x0800bb7c   0x00000044   Code   RO          589    i.HAL_NVIC_SystemReset  stm32f7xx_hal_cortex.o
    0x0800bbc0   0x0800bbc0   0x00000028   Code   RO         3705    i.HAL_PCDEx_ActivateLPM  stm32f7xx_hal_pcd_ex.o
    0x0800bbe8   0x0800bbe8   0x00000002   Code   RO         3707    i.HAL_PCDEx_LPM_Callback  stm32f7xx_hal_pcd_ex.o
    0x0800bbea   0x0800bbea   0x0000000a   Code   RO         3708    i.HAL_PCDEx_SetRxFiFo  stm32f7xx_hal_pcd_ex.o
    0x0800bbf4   0x0800bbf4   0x00000052   Code   RO         3709    i.HAL_PCDEx_SetTxFiFo  stm32f7xx_hal_pcd_ex.o
    0x0800bc46   0x0800bc46   0x0000000e   Code   RO         4707    i.HAL_PCD_ConnectCallback  usbd_conf.o
    0x0800bc54   0x0800bc54   0x00000020   Code   RO         4708    i.HAL_PCD_DataInStageCallback  usbd_conf.o
    0x0800bc74   0x0800bc74   0x00000020   Code   RO         4709    i.HAL_PCD_DataOutStageCallback  usbd_conf.o
    0x0800bc94   0x0800bc94   0x0000000e   Code   RO         4710    i.HAL_PCD_DisconnectCallback  usbd_conf.o
    0x0800bca2   0x0800bca2   0x0000006a   Code   RO         3499    i.HAL_PCD_EP_Close  stm32f7xx_hal_pcd.o
    0x0800bd0c   0x0800bd0c   0x00000068   Code   RO         3500    i.HAL_PCD_EP_ClrStall  stm32f7xx_hal_pcd.o
    0x0800bd74   0x0800bd74   0x00000018   Code   RO         3502    i.HAL_PCD_EP_GetRxCount  stm32f7xx_hal_pcd.o
    0x0800bd8c   0x0800bd8c   0x0000008c   Code   RO         3503    i.HAL_PCD_EP_Open   stm32f7xx_hal_pcd.o
    0x0800be18   0x0800be18   0x00000058   Code   RO         3504    i.HAL_PCD_EP_Receive  stm32f7xx_hal_pcd.o
    0x0800be70   0x0800be70   0x0000007a   Code   RO         3505    i.HAL_PCD_EP_SetStall  stm32f7xx_hal_pcd.o
    0x0800beea   0x0800beea   0x0000005a   Code   RO         3506    i.HAL_PCD_EP_Transmit  stm32f7xx_hal_pcd.o
    0x0800bf44   0x0800bf44   0x000006dc   Code   RO         3508    i.HAL_PCD_IRQHandler  stm32f7xx_hal_pcd.o
    0x0800c620   0x0800c620   0x00000012   Code   RO         4711    i.HAL_PCD_ISOINIncompleteCallback  usbd_conf.o
    0x0800c632   0x0800c632   0x00000012   Code   RO         4712    i.HAL_PCD_ISOOUTIncompleteCallback  usbd_conf.o
    0x0800c644   0x0800c644   0x0000014e   Code   RO         3511    i.HAL_PCD_Init      stm32f7xx_hal_pcd.o
    0x0800c792   0x0800c792   0x00000002   PAD
    0x0800c794   0x0800c794   0x0000025c   Code   RO         4714    i.HAL_PCD_MspInit   usbd_conf.o
    0x0800c9f0   0x0800c9f0   0x00000032   Code   RO         4715    i.HAL_PCD_ResetCallback  usbd_conf.o
    0x0800ca22   0x0800ca22   0x0000000e   Code   RO         4716    i.HAL_PCD_ResumeCallback  usbd_conf.o
    0x0800ca30   0x0800ca30   0x0000000e   Code   RO         4717    i.HAL_PCD_SOFCallback  usbd_conf.o
    0x0800ca3e   0x0800ca3e   0x00000032   Code   RO         3517    i.HAL_PCD_SetAddress  stm32f7xx_hal_pcd.o
    0x0800ca70   0x0800ca70   0x00000012   Code   RO         4718    i.HAL_PCD_SetupStageCallback  usbd_conf.o
    0x0800ca82   0x0800ca82   0x00000034   Code   RO         3519    i.HAL_PCD_Start     stm32f7xx_hal_pcd.o
    0x0800cab6   0x0800cab6   0x0000000e   Code   RO         4719    i.HAL_PCD_SuspendCallback  usbd_conf.o
    0x0800cac4   0x0800cac4   0x00000090   Code   RO         3883    i.HAL_PWREx_EnableOverDrive  stm32f7xx_hal_pwr_ex.o
    0x0800cb54   0x0800cb54   0x00000918   Code   RO         1866    i.HAL_RCCEx_PeriphCLKConfig  stm32f7xx_hal_rcc_ex.o
    0x0800d46c   0x0800d46c   0x000001b4   Code   RO         1763    i.HAL_RCC_ClockConfig  stm32f7xx_hal_rcc.o
    0x0800d620   0x0800d620   0x0000000c   Code   RO         1768    i.HAL_RCC_GetHCLKFreq  stm32f7xx_hal_rcc.o
    0x0800d62c   0x0800d62c   0x000000b0   Code   RO         1772    i.HAL_RCC_GetSysClockFreq  stm32f7xx_hal_rcc.o
    0x0800d6dc   0x0800d6dc   0x000000b8   Code   RO         1773    i.HAL_RCC_MCOConfig  stm32f7xx_hal_rcc.o
    0x0800d794   0x0800d794   0x000004e8   Code   RO         1775    i.HAL_RCC_OscConfig  stm32f7xx_hal_rcc.o
    0x0800dc7c   0x0800dc7c   0x000000f2   Code   RO         1947    i.HAL_SPI_Init      stm32f7xx_hal_spi.o
    0x0800dd6e   0x0800dd6e   0x00000002   PAD
    0x0800dd70   0x0800dd70   0x000000c0   Code   RO         5521    i.HAL_SPI_MspInit   hw_init.o
    0x0800de30   0x0800de30   0x00000290   Code   RO         1950    i.HAL_SPI_Receive   stm32f7xx_hal_spi.o
    0x0800e0c0   0x0800e0c0   0x000003a8   Code   RO         1956    i.HAL_SPI_TransmitReceive  stm32f7xx_hal_spi.o
    0x0800e468   0x0800e468   0x00000034   Code   RO          592    i.HAL_SYSTICK_Config  stm32f7xx_hal_cortex.o
    0x0800e49c   0x0800e49c   0x00000002   Code   RO         2928    i.HAL_TIMEx_BreakCallback  stm32f7xx_hal_tim_ex.o
    0x0800e49e   0x0800e49e   0x00000002   Code   RO         2929    i.HAL_TIMEx_CommutationCallback  stm32f7xx_hal_tim_ex.o
    0x0800e4a0   0x0800e4a0   0x00000034   Code   RO         2285    i.HAL_TIM_Base_Init  stm32f7xx_hal_tim.o
    0x0800e4d4   0x0800e4d4   0x00000038   Code   RO         5522    i.HAL_TIM_Base_MspInit  hw_init.o
    0x0800e50c   0x0800e50c   0x0000001e   Code   RO         2290    i.HAL_TIM_Base_Start_IT  stm32f7xx_hal_tim.o
    0x0800e52a   0x0800e52a   0x00000002   Code   RO         2314    i.HAL_TIM_IC_CaptureCallback  stm32f7xx_hal_tim.o
    0x0800e52c   0x0800e52c   0x000001b8   Code   RO         2327    i.HAL_TIM_IRQHandler  stm32f7xx_hal_tim.o
    0x0800e6e4   0x0800e6e4   0x00000002   Code   RO         2330    i.HAL_TIM_OC_DelayElapsedCallback  stm32f7xx_hal_tim.o
    0x0800e6e6   0x0800e6e6   0x00000002   Code   RO         2357    i.HAL_TIM_PWM_PulseFinishedCallback  stm32f7xx_hal_tim.o
    0x0800e6e8   0x0800e6e8   0x00000078   Code   RO         5032    i.HAL_TIM_PeriodElapsedCallback  usbd_cdc_interface.o
    0x0800e760   0x0800e760   0x00000002   Code   RO         2368    i.HAL_TIM_TriggerCallback  stm32f7xx_hal_tim.o
    0x0800e762   0x0800e762   0x0000000a   Code   RO         5033    i.HAL_UART_ErrorCallback  usbd_cdc_interface.o
    0x0800e76c   0x0800e76c   0x00000160   Code   RO         3219    i.HAL_UART_IRQHandler  stm32f7xx_hal_uart.o
    0x0800e8cc   0x0800e8cc   0x00000024   Code   RO         5034    i.HAL_UART_RxCpltCallback  usbd_cdc_interface.o
    0x0800e8f0   0x0800e8f0   0x00000002   Code   RO         5035    i.HAL_UART_TxCpltCallback  usbd_cdc_interface.o
    0x0800e8f2   0x0800e8f2   0x00000004   Code   RO         4910    i.HardFault_Handler  stm32f7xx_it.o
    0x0800e8f6   0x0800e8f6   0x00000002   PAD
    0x0800e8f8   0x0800e8f8   0x0000004c   Code   RO         5523    i.I2C1_GPIO_Init    hw_init.o
    0x0800e944   0x0800e944   0x00000048   Code   RO         5524    i.I2C2_GPIO_Init    hw_init.o
    0x0800e98c   0x0800e98c   0x0000004c   Code   RO         5525    i.I2C3_GPIO_Init    hw_init.o
    0x0800e9d8   0x0800e9d8   0x00000028   Code   RO         1357    i.I2C_Flush_TXDR    stm32f7xx_hal_i2c.o
    0x0800ea00   0x0800ea00   0x00000164   Code   RO         5526    i.I2C_Init          hw_init.o
    0x0800eb64   0x0800eb64   0x0000008c   Code   RO         1365    i.I2C_IsAcknowledgeFailed  stm32f7xx_hal_i2c.o
    0x0800ebf0   0x0800ebf0   0x0000007c   Code   RO         5851    i.I2C_Read          i2c.o
    0x0800ec6c   0x0800ec6c   0x0000008c   Code   RO         1368    i.I2C_RequestMemoryRead  stm32f7xx_hal_i2c.o
    0x0800ecf8   0x0800ecf8   0x0000008c   Code   RO         1369    i.I2C_RequestMemoryWrite  stm32f7xx_hal_i2c.o
    0x0800ed84   0x0800ed84   0x00000030   Code   RO         1372    i.I2C_TransferConfig  stm32f7xx_hal_i2c.o
    0x0800edb4   0x0800edb4   0x00000056   Code   RO         1373    i.I2C_WaitOnFlagUntilTimeout  stm32f7xx_hal_i2c.o
    0x0800ee0a   0x0800ee0a   0x00000056   Code   RO         1375    i.I2C_WaitOnSTOPFlagUntilTimeout  stm32f7xx_hal_i2c.o
    0x0800ee60   0x0800ee60   0x0000005a   Code   RO         1376    i.I2C_WaitOnTXISFlagUntilTimeout  stm32f7xx_hal_i2c.o
    0x0800eeba   0x0800eeba   0x00000002   PAD
    0x0800eebc   0x0800eebc   0x00000080   Code   RO         5853    i.I2C_Write         i2c.o
    0x0800ef3c   0x0800ef3c   0x00000038   Code   RO         5854    i.I2Cx_Error        i2c.o
    0x0800ef74   0x0800ef74   0x0000006c   Code   RO         5855    i.I2Cx_ReadMultiple  i2c.o
    0x0800efe0   0x0800efe0   0x0000006c   Code   RO         5856    i.I2Cx_WriteMultiple  i2c.o
    0x0800f04c   0x0800f04c   0x00000120   Code   RO         5527    i.INT_Configuration  hw_init.o
    0x0800f16c   0x0800f16c   0x0000003e   Code   RO         5115    i.IntToUnicode      usbd_desc.o
    0x0800f1aa   0x0800f1aa   0x00000002   PAD
    0x0800f1ac   0x0800f1ac   0x00000120   Code   RO         5792    i.LenNTCRead        ads1115.o
    0x0800f2cc   0x0800f2cc   0x00000004   Code   RO         4911    i.MemManage_Handler  stm32f7xx_it.o
    0x0800f2d0   0x0800f2d0   0x0000008c   Code   RO         6001    i.MemoryAlloc       Sensor.lib(sensor.o)
    0x0800f35c   0x0800f35c   0x00000002   Code   RO         4912    i.NMI_Handler       stm32f7xx_it.o
    0x0800f35e   0x0800f35e   0x00000002   PAD
    0x0800f360   0x0800f360   0x00000018   Code   RO         6003    i.NUC_All_Set       Sensor.lib(sensor.o)
    0x0800f378   0x0800f378   0x00000098   Code   RO         6272    i.NUCbyTwoPoint     Sensor.lib(imagecal.o)
    0x0800f410   0x0800f410   0x00000010   Code   RO          594    i.NVIC_GetPriorityGrouping  stm32f7xx_hal_cortex.o
    0x0800f420   0x0800f420   0x00000028   Code   RO          595    i.NVIC_SetPriority  stm32f7xx_hal_cortex.o
    0x0800f448   0x0800f448   0x0000020c   Code   RO         6004    i.NucAuto           Sensor.lib(sensor.o)
    0x0800f654   0x0800f654   0x00000042   Code   RO         6005    i.Nuc_Adjust_Image  Sensor.lib(sensor.o)
    0x0800f696   0x0800f696   0x00000002   PAD
    0x0800f698   0x0800f698   0x00000010   Code   RO         4913    i.OTG_FS_IRQHandler  stm32f7xx_it.o
    0x0800f6a8   0x0800f6a8   0x00000178   Code   RO         5529    i.Other_GPIO_Init   hw_init.o
    0x0800f820   0x0800f820   0x000000b0   Code   RO         3522    i.PCD_WriteEmptyTxFifo  stm32f7xx_hal_pcd.o
    0x0800f8d0   0x0800f8d0   0x00000002   Code   RO         4914    i.PendSV_Handler    stm32f7xx_it.o
    0x0800f8d2   0x0800f8d2   0x00000002   PAD
    0x0800f8d4   0x0800f8d4   0x0000011c   Code   RO         5696    i.ProcessUart       uart_app.o
    0x0800f9f0   0x0800f9f0   0x00000098   Code   RO         5408    i.Read_Init_Para    gd_app.o
    0x0800fa88   0x0800fa88   0x000000b8   Code   RO         5482    i.Read_Parameter    gd_flash.o
    0x0800fb40   0x0800fb40   0x0000007c   Code   RO         5530    i.SPI3_GPIO_Init    hw_init.o
    0x0800fbbc   0x0800fbbc   0x00000078   Code   RO         5531    i.SPI4_GPIO_Init    hw_init.o
    0x0800fc34   0x0800fc34   0x00000060   Code   RO         5532    i.SPI5_GPIO_Init    hw_init.o
    0x0800fc94   0x0800fc94   0x00000080   Code   RO         5533    i.SPI6_GPIO_Init    hw_init.o
    0x0800fd14   0x0800fd14   0x00000082   Code   RO         1986    i.SPI_EndRxTransaction  stm32f7xx_hal_spi.o
    0x0800fd96   0x0800fd96   0x00000064   Code   RO         1987    i.SPI_EndRxTxTransaction  stm32f7xx_hal_spi.o
    0x0800fdfa   0x0800fdfa   0x00000002   PAD
    0x0800fdfc   0x0800fdfc   0x00000014   Code   RO         5948    i.SPI_FLASH_CS_HIGH  spi.o
    0x0800fe10   0x0800fe10   0x00000014   Code   RO         5949    i.SPI_FLASH_CS_LOW  spi.o
    0x0800fe24   0x0800fe24   0x00000020   Code   RO         5950    i.SPI_Read_Byte     spi.o
    0x0800fe44   0x0800fe44   0x0000001c   Code   RO         5951    i.SPI_SendByte      spi.o
    0x0800fe60   0x0800fe60   0x000000b2   Code   RO         1994    i.SPI_WaitFifoStateUntilTimeout  stm32f7xx_hal_spi.o
    0x0800ff12   0x0800ff12   0x000000a0   Code   RO         1995    i.SPI_WaitFlagStateUntilTimeout  stm32f7xx_hal_spi.o
    0x0800ffb2   0x0800ffb2   0x00000002   Code   RO         4915    i.SVC_Handler       stm32f7xx_it.o
    0x0800ffb4   0x0800ffb4   0x00000018   Code   RO         5409    i.SendY16           gd_app.o
    0x0800ffcc   0x0800ffcc   0x00000040   Code   RO         5410    i.SendY8            gd_app.o
    0x0801000c   0x0801000c   0x00000060   Code   RO         5411    i.Send_Process      gd_app.o
    0x0801006c   0x0801006c   0x0000002c   Code   RO         6006    i.SensorReadReg     Sensor.lib(sensor.o)
    0x08010098   0x08010098   0x0000008c   Code   RO         5793    i.SensorUpdate      ads1115.o
    0x08010124   0x08010124   0x00000022   Code   RO         6008    i.Sensor_Config     Sensor.lib(sensor.o)
    0x08010146   0x08010146   0x00000002   PAD
    0x08010148   0x08010148   0x00000020   Code   RO         5657    i.Sensor_Init       sensor_control.o
    0x08010168   0x08010168   0x00000288   Code   RO         5658    i.Sensor_ReConfig   sensor_control.o
    0x080103f0   0x080103f0   0x00000028   Code   RO         6009    i.Sensor_Reg_Initial  Sensor.lib(sensor.o)
    0x08010418   0x08010418   0x00000044   Code   RO         5534    i.Sensor_SPI_Init   hw_init.o
    0x0801045c   0x0801045c   0x0000002c   Code   RO         6011    i.SetNucAll         Sensor.lib(sensor.o)
    0x08010488   0x08010488   0x0000000c   Code   RO         6012    i.SetNucSingle      Sensor.lib(sensor.o)
    0x08010494   0x08010494   0x000000e4   Code   RO         5483    i.Set_Parameter     gd_flash.o
    0x08010578   0x08010578   0x000000f8   Code   RO         5484    i.Set_Parameter_Default  gd_flash.o
    0x08010670   0x08010670   0x00000120   Code   RO         5794    i.ShutterRead       ads1115.o
    0x08010790   0x08010790   0x0000001c   Code   RO         5912    i.Shutter_Off       shutter.o
    0x080107ac   0x080107ac   0x0000001c   Code   RO         5913    i.Shutter_On        shutter.o
    0x080107c8   0x080107c8   0x00000298   Code   RO         6014    i.Shutter_State     Sensor.lib(sensor.o)
    0x08010a60   0x08010a60   0x0000001c   Code   RO         5914    i.Shutter_Stop      shutter.o
    0x08010a7c   0x08010a7c   0x00000008   Code   RO         4916    i.SysTick_Handler   stm32f7xx_it.o
    0x08010a84   0x08010a84   0x000000d8   Code   RO         5535    i.SystemClock_Config  hw_init.o
    0x08010b5c   0x08010b5c   0x00000064   Code   RO         5244    i.SystemInit        system_stm32f7xx.o
    0x08010bc0   0x08010bc0   0x00000010   Code   RO         4917    i.TIM3_IRQHandler   stm32f7xx_it.o
    0x08010bd0   0x08010bd0   0x000000f0   Code   RO         2369    i.TIM_Base_SetConfig  stm32f7xx_hal_tim.o
    0x08010cc0   0x08010cc0   0x00000030   Code   RO         5036    i.TIM_Config        usbd_cdc_interface.o
    0x08010cf0   0x08010cf0   0x00000018   Code   RO         3235    i.UART_DMAAbortOnError  stm32f7xx_hal_uart.o
    0x08010d08   0x08010d08   0x00000020   Code   RO         3241    i.UART_EndRxTransfer  stm32f7xx_hal_uart.o
    0x08010d28   0x08010d28   0x00000020   Code   RO         3242    i.UART_EndTransmit_IT  stm32f7xx_hal_uart.o
    0x08010d48   0x08010d48   0x00000088   Code   RO         3244    i.UART_Receive_IT   stm32f7xx_hal_uart.o
    0x08010dd0   0x08010dd0   0x0000006a   Code   RO         3246    i.UART_Transmit_IT  stm32f7xx_hal_uart.o
    0x08010e3a   0x08010e3a   0x00000002   PAD
    0x08010e3c   0x08010e3c   0x00000010   Code   RO         4918    i.USART1_IRQHandler  stm32f7xx_it.o
    0x08010e4c   0x08010e4c   0x0000001a   Code   RO         4257    i.USBD_CDC_DataIn   usbd_cdc.o
    0x08010e66   0x08010e66   0x00000034   Code   RO         4258    i.USBD_CDC_DataOut  usbd_cdc.o
    0x08010e9a   0x08010e9a   0x00000040   Code   RO         4259    i.USBD_CDC_DeInit   usbd_cdc.o
    0x08010eda   0x08010eda   0x00000032   Code   RO         4260    i.USBD_CDC_EP0_RxReady  usbd_cdc.o
    0x08010f0c   0x08010f0c   0x00000010   Code   RO         4261    i.USBD_CDC_GetDeviceQualifierDescriptor  usbd_cdc.o
    0x08010f1c   0x08010f1c   0x00000010   Code   RO         4262    i.USBD_CDC_GetFSCfgDesc  usbd_cdc.o
    0x08010f2c   0x08010f2c   0x00000010   Code   RO         4263    i.USBD_CDC_GetHSCfgDesc  usbd_cdc.o
    0x08010f3c   0x08010f3c   0x00000010   Code   RO         4264    i.USBD_CDC_GetOtherSpeedCfgDesc  usbd_cdc.o
    0x08010f4c   0x08010f4c   0x000000a6   Code   RO         4265    i.USBD_CDC_Init     usbd_cdc.o
    0x08010ff2   0x08010ff2   0x00000002   PAD
    0x08010ff4   0x08010ff4   0x00000060   Code   RO         4266    i.USBD_CDC_ReceivePacket  usbd_cdc.o
    0x08011054   0x08011054   0x0000000e   Code   RO         4267    i.USBD_CDC_RegisterInterface  usbd_cdc.o
    0x08011062   0x08011062   0x0000000e   Code   RO         4268    i.USBD_CDC_SetRxBuffer  usbd_cdc.o
    0x08011070   0x08011070   0x00000014   Code   RO         4269    i.USBD_CDC_SetTxBuffer  usbd_cdc.o
    0x08011084   0x08011084   0x00000090   Code   RO         4270    i.USBD_CDC_Setup    usbd_cdc.o
    0x08011114   0x08011114   0x00000038   Code   RO         4271    i.USBD_CDC_TransmitPacket  usbd_cdc.o
    0x0801114c   0x0801114c   0x00000016   Code   RO         4414    i.USBD_ClrClassConfig  usbd_core.o
    0x08011162   0x08011162   0x00000044   Code   RO         4552    i.USBD_ClrFeature   usbd_ctlreq.o
    0x080111a6   0x080111a6   0x00000018   Code   RO         4647    i.USBD_CtlContinueRx  usbd_ioreq.o
    0x080111be   0x080111be   0x00000018   Code   RO         4648    i.USBD_CtlContinueSendData  usbd_ioreq.o
    0x080111d6   0x080111d6   0x00000018   Code   RO         4553    i.USBD_CtlError     usbd_ctlreq.o
    0x080111ee   0x080111ee   0x00000028   Code   RO         4649    i.USBD_CtlPrepareRx  usbd_ioreq.o
    0x08011216   0x08011216   0x0000001a   Code   RO         4650    i.USBD_CtlReceiveStatus  usbd_ioreq.o
    0x08011230   0x08011230   0x00000022   Code   RO         4651    i.USBD_CtlSendData  usbd_ioreq.o
    0x08011252   0x08011252   0x0000001a   Code   RO         4652    i.USBD_CtlSendStatus  usbd_ioreq.o
    0x0801126c   0x0801126c   0x00000050   Code   RO         4554    i.USBD_GetConfig    usbd_ctlreq.o
    0x080112bc   0x080112bc   0x00000148   Code   RO         4555    i.USBD_GetDescriptor  usbd_ctlreq.o
    0x08011404   0x08011404   0x00000014   Code   RO         4556    i.USBD_GetLen       usbd_ctlreq.o
    0x08011418   0x08011418   0x00000044   Code   RO         4557    i.USBD_GetStatus    usbd_ctlreq.o
    0x0801145c   0x0801145c   0x00000052   Code   RO         4558    i.USBD_GetString    usbd_ctlreq.o
    0x080114ae   0x080114ae   0x00000032   Code   RO         4416    i.USBD_Init         usbd_core.o
    0x080114e0   0x080114e0   0x00000014   Code   RO         4720    i.USBD_LL_ClearStallEP  usbd_conf.o
    0x080114f4   0x080114f4   0x00000014   Code   RO         4721    i.USBD_LL_CloseEP   usbd_conf.o
    0x08011508   0x08011508   0x000000da   Code   RO         4417    i.USBD_LL_DataInStage  usbd_core.o
    0x080115e2   0x080115e2   0x00000086   Code   RO         4418    i.USBD_LL_DataOutStage  usbd_core.o
    0x08011668   0x08011668   0x00000006   Code   RO         4419    i.USBD_LL_DevConnected  usbd_core.o
    0x0801166e   0x0801166e   0x0000001a   Code   RO         4420    i.USBD_LL_DevDisconnected  usbd_core.o
    0x08011688   0x08011688   0x00000012   Code   RO         4725    i.USBD_LL_GetRxDataSize  usbd_conf.o
    0x0801169a   0x0801169a   0x00000002   PAD
    0x0801169c   0x0801169c   0x00000064   Code   RO         4726    i.USBD_LL_Init      usbd_conf.o
    0x08011700   0x08011700   0x00000038   Code   RO         4727    i.USBD_LL_IsStallEP  usbd_conf.o
    0x08011738   0x08011738   0x00000006   Code   RO         4421    i.USBD_LL_IsoINIncomplete  usbd_core.o
    0x0801173e   0x0801173e   0x00000006   Code   RO         4422    i.USBD_LL_IsoOUTIncomplete  usbd_core.o
    0x08011744   0x08011744   0x00000020   Code   RO         4728    i.USBD_LL_OpenEP    usbd_conf.o
    0x08011764   0x08011764   0x00000020   Code   RO         4729    i.USBD_LL_PrepareReceive  usbd_conf.o
    0x08011784   0x08011784   0x00000044   Code   RO         4423    i.USBD_LL_Reset     usbd_core.o
    0x080117c8   0x080117c8   0x0000000e   Code   RO         4424    i.USBD_LL_Resume    usbd_core.o
    0x080117d6   0x080117d6   0x00000022   Code   RO         4425    i.USBD_LL_SOF       usbd_core.o
    0x080117f8   0x080117f8   0x00000008   Code   RO         4426    i.USBD_LL_SetSpeed  usbd_core.o
    0x08011800   0x08011800   0x00000014   Code   RO         4730    i.USBD_LL_SetUSBAddress  usbd_conf.o
    0x08011814   0x08011814   0x0000006e   Code   RO         4427    i.USBD_LL_SetupStage  usbd_core.o
    0x08011882   0x08011882   0x00000014   Code   RO         4731    i.USBD_LL_StallEP   usbd_conf.o
    0x08011896   0x08011896   0x00000010   Code   RO         4732    i.USBD_LL_Start     usbd_conf.o
    0x080118a6   0x080118a6   0x00000014   Code   RO         4428    i.USBD_LL_Suspend   usbd_core.o
    0x080118ba   0x080118ba   0x00000020   Code   RO         4734    i.USBD_LL_Transmit  usbd_conf.o
    0x080118da   0x080118da   0x00000028   Code   RO         4559    i.USBD_ParseSetupRequest  usbd_ctlreq.o
    0x08011902   0x08011902   0x00000010   Code   RO         4429    i.USBD_RegisterClass  usbd_core.o
    0x08011912   0x08011912   0x00000006   Code   RO         4430    i.USBD_RunTestMode  usbd_core.o
    0x08011918   0x08011918   0x00000054   Code   RO         4560    i.USBD_SetAddress   usbd_ctlreq.o
    0x0801196c   0x0801196c   0x00000022   Code   RO         4431    i.USBD_SetClassConfig  usbd_core.o
    0x0801198e   0x0801198e   0x00000002   PAD
    0x08011990   0x08011990   0x000000e0   Code   RO         4561    i.USBD_SetConfig    usbd_ctlreq.o
    0x08011a70   0x08011a70   0x00000024   Code   RO         4562    i.USBD_SetFeature   usbd_ctlreq.o
    0x08011a94   0x08011a94   0x0000000e   Code   RO         4432    i.USBD_Start        usbd_core.o
    0x08011aa2   0x08011aa2   0x00000072   Code   RO         4563    i.USBD_StdDevReq    usbd_ctlreq.o
    0x08011b14   0x08011b14   0x00000156   Code   RO         4564    i.USBD_StdEPReq     usbd_ctlreq.o
    0x08011c6a   0x08011c6a   0x0000004a   Code   RO         4565    i.USBD_StdItfReq    usbd_ctlreq.o
    0x08011cb4   0x08011cb4   0x00000034   Code   RO         5116    i.USBD_VCP_ConfigStrDescriptor  usbd_desc.o
    0x08011ce8   0x08011ce8   0x00000010   Code   RO         5117    i.USBD_VCP_DeviceDescriptor  usbd_desc.o
    0x08011cf8   0x08011cf8   0x00000038   Code   RO         5118    i.USBD_VCP_InterfaceStrDescriptor  usbd_desc.o
    0x08011d30   0x08011d30   0x00000010   Code   RO         5119    i.USBD_VCP_LangIDStrDescriptor  usbd_desc.o
    0x08011d40   0x08011d40   0x0000002c   Code   RO         5120    i.USBD_VCP_ManufacturerStrDescriptor  usbd_desc.o
    0x08011d6c   0x08011d6c   0x00000070   Code   RO         5121    i.USBD_VCP_ProductStrDescriptor  usbd_desc.o
    0x08011ddc   0x08011ddc   0x00000018   Code   RO         5122    i.USBD_VCP_SerialStrDescriptor  usbd_desc.o
    0x08011df4   0x08011df4   0x000000c4   Code   RO         3970    i.USB_ActivateEndpoint  stm32f7xx_ll_usb.o
    0x08011eb8   0x08011eb8   0x00000044   Code   RO         3971    i.USB_ActivateSetup  stm32f7xx_ll_usb.o
    0x08011efc   0x08011efc   0x000001d4   Code   RO         5412    i.USB_Appcall       gd_app.o
    0x080120d0   0x080120d0   0x00000070   Code   RO         3973    i.USB_CoreInit      stm32f7xx_ll_usb.o
    0x08012140   0x08012140   0x0000004c   Code   RO         3974    i.USB_CoreReset     stm32f7xx_ll_usb.o
    0x0801218c   0x0801218c   0x000000a8   Code   RO         3976    i.USB_DeactivateEndpoint  stm32f7xx_ll_usb.o
    0x08012234   0x08012234   0x0000001e   Code   RO         3977    i.USB_DevConnect    stm32f7xx_ll_usb.o
    0x08012252   0x08012252   0x0000001e   Code   RO         3978    i.USB_DevDisconnect  stm32f7xx_ll_usb.o
    0x08012270   0x08012270   0x000001cc   Code   RO         3979    i.USB_DevInit       stm32f7xx_ll_usb.o
    0x0801243c   0x0801243c   0x0000000e   Code   RO         3980    i.USB_DisableGlobalInt  stm32f7xx_ll_usb.o
    0x0801244a   0x0801244a   0x00000002   PAD
    0x0801244c   0x0801244c   0x000001ac   Code   RO         3983    i.USB_EP0StartXfer  stm32f7xx_ll_usb.o
    0x080125f8   0x080125f8   0x00000044   Code   RO         3984    i.USB_EP0_OutStart  stm32f7xx_ll_usb.o
    0x0801263c   0x0801263c   0x00000088   Code   RO         3985    i.USB_EPClearStall  stm32f7xx_ll_usb.o
    0x080126c4   0x080126c4   0x0000008c   Code   RO         3986    i.USB_EPSetStall    stm32f7xx_ll_usb.o
    0x08012750   0x08012750   0x000002d0   Code   RO         3987    i.USB_EPStartXfer   stm32f7xx_ll_usb.o
    0x08012a20   0x08012a20   0x0000000e   Code   RO         3988    i.USB_EnableGlobalInt  stm32f7xx_ll_usb.o
    0x08012a2e   0x08012a2e   0x00000002   PAD
    0x08012a30   0x08012a30   0x0000002c   Code   RO         3989    i.USB_FlushRxFifo   stm32f7xx_ll_usb.o
    0x08012a5c   0x08012a5c   0x00000030   Code   RO         3990    i.USB_FlushTxFifo   stm32f7xx_ll_usb.o
    0x08012a8c   0x08012a8c   0x00000044   Code   RO         3992    i.USB_GetDevSpeed   stm32f7xx_ll_usb.o
    0x08012ad0   0x08012ad0   0x0000000a   Code   RO         3994    i.USB_GetMode       stm32f7xx_ll_usb.o
    0x08012ada   0x08012ada   0x00000002   PAD
    0x08012adc   0x08012adc   0x00000034   Code   RO         5536    i.USB_Init          hw_init.o
    0x08012b10   0x08012b10   0x00000012   Code   RO         4001    i.USB_ReadDevAllInEpInterrupt  stm32f7xx_ll_usb.o
    0x08012b22   0x08012b22   0x00000012   Code   RO         4002    i.USB_ReadDevAllOutEpInterrupt  stm32f7xx_ll_usb.o
    0x08012b34   0x08012b34   0x0000002c   Code   RO         4003    i.USB_ReadDevInEPInterrupt  stm32f7xx_ll_usb.o
    0x08012b60   0x08012b60   0x00000016   Code   RO         4004    i.USB_ReadDevOutEPInterrupt  stm32f7xx_ll_usb.o
    0x08012b76   0x08012b76   0x0000000c   Code   RO         4005    i.USB_ReadInterrupts  stm32f7xx_ll_usb.o
    0x08012b82   0x08012b82   0x00000028   Code   RO         4006    i.USB_ReadPacket    stm32f7xx_ll_usb.o
    0x08012baa   0x08012baa   0x00000030   Code   RO         4008    i.USB_SetCurrentMode  stm32f7xx_ll_usb.o
    0x08012bda   0x08012bda   0x00000024   Code   RO         4009    i.USB_SetDevAddress  stm32f7xx_ll_usb.o
    0x08012bfe   0x08012bfe   0x00000010   Code   RO         4010    i.USB_SetDevSpeed   stm32f7xx_ll_usb.o
    0x08012c0e   0x08012c0e   0x0000003a   Code   RO         4013    i.USB_WritePacket   stm32f7xx_ll_usb.o
    0x08012c48   0x08012c48   0x00000004   Code   RO         4919    i.UsageFault_Handler  stm32f7xx_it.o
    0x08012c4c   0x08012c4c   0x000000f8   Code   RO         5413    i.VCP_DataTx        gd_app.o
    0x08012d44   0x08012d44   0x0000003c   Code   RO         5414    i.Video_Process     gd_app.o
    0x08012d80   0x08012d80   0x00000040   Code   RO         6015    i.Write_RAM_Byte_Len  Sensor.lib(sensor.o)
    0x08012dc0   0x08012dc0   0x0000000e   Code   RO         6417    i.__scatterload_copy  mc_w.l(handlers.o)
    0x08012dce   0x08012dce   0x00000002   Code   RO         6418    i.__scatterload_null  mc_w.l(handlers.o)
    0x08012dd0   0x08012dd0   0x0000000e   Code   RO         6419    i.__scatterload_zeroinit  mc_w.l(handlers.o)
    0x08012dde   0x08012dde   0x00000008   Code   RO         5697    i.advance_process   uart_app.o
    0x08012de6   0x08012de6   0x00000002   PAD
    0x08012de8   0x08012de8   0x00000030   Code   RO         5698    i.expert_page0_process  uart_app.o
    0x08012e18   0x08012e18   0x00000088   Code   RO         5699    i.expert_page1_process  uart_app.o
    0x08012ea0   0x08012ea0   0x00000028   Code   RO         5700    i.expert_page2_process  uart_app.o
    0x08012ec8   0x08012ec8   0x000000f8   Code   RO         5701    i.expert_page3_process  uart_app.o
    0x08012fc0   0x08012fc0   0x00000050   Code   RO         6338    i.free              mc_w.l(malloc.o)
    0x08013010   0x08013010   0x0000016a   Code   RO         6197    i.gdGetHist         Sensor.lib(bd.o)
    0x0801317a   0x0801317a   0x000000f8   Code   RO         6198    i.gdLinearDRT       Sensor.lib(bd.o)
    0x08013272   0x08013272   0x0000001c   Code   RO         6202    i.gdUndistort       Sensor.lib(bd.o)
    0x0801328e   0x0801328e   0x00000002   PAD
    0x08013290   0x08013290   0x000001c4   Code   RO         5415    i.inquire_process_image  gd_app.o
    0x08013454   0x08013454   0x000000b0   Code   RO         5192    i.main              main.o
    0x08013504   0x08013504   0x0000006c   Code   RO         6339    i.malloc            mc_w.l(malloc.o)
    0x08013570   0x08013570   0x00000034   Code   RO         5702    i.setup_process     uart_app.o
    0x080135a4   0x080135a4   0x0000004c   Code   RO         5703    i.video_page1_process  uart_app.o
    0x080135f0   0x080135f0   0x00000008   Data   RO          879    .constdata          stm32f7xx_hal_dma.o
    0x080135f8   0x080135f8   0x00000018   Data   RO         5245    .constdata          system_stm32f7xx.o
    0x08013610   0x08013610   0x00000014   Data   RO         5763    .constdata          varible.o
    0x08013624   0x08013624   0x00000030   Data   RO         6415    Region$$Table       anon$$obj.o


    Execution Region RW_IRAM2 (Exec base: 0x20000000, Load base: 0x08013774, Size: 0x00007640, Max: 0x00010000, ABSOLUTE)

    Exec Addr    Load Addr    Size         Type   Attr      Idx    E Section Name        Object

    0x20000000        -       0x00005640   Zero   RW         5037    .bss                usbd_cdc_interface.o
    0x20005640        -       0x00002000   Zero   RW         5277    STACK               startup_stm32f769xx.o


    Execution Region RW_IRAM1 (Exec base: 0x20010000, Load base: 0x08013654, Size: 0x00036d70, Max: 0x00040000, ABSOLUTE, COMPRESSED[0x00000120])

    Exec Addr    Load Addr    Size         Type   Attr      Idx    E Section Name        Object

    0x20010000   COMPRESSED   0x00000004   Data   RW           27    .data               stm32f7xx_hal.o
    0x20010004   COMPRESSED   0x00000115   Data   RW         4273    .data               usbd_cdc.o
    0x20010119   COMPRESSED   0x00000001   Data   RW         4566    .data               usbd_ctlreq.o
    0x2001011a   COMPRESSED   0x00000002   PAD
    0x2001011c   COMPRESSED   0x00000024   Data   RW         5038    .data               usbd_cdc_interface.o
    0x20010140   COMPRESSED   0x0000004e   Data   RW         5124    .data               usbd_desc.o
    0x2001018e   COMPRESSED   0x00000002   PAD
    0x20010190   COMPRESSED   0x00000004   Data   RW         5246    .data               system_stm32f7xx.o
    0x20010194   COMPRESSED   0x00000002   Data   RW         5659    .data               sensor_control.o
    0x20010196   COMPRESSED   0x00000002   PAD
    0x20010198   COMPRESSED   0x00000088   Data   RW         5764    .data               varible.o
    0x20010220   COMPRESSED   0x00000002   Data   RW         5795    .data               ads1115.o
    0x20010222   COMPRESSED   0x00000002   PAD
    0x20010224   COMPRESSED   0x00000022   Data   RW         6017    .data               Sensor.lib(sensor.o)
    0x20010246   COMPRESSED   0x00000002   PAD
    0x20010248   COMPRESSED   0x00000004   Data   RW         6408    .data               mc_w.l(mvars.o)
    0x2001024c   COMPRESSED   0x00000004   Data   RW         6409    .data               mc_w.l(mvars.o)
    0x20010250        -       0x0000001c   Zero   RW         1028    .bss                stm32f7xx_hal_flash.o
    0x2001026c        -       0x00000400   Zero   RW         4735    .bss                usbd_conf.o
    0x2001066c        -       0x00000100   Zero   RW         5123    .bss                usbd_desc.o
    0x2001076c        -       0x000000b0   Zero   RW         5303    .bss                camera.o
    0x2001081c        -       0x000002d4   Zero   RW         5537    .bss                hw_init.o
    0x20010af0        -       0x0000027c   Zero   RW         5762    .bss                varible.o
    0x20010d6c   COMPRESSED   0x00000004   PAD
    0x20010d70        -       0x00036000   Zero   RW         5278    HEAP                startup_stm32f769xx.o


==============================================================================

Image component sizes


      Code (inc. data)   RO Data    RW Data    ZI Data      Debug   Object Name

       970        114          0          2          0       5048   ads1115.o
       590         42          0          0        176       7158   camera.o
      1684         76          0          0          0       6350   gd_app.o
       660         26          0          0          0       2213   gd_flash.o
      2584        212          0          0        724      14439   hw_init.o
       524         48          0          0          0       4015   i2c.o
       236         26          0          0          0       1127   main.o
       844         22          0          2          0       1999   sensor_control.o
        84         12          0          0          0       1542   shutter.o
       100         24          0          0          0       2202   spi.o
        36          8        456          0     229376        832   startup_stm32f769xx.o
       136         20          0          4          0     842557   stm32f7xx_hal.o
       366         30          0          0          0      36878   stm32f7xx_hal_cortex.o
       988         24          0          0          0       6190   stm32f7xx_hal_dcmi.o
      1912         26          8          0          0       9516   stm32f7xx_hal_dma.o
      4094         42          0          0          0       5061   stm32f7xx_hal_dma_ex.o
       744         78          0          0         28       7584   stm32f7xx_hal_flash.o
       120          6          0          0          0        765   stm32f7xx_hal_flash_ex.o
       556         52          0          0          0       3177   stm32f7xx_hal_gpio.o
      1922         24          0          0          0      14476   stm32f7xx_hal_i2c.o
      3042         44          0          0          0      11505   stm32f7xx_hal_pcd.o
       134          4          0          0          0       3273   stm32f7xx_hal_pcd_ex.o
       144          8          0          0          0       1344   stm32f7xx_hal_pwr_ex.o
      2064         56          0          0          0       5446   stm32f7xx_hal_rcc.o
      2328         26          0          0          0       2328   stm32f7xx_hal_rcc_ex.o
      2402          0          0          0          0       8091   stm32f7xx_hal_spi.o
       770         44          0          0          0       6055   stm32f7xx_hal_tim.o
         4          0          0          0          0       1742   stm32f7xx_hal_tim_ex.o
       682          4          0          0          0       5010   stm32f7xx_hal_uart.o
       130         32          0          0          0       7957   stm32f7xx_it.o
      3142         60          0          0          0      21674   stm32f7xx_ll_usb.o
       100         20         24          4          0       1247   system_stm32f7xx.o
       892         90          0          0          0       4534   uart_app.o
       766         36          0        277          0      18958   usbd_cdc.o
       676         68          0         36      22080       7265   usbd_cdc_interface.o
      1208         36          0          0       1024      17270   usbd_conf.o
       792          0          0          0          0      13489   usbd_core.o
      1584         30          0          1          0      11392   usbd_ctlreq.o
       434        170          0         78        256       7078   usbd_desc.o
       174          0          0          0          0       4944   usbd_ioreq.o
         0          0         20        136        636       3305   varible.o

    ----------------------------------------------------------------------
     40668       1640        556        548     254304    1137036   Object Totals
         0          0         48          0          0          0   (incl. Generated)
        50          0          0          8          4          0   (incl. Padding)

    ----------------------------------------------------------------------

      Code (inc. data)   RO Data    RW Data    ZI Data      Debug   Library Member Name

       638          0          0          0          0       3488   bd.o
       152         16          0          0          0        768   imagecal.o
      2746        146          0         34          0      19468   sensor.o
        86          0          0          0          0          0   __dczerorl2.o
         0          0          0          0          0          0   entry.o
         0          0          0          0          0          0   entry10a.o
         0          0          0          0          0          0   entry11a.o
         8          4          0          0          0          0   entry2.o
         4          0          0          0          0          0   entry5.o
         0          0          0          0          0          0   entry7b.o
         0          0          0          0          0          0   entry8b.o
         8          4          0          0          0          0   entry9a.o
        30          0          0          0          0          0   handlers.o
        36          8          0          0          0         68   init.o
         0          0          0          0          0          0   iusefp.o
        98          0          0          0          0         84   ldiv.o
        30          0          0          0          0         68   llshl.o
        36          0          0          0          0         68   llsshr.o
        32          0          0          0          0         68   llushr.o
       188         20          0          0          0        160   malloc.o
        36          0          0          0          0         68   memcpya.o
        36          0          0          0          0        108   memseta.o
         0          0          0          8          0          0   mvars.o
        98          0          0          0          0         92   uldiv.o
       334          0          0          0          0        148   dadd.o
       222          0          0          0          0        100   ddiv.o
       186          0          0          0          0        176   depilogue.o
        62          0          0          0          0         80   dfixi.o
        50          0          0          0          0         76   dfixui.o
        34          0          0          0          0         76   dflti.o
        40          0          0          0          0         80   dfltl.o
        26          0          0          0          0         76   dfltui.o
       228          0          0          0          0         96   dmul.o

    ----------------------------------------------------------------------
      5452        198          0         44          0      25416   Library Totals
         8          0          0          2          0          0   (incl. Padding)

    ----------------------------------------------------------------------

      Code (inc. data)   RO Data    RW Data    ZI Data      Debug   Library Name

      3536        162          0         34          0      23724   Sensor.lib
       726         36          0          8          0        784   mc_w.l
      1182          0          0          0          0        908   mf_w.l

    ----------------------------------------------------------------------
      5452        198          0         44          0      25416   Library Totals

    ----------------------------------------------------------------------

==============================================================================


      Code (inc. data)   RO Data    RW Data    ZI Data      Debug   

     46120       1838        556        592     254304    1127752   Grand Totals
     46120       1838        556        288     254304    1127752   ELF Image Totals (compressed)
     46120       1838        556        288          0          0   ROM Totals

==============================================================================

    Total RO  Size (Code + RO Data)                46676 (  45.58kB)
    Total RW  Size (RW Data + ZI Data)            254896 ( 248.92kB)
    Total ROM Size (Code + RO Data + RW Data)      46964 (  45.86kB)

==============================================================================

